OpenJDK 64-Bit Server VM (25.272-b10) for linux-amd64 JRE (1.8.0_272-8u272-b10-0ubuntu1~18.04-b10), built on Oct 26 2020 02:23:20 by "buildd" with gcc 7.5.0
Memory: 4k page, physical 8068088k(4668352k free), swap 2097148k(2097148k free)
CommandLine flags: -XX:+ExplicitGCInvokesConcurrent -XX:GCLogFileSize=104857600 -XX:InitialHeapSize=268435456 -XX:InitiatingHeapOccupancyPercent=35 -XX:+ManagementServer -XX:MaxGCPauseMillis=20 -XX:MaxHeapSize=268435456 -XX:NumberOfGCLogFiles=10 -XX:+PrintGC -XX:+PrintGCDateStamps -XX:+PrintGCDetails -XX:+PrintGCTimeStamps -XX:+UseCompressedClassPointers -XX:+UseCompressedOops -XX:+UseG1GC -XX:+UseGCLogFileRotation 
2020-11-05T00:28:07.645-0800: 47.351: [GC pause (G1 Evacuation Pause) (young), 0.0163766 secs]
   [Parallel Time: 11.3 ms, GC Workers: 4]
      [GC Worker Start (ms): Min: 47351.5, Avg: 47351.6, Max: 47351.7, Diff: 0.2]
      [Ext Root Scanning (ms): Min: 0.9, Avg: 1.7, Max: 2.8, Diff: 1.9, Sum: 6.8]
      [Update RS (ms): Min: 0.0, Avg: 0.0, Max: 0.0, Diff: 0.0, Sum: 0.0]
         [Processed Buffers: Min: 0, Avg: 0.0, Max: 0, Diff: 0, Sum: 0]
      [Scan RS (ms): Min: 0.0, Avg: 0.0, Max: 0.0, Diff: 0.0, Sum: 0.0]
      [Code Root Scanning (ms): Min: 0.0, Avg: 0.4, Max: 1.0, Diff: 1.0, Sum: 1.7]
      [Object Copy (ms): Min: 8.1, Avg: 8.7, Max: 9.2, Diff: 1.0, Sum: 34.9]
      [Termination (ms): Min: 0.0, Avg: 0.0, Max: 0.0, Diff: 0.0, Sum: 0.0]
         [Termination Attempts: Min: 1, Avg: 1.2, Max: 2, Diff: 1, Sum: 5]
      [GC Worker Other (ms): Min: 0.0, Avg: 0.1, Max: 0.1, Diff: 0.1, Sum: 0.3]
      [GC Worker Total (ms): Min: 10.9, Avg: 10.9, Max: 11.0, Diff: 0.2, Sum: 43.8]
      [GC Worker End (ms): Min: 47362.6, Avg: 47362.6, Max: 47362.6, Diff: 0.1]
   [Code Root Fixup: 0.0 ms]
   [Code Root Purge: 0.0 ms]
   [Clear CT: 0.3 ms]
   [Other: 4.7 ms]
      [Choose CSet: 0.0 ms]
      [Ref Proc: 4.3 ms]
      [Ref Enq: 0.0 ms]
      [Redirty Cards: 0.1 ms]
      [Humongous Register: 0.0 ms]
      [Humongous Reclaim: 0.0 ms]
      [Free CSet: 0.1 ms]
   [Eden: 12288.0K(12288.0K)->0.0B(10240.0K) Survivors: 0.0B->2048.0K Heap: 12288.0K(256.0M)->2699.0K(256.0M)]
 [Times: user=0.05 sys=0.00, real=0.02 secs] 
2020-11-05T00:28:10.671-0800: 50.378: [GC pause (G1 Evacuation Pause) (young), 0.0207977 secs]
   [Parallel Time: 11.2 ms, GC Workers: 4]
      [GC Worker Start (ms): Min: 50378.1, Avg: 50379.7, Max: 50384.0, Diff: 5.8]
      [Ext Root Scanning (ms): Min: 0.0, Avg: 1.2, Max: 2.5, Diff: 2.5, Sum: 4.6]
      [Update RS (ms): Min: 0.0, Avg: 0.2, Max: 0.6, Diff: 0.6, Sum: 0.9]
         [Processed Buffers: Min: 0, Avg: 1.2, Max: 3, Diff: 3, Sum: 5]
      [Scan RS (ms): Min: 0.0, Avg: 0.0, Max: 0.0, Diff: 0.0, Sum: 0.0]
      [Code Root Scanning (ms): Min: 0.0, Avg: 0.4, Max: 1.5, Diff: 1.5, Sum: 1.5]
      [Object Copy (ms): Min: 3.6, Avg: 6.9, Max: 9.3, Diff: 5.7, Sum: 27.5]
      [Termination (ms): Min: 0.0, Avg: 0.9, Max: 1.7, Diff: 1.7, Sum: 3.5]
         [Termination Attempts: Min: 1, Avg: 2.5, Max: 5, Diff: 4, Sum: 10]
      [GC Worker Other (ms): Min: 0.0, Avg: 0.0, Max: 0.0, Diff: 0.0, Sum: 0.1]
      [GC Worker Total (ms): Min: 5.3, Avg: 9.5, Max: 11.1, Diff: 5.8, Sum: 38.1]
      [GC Worker End (ms): Min: 50389.2, Avg: 50389.2, Max: 50389.3, Diff: 0.1]
   [Code Root Fixup: 0.0 ms]
   [Code Root Purge: 0.0 ms]
   [Clear CT: 0.1 ms]
   [Other: 9.4 ms]
      [Choose CSet: 0.0 ms]
      [Ref Proc: 9.0 ms]
      [Ref Enq: 0.0 ms]
      [Redirty Cards: 0.1 ms]
      [Humongous Register: 0.0 ms]
      [Humongous Reclaim: 0.0 ms]
      [Free CSet: 0.1 ms]
   [Eden: 10240.0K(10240.0K)->0.0B(10240.0K) Survivors: 2048.0K->2048.0K Heap: 12939.0K(256.0M)->6226.5K(256.0M)]
 [Times: user=0.02 sys=0.01, real=0.04 secs] 
2020-11-05T00:28:12.311-0800: 52.018: [GC pause (G1 Evacuation Pause) (young), 0.0132183 secs]
   [Parallel Time: 5.8 ms, GC Workers: 4]
      [GC Worker Start (ms): Min: 52019.9, Avg: 52022.8, Max: 52023.8, Diff: 3.9]
      [Ext Root Scanning (ms): Min: 0.0, Avg: 0.4, Max: 1.4, Diff: 1.4, Sum: 1.4]
      [Update RS (ms): Min: 0.0, Avg: 0.3, Max: 1.2, Diff: 1.2, Sum: 1.2]
         [Processed Buffers: Min: 0, Avg: 3.0, Max: 12, Diff: 12, Sum: 12]
      [Scan RS (ms): Min: 0.0, Avg: 0.0, Max: 0.1, Diff: 0.1, Sum: 0.1]
      [Code Root Scanning (ms): Min: 0.0, Avg: 0.0, Max: 0.1, Diff: 0.1, Sum: 0.1]
      [Object Copy (ms): Min: 0.0, Avg: 0.1, Max: 0.6, Diff: 0.6, Sum: 0.6]
      [Termination (ms): Min: 0.0, Avg: 0.2, Max: 0.7, Diff: 0.7, Sum: 0.7]
         [Termination Attempts: Min: 1, Avg: 1.0, Max: 1, Diff: 0, Sum: 4]
      [GC Worker Other (ms): Min: 0.0, Avg: 0.0, Max: 0.0, Diff: 0.0, Sum: 0.0]
      [GC Worker Total (ms): Min: 0.0, Avg: 1.0, Max: 4.0, Diff: 4.0, Sum: 4.0]
      [GC Worker End (ms): Min: 52023.8, Avg: 52023.8, Max: 52023.9, Diff: 0.0]
   [Code Root Fixup: 0.0 ms]
   [Code Root Purge: 0.0 ms]
   [Clear CT: 0.1 ms]
   [Other: 7.3 ms]
      [Choose CSet: 0.0 ms]
      [Ref Proc: 7.1 ms]
      [Ref Enq: 0.0 ms]
      [Redirty Cards: 0.0 ms]
      [Humongous Register: 0.0 ms]
      [Humongous Reclaim: 0.0 ms]
      [Free CSet: 0.0 ms]
   [Eden: 10240.0K(10240.0K)->0.0B(10240.0K) Survivors: 2048.0K->2048.0K Heap: 16466.5K(256.0M)->5901.2K(256.0M)]
 [Times: user=0.01 sys=0.00, real=0.07 secs] 
2020-11-05T00:28:16.379-0800: 56.085: [GC pause (G1 Evacuation Pause) (young), 0.0032052 secs]
   [Parallel Time: 1.9 ms, GC Workers: 4]
      [GC Worker Start (ms): Min: 56085.5, Avg: 56085.9, Max: 56087.0, Diff: 1.5]
      [Ext Root Scanning (ms): Min: 0.0, Avg: 0.2, Max: 0.4, Diff: 0.4, Sum: 1.0]
      [Update RS (ms): Min: 0.0, Avg: 0.0, Max: 0.1, Diff: 0.1, Sum: 0.2]
         [Processed Buffers: Min: 0, Avg: 1.0, Max: 3, Diff: 3, Sum: 4]
      [Scan RS (ms): Min: 0.0, Avg: 0.0, Max: 0.0, Diff: 0.0, Sum: 0.0]
      [Code Root Scanning (ms): Min: 0.0, Avg: 0.0, Max: 0.1, Diff: 0.1, Sum: 0.1]
      [Object Copy (ms): Min: 0.0, Avg: 0.4, Max: 0.5, Diff: 0.5, Sum: 1.4]
      [Termination (ms): Min: 0.0, Avg: 0.6, Max: 1.0, Diff: 1.0, Sum: 2.5]
         [Termination Attempts: Min: 1, Avg: 1.0, Max: 1, Diff: 0, Sum: 4]
      [GC Worker Other (ms): Min: 0.0, Avg: 0.0, Max: 0.0, Diff: 0.0, Sum: 0.0]
      [GC Worker Total (ms): Min: 0.0, Avg: 1.3, Max: 1.8, Diff: 1.8, Sum: 5.2]
      [GC Worker End (ms): Min: 56087.1, Avg: 56087.2, Max: 56087.4, Diff: 0.3]
   [Code Root Fixup: 0.0 ms]
   [Code Root Purge: 0.0 ms]
   [Clear CT: 0.1 ms]
   [Other: 1.2 ms]
      [Choose CSet: 0.0 ms]
      [Ref Proc: 1.1 ms]
      [Ref Enq: 0.0 ms]
      [Redirty Cards: 0.0 ms]
      [Humongous Register: 0.0 ms]
      [Humongous Reclaim: 0.0 ms]
      [Free CSet: 0.0 ms]
   [Eden: 10240.0K(10240.0K)->0.0B(10240.0K) Survivors: 2048.0K->2048.0K Heap: 16141.2K(256.0M)->6515.0K(256.0M)]
 [Times: user=0.01 sys=0.00, real=0.03 secs] 
2020-11-05T00:28:22.059-0800: 61.766: [GC pause (G1 Evacuation Pause) (young), 0.0282318 secs]
   [Parallel Time: 15.9 ms, GC Workers: 4]
      [GC Worker Start (ms): Min: 61766.1, Avg: 61768.5, Max: 61774.6, Diff: 8.5]
      [Ext Root Scanning (ms): Min: 0.0, Avg: 2.4, Max: 4.7, Diff: 4.7, Sum: 9.6]
      [Update RS (ms): Min: 0.0, Avg: 0.2, Max: 0.6, Diff: 0.6, Sum: 0.9]
         [Processed Buffers: Min: 0, Avg: 2.5, Max: 6, Diff: 6, Sum: 10]
      [Scan RS (ms): Min: 0.0, Avg: 0.0, Max: 0.0, Diff: 0.0, Sum: 0.0]
      [Code Root Scanning (ms): Min: 0.0, Avg: 0.1, Max: 0.2, Diff: 0.2, Sum: 0.2]
      [Object Copy (ms): Min: 0.0, Avg: 6.2, Max: 10.9, Diff: 10.9, Sum: 24.7]
      [Termination (ms): Min: 0.0, Avg: 4.5, Max: 8.2, Diff: 8.2, Sum: 18.1]
         [Termination Attempts: Min: 1, Avg: 1.0, Max: 1, Diff: 0, Sum: 4]
      [GC Worker Other (ms): Min: 0.0, Avg: 0.0, Max: 0.0, Diff: 0.0, Sum: 0.1]
      [GC Worker Total (ms): Min: 7.3, Avg: 13.4, Max: 15.7, Diff: 8.3, Sum: 53.6]
      [GC Worker End (ms): Min: 61781.8, Avg: 61781.9, Max: 61781.9, Diff: 0.2]
   [Code Root Fixup: 0.0 ms]
   [Code Root Purge: 0.0 ms]
   [Clear CT: 0.2 ms]
   [Other: 12.1 ms]
      [Choose CSet: 0.0 ms]
      [Ref Proc: 11.7 ms]
      [Ref Enq: 0.0 ms]
      [Redirty Cards: 0.1 ms]
      [Humongous Register: 0.0 ms]
      [Humongous Reclaim: 0.0 ms]
      [Free CSet: 0.0 ms]
   [Eden: 10240.0K(10240.0K)->0.0B(10240.0K) Survivors: 2048.0K->2048.0K Heap: 16755.0K(256.0M)->7384.0K(256.0M)]
 [Times: user=0.03 sys=0.00, real=0.08 secs] 
2020-11-05T00:28:24.043-0800: 63.749: [GC pause (G1 Evacuation Pause) (young), 0.0092000 secs]
   [Parallel Time: 5.8 ms, GC Workers: 4]
      [GC Worker Start (ms): Min: 63749.4, Avg: 63749.4, Max: 63749.5, Diff: 0.1]
      [Ext Root Scanning (ms): Min: 0.7, Avg: 0.9, Max: 1.7, Diff: 1.0, Sum: 3.8]
      [Update RS (ms): Min: 0.0, Avg: 0.4, Max: 0.6, Diff: 0.6, Sum: 1.4]
         [Processed Buffers: Min: 0, Avg: 1.8, Max: 4, Diff: 4, Sum: 7]
      [Scan RS (ms): Min: 0.0, Avg: 0.0, Max: 0.0, Diff: 0.0, Sum: 0.0]
      [Code Root Scanning (ms): Min: 0.0, Avg: 0.1, Max: 0.3, Diff: 0.3, Sum: 0.3]
      [Object Copy (ms): Min: 3.0, Avg: 3.5, Max: 4.0, Diff: 0.9, Sum: 14.0]
      [Termination (ms): Min: 0.0, Avg: 0.6, Max: 0.9, Diff: 0.9, Sum: 2.4]
         [Termination Attempts: Min: 1, Avg: 1.0, Max: 1, Diff: 0, Sum: 4]
      [GC Worker Other (ms): Min: 0.0, Avg: 0.0, Max: 0.0, Diff: 0.0, Sum: 0.1]
      [GC Worker Total (ms): Min: 5.3, Avg: 5.5, Max: 5.7, Diff: 0.4, Sum: 21.9]
      [GC Worker End (ms): Min: 63754.8, Avg: 63754.9, Max: 63755.1, Diff: 0.3]
   [Code Root Fixup: 0.0 ms]
   [Code Root Purge: 0.0 ms]
   [Clear CT: 0.3 ms]
   [Other: 3.1 ms]
      [Choose CSet: 0.0 ms]
      [Ref Proc: 2.8 ms]
      [Ref Enq: 0.0 ms]
      [Redirty Cards: 0.1 ms]
      [Humongous Register: 0.0 ms]
      [Humongous Reclaim: 0.0 ms]
      [Free CSet: 0.0 ms]
   [Eden: 10240.0K(10240.0K)->0.0B(10240.0K) Survivors: 2048.0K->2048.0K Heap: 17624.0K(256.0M)->8859.5K(256.0M)]
 [Times: user=0.02 sys=0.00, real=0.02 secs] 
2020-11-05T00:28:25.250-0800: 64.957: [GC pause (G1 Evacuation Pause) (young), 0.0186580 secs]
   [Parallel Time: 14.6 ms, GC Workers: 4]
      [GC Worker Start (ms): Min: 64956.9, Avg: 64961.0, Max: 64965.0, Diff: 8.0]
      [Ext Root Scanning (ms): Min: 0.0, Avg: 1.1, Max: 2.3, Diff: 2.3, Sum: 4.4]
      [Update RS (ms): Min: 0.0, Avg: 0.4, Max: 0.8, Diff: 0.8, Sum: 1.5]
         [Processed Buffers: Min: 0, Avg: 2.0, Max: 5, Diff: 5, Sum: 8]
      [Scan RS (ms): Min: 0.0, Avg: 0.0, Max: 0.0, Diff: 0.0, Sum: 0.0]
      [Code Root Scanning (ms): Min: 0.0, Avg: 0.1, Max: 0.4, Diff: 0.4, Sum: 0.5]
      [Object Copy (ms): Min: 2.6, Avg: 5.6, Max: 9.6, Diff: 7.1, Sum: 22.5]
      [Termination (ms): Min: 0.0, Avg: 2.4, Max: 3.7, Diff: 3.7, Sum: 9.8]
         [Termination Attempts: Min: 1, Avg: 1.0, Max: 1, Diff: 0, Sum: 4]
      [GC Worker Other (ms): Min: 0.0, Avg: 0.0, Max: 0.0, Diff: 0.0, Sum: 0.1]
      [GC Worker Total (ms): Min: 5.2, Avg: 9.7, Max: 14.2, Diff: 9.0, Sum: 38.8]
      [GC Worker End (ms): Min: 64970.1, Avg: 64970.6, Max: 64971.2, Diff: 1.2]
   [Code Root Fixup: 0.0 ms]
   [Code Root Purge: 0.0 ms]
   [Clear CT: 0.2 ms]
   [Other: 3.8 ms]
      [Choose CSet: 0.0 ms]
      [Ref Proc: 3.5 ms]
      [Ref Enq: 0.0 ms]
      [Redirty Cards: 0.1 ms]
      [Humongous Register: 0.0 ms]
      [Humongous Reclaim: 0.0 ms]
      [Free CSet: 0.0 ms]
   [Eden: 10240.0K(10240.0K)->0.0B(11264.0K) Survivors: 2048.0K->2048.0K Heap: 19099.5K(256.0M)->11800.5K(256.0M)]
 [Times: user=0.02 sys=0.00, real=0.03 secs] 
2020-11-05T00:28:32.752-0800: 72.459: [GC pause (G1 Evacuation Pause) (young), 0.0141162 secs]
   [Parallel Time: 6.5 ms, GC Workers: 4]
      [GC Worker Start (ms): Min: 72459.0, Avg: 72459.0, Max: 72459.0, Diff: 0.1]
      [Ext Root Scanning (ms): Min: 1.5, Avg: 1.8, Max: 2.2, Diff: 0.8, Sum: 7.2]
      [Update RS (ms): Min: 0.5, Avg: 1.2, Max: 1.5, Diff: 1.0, Sum: 4.9]
         [Processed Buffers: Min: 1, Avg: 3.0, Max: 6, Diff: 5, Sum: 12]
      [Scan RS (ms): Min: 0.0, Avg: 0.0, Max: 0.0, Diff: 0.0, Sum: 0.0]
      [Code Root Scanning (ms): Min: 0.0, Avg: 0.2, Max: 0.5, Diff: 0.5, Sum: 0.6]
      [Object Copy (ms): Min: 2.9, Avg: 3.1, Max: 3.4, Diff: 0.5, Sum: 12.4]
      [Termination (ms): Min: 0.0, Avg: 0.0, Max: 0.0, Diff: 0.0, Sum: 0.0]
         [Termination Attempts: Min: 1, Avg: 2.5, Max: 5, Diff: 4, Sum: 10]
      [GC Worker Other (ms): Min: 0.0, Avg: 0.0, Max: 0.0, Diff: 0.0, Sum: 0.1]
      [GC Worker Total (ms): Min: 6.3, Avg: 6.3, Max: 6.4, Diff: 0.1, Sum: 25.3]
      [GC Worker End (ms): Min: 72465.3, Avg: 72465.3, Max: 72465.3, Diff: 0.0]
   [Code Root Fixup: 0.0 ms]
   [Code Root Purge: 0.0 ms]
   [Clear CT: 0.2 ms]
   [Other: 7.4 ms]
      [Choose CSet: 0.0 ms]
      [Ref Proc: 6.9 ms]
      [Ref Enq: 0.0 ms]
      [Redirty Cards: 0.2 ms]
      [Humongous Register: 0.0 ms]
      [Humongous Reclaim: 0.0 ms]
      [Free CSet: 0.0 ms]
   [Eden: 11264.0K(11264.0K)->0.0B(15360.0K) Survivors: 2048.0K->2048.0K Heap: 23064.5K(256.0M)->13010.0K(256.0M)]
 [Times: user=0.03 sys=0.01, real=0.02 secs] 
2020-11-05T00:28:36.411-0800: 76.117: [GC pause (Metadata GC Threshold) (young) (initial-mark), 0.0132581 secs]
   [Parallel Time: 9.7 ms, GC Workers: 4]
      [GC Worker Start (ms): Min: 76117.6, Avg: 76121.4, Max: 76122.7, Diff: 5.1]
      [Ext Root Scanning (ms): Min: 0.1, Avg: 1.3, Max: 4.8, Diff: 4.7, Sum: 5.0]
      [Update RS (ms): Min: 0.7, Avg: 0.9, Max: 1.4, Diff: 0.7, Sum: 3.5]
         [Processed Buffers: Min: 1, Avg: 2.5, Max: 5, Diff: 4, Sum: 10]
      [Scan RS (ms): Min: 0.0, Avg: 0.0, Max: 0.0, Diff: 0.0, Sum: 0.0]
      [Code Root Scanning (ms): Min: 0.0, Avg: 0.2, Max: 0.4, Diff: 0.4, Sum: 0.7]
      [Object Copy (ms): Min: 3.0, Avg: 3.4, Max: 4.1, Diff: 1.1, Sum: 13.7]
      [Termination (ms): Min: 0.0, Avg: 0.0, Max: 0.0, Diff: 0.0, Sum: 0.1]
         [Termination Attempts: Min: 1, Avg: 7.0, Max: 11, Diff: 10, Sum: 28]
      [GC Worker Other (ms): Min: 0.0, Avg: 0.0, Max: 0.0, Diff: 0.0, Sum: 0.1]
      [GC Worker Total (ms): Min: 4.5, Avg: 5.8, Max: 9.5, Diff: 5.1, Sum: 23.1]
      [GC Worker End (ms): Min: 76127.2, Avg: 76127.2, Max: 76127.2, Diff: 0.0]
   [Code Root Fixup: 0.0 ms]
   [Code Root Purge: 0.0 ms]
   [Clear CT: 0.1 ms]
   [Other: 3.4 ms]
      [Choose CSet: 0.0 ms]
      [Ref Proc: 3.0 ms]
      [Ref Enq: 0.0 ms]
      [Redirty Cards: 0.1 ms]
      [Humongous Register: 0.0 ms]
      [Humongous Reclaim: 0.0 ms]
      [Free CSet: 0.0 ms]
   [Eden: 3072.0K(15360.0K)->0.0B(21504.0K) Survivors: 2048.0K->2048.0K Heap: 15182.7K(256.0M)->12974.1K(256.0M)]
 [Times: user=0.02 sys=0.00, real=0.02 secs] 
2020-11-05T00:28:36.441-0800: 76.148: [GC concurrent-root-region-scan-start]
2020-11-05T00:28:36.446-0800: 76.152: [GC concurrent-root-region-scan-end, 0.0047279 secs]
2020-11-05T00:28:36.446-0800: 76.152: [GC concurrent-mark-start]
2020-11-05T00:28:36.463-0800: 76.170: [GC concurrent-mark-end, 0.0172497 secs]
2020-11-05T00:28:36.464-0800: 76.171: [GC remark 2020-11-05T00:28:36.472-0800: 76.179: [Finalize Marking, 0.0024989 secs] 2020-11-05T00:28:36.482-0800: 76.189: [GC ref-proc, 0.0014011 secs] 2020-11-05T00:28:36.499-0800: 76.205: [Unloading, 0.0067446 secs], 0.0608306 secs]
 [Times: user=0.02 sys=0.00, real=0.06 secs] 
2020-11-05T00:28:36.533-0800: 76.240: [GC cleanup 13393K->7551K(256M), 0.0108004 secs]
 [Times: user=0.01 sys=0.00, real=0.02 secs] 
2020-11-05T00:28:36.562-0800: 76.268: [GC concurrent-cleanup-start]
2020-11-05T00:28:36.562-0800: 76.269: [GC concurrent-cleanup-end, 0.0000540 secs]
2020-11-05T00:28:56.122-0800: 95.828: [GC pause (G1 Evacuation Pause) (young), 0.0067696 secs]
   [Parallel Time: 5.5 ms, GC Workers: 4]
      [GC Worker Start (ms): Min: 95828.6, Avg: 95828.6, Max: 95828.6, Diff: 0.1]
      [Ext Root Scanning (ms): Min: 0.7, Avg: 1.2, Max: 2.3, Diff: 1.6, Sum: 4.7]
      [Update RS (ms): Min: 0.0, Avg: 0.8, Max: 1.3, Diff: 1.3, Sum: 3.1]
         [Processed Buffers: Min: 0, Avg: 2.2, Max: 5, Diff: 5, Sum: 9]
      [Scan RS (ms): Min: 0.0, Avg: 0.0, Max: 0.1, Diff: 0.0, Sum: 0.1]
      [Code Root Scanning (ms): Min: 0.0, Avg: 0.2, Max: 0.8, Diff: 0.8, Sum: 0.8]
      [Object Copy (ms): Min: 2.7, Avg: 3.2, Max: 3.5, Diff: 0.7, Sum: 12.6]
      [Termination (ms): Min: 0.0, Avg: 0.0, Max: 0.0, Diff: 0.0, Sum: 0.0]
         [Termination Attempts: Min: 1, Avg: 1.0, Max: 1, Diff: 0, Sum: 4]
      [GC Worker Other (ms): Min: 0.0, Avg: 0.0, Max: 0.0, Diff: 0.0, Sum: 0.1]
      [GC Worker Total (ms): Min: 5.3, Avg: 5.4, Max: 5.4, Diff: 0.1, Sum: 21.4]
      [GC Worker End (ms): Min: 95834.0, Avg: 95834.0, Max: 95834.0, Diff: 0.0]
   [Code Root Fixup: 0.0 ms]
   [Code Root Purge: 0.0 ms]
   [Clear CT: 0.2 ms]
   [Other: 1.1 ms]
      [Choose CSet: 0.0 ms]
      [Ref Proc: 0.4 ms]
      [Ref Enq: 0.0 ms]
      [Redirty Cards: 0.4 ms]
      [Humongous Register: 0.0 ms]
      [Humongous Reclaim: 0.0 ms]
      [Free CSet: 0.0 ms]
   [Eden: 21504.0K(21504.0K)->0.0B(60416.0K) Survivors: 2048.0K->2048.0K Heap: 28636.1K(256.0M)->7070.2K(256.0M)]
 [Times: user=0.02 sys=0.00, real=0.01 secs] 
2020-11-05T00:29:14.435-0800: 114.142: [GC pause (G1 Humongous Allocation) (young) (initial-mark), 0.0094614 secs]
   [Parallel Time: 8.2 ms, GC Workers: 4]
      [GC Worker Start (ms): Min: 114142.3, Avg: 114142.3, Max: 114142.4, Diff: 0.1]
      [Ext Root Scanning (ms): Min: 2.0, Avg: 3.4, Max: 4.9, Diff: 2.9, Sum: 13.6]
      [Update RS (ms): Min: 0.0, Avg: 0.6, Max: 1.2, Diff: 1.2, Sum: 2.3]
         [Processed Buffers: Min: 0, Avg: 2.2, Max: 8, Diff: 8, Sum: 9]
      [Scan RS (ms): Min: 0.0, Avg: 0.0, Max: 0.0, Diff: 0.0, Sum: 0.0]
      [Code Root Scanning (ms): Min: 0.0, Avg: 0.3, Max: 0.7, Diff: 0.7, Sum: 1.1]
      [Object Copy (ms): Min: 3.0, Avg: 3.7, Max: 4.3, Diff: 1.3, Sum: 14.7]
      [Termination (ms): Min: 0.0, Avg: 0.0, Max: 0.0, Diff: 0.0, Sum: 0.0]
         [Termination Attempts: Min: 1, Avg: 5.2, Max: 11, Diff: 10, Sum: 21]
      [GC Worker Other (ms): Min: 0.0, Avg: 0.0, Max: 0.0, Diff: 0.0, Sum: 0.1]
      [GC Worker Total (ms): Min: 7.9, Avg: 8.0, Max: 8.0, Diff: 0.1, Sum: 31.9]
      [GC Worker End (ms): Min: 114150.3, Avg: 114150.3, Max: 114150.3, Diff: 0.0]
   [Code Root Fixup: 0.0 ms]
   [Code Root Purge: 0.0 ms]
   [Clear CT: 0.2 ms]
   [Other: 1.1 ms]
      [Choose CSet: 0.0 ms]
      [Ref Proc: 0.6 ms]
      [Ref Enq: 0.0 ms]
      [Redirty Cards: 0.2 ms]
      [Humongous Register: 0.0 ms]
      [Humongous Reclaim: 0.0 ms]
      [Free CSet: 0.0 ms]
   [Eden: 24576.0K(60416.0K)->0.0B(151.0M) Survivors: 2048.0K->2048.0K Heap: 31136.2K(256.0M)->7054.7K(256.0M)]
 [Times: user=0.03 sys=0.00, real=0.03 secs] 
2020-11-05T00:29:14.472-0800: 114.178: [GC concurrent-root-region-scan-start]
2020-11-05T00:29:14.480-0800: 114.187: [GC concurrent-root-region-scan-end, 0.0084990 secs]
2020-11-05T00:29:14.480-0800: 114.187: [GC concurrent-mark-start]
2020-11-05T00:29:14.495-0800: 114.202: [GC concurrent-mark-end, 0.0151969 secs]
2020-11-05T00:29:14.559-0800: 114.266: [GC remark 2020-11-05T00:29:14.559-0800: 114.266: [Finalize Marking, 0.0008251 secs] 2020-11-05T00:29:14.560-0800: 114.267: [GC ref-proc, 0.0003016 secs] 2020-11-05T00:29:14.571-0800: 114.278: [Unloading, 0.0026651 secs], 0.0476371 secs]
 [Times: user=0.01 sys=0.00, real=0.05 secs] 
2020-11-05T00:29:14.607-0800: 114.314: [GC cleanup 135M->135M(256M), 0.0105198 secs]
 [Times: user=0.00 sys=0.00, real=0.06 secs] 
2020-11-05T00:32:56.722-0800: 336.429: [GC pause (G1 Evacuation Pause) (young) (to-space exhausted), 0.2464164 secs]
   [Parallel Time: 106.3 ms, GC Workers: 4]
      [GC Worker Start (ms): Min: 336428.8, Avg: 336428.8, Max: 336429.0, Diff: 0.2]
      [Ext Root Scanning (ms): Min: 1.3, Avg: 59.0, Max: 94.3, Diff: 92.9, Sum: 236.1]
      [Update RS (ms): Min: 0.0, Avg: 0.4, Max: 0.9, Diff: 0.9, Sum: 1.6]
         [Processed Buffers: Min: 0, Avg: 6.0, Max: 22, Diff: 22, Sum: 24]
      [Scan RS (ms): Min: 0.0, Avg: 0.4, Max: 1.4, Diff: 1.4, Sum: 1.6]
      [Code Root Scanning (ms): Min: 0.0, Avg: 2.5, Max: 8.5, Diff: 8.5, Sum: 10.1]
      [Object Copy (ms): Min: 0.0, Avg: 26.9, Max: 85.0, Diff: 85.0, Sum: 107.7]
      [Termination (ms): Min: 0.0, Avg: 8.1, Max: 12.7, Diff: 12.7, Sum: 32.3]
         [Termination Attempts: Min: 1, Avg: 1.0, Max: 1, Diff: 0, Sum: 4]
      [GC Worker Other (ms): Min: 0.0, Avg: 0.0, Max: 0.0, Diff: 0.0, Sum: 0.0]
      [GC Worker Total (ms): Min: 95.7, Avg: 97.4, Max: 99.1, Diff: 3.3, Sum: 389.4]
      [GC Worker End (ms): Min: 336524.5, Avg: 336526.2, Max: 336527.9, Diff: 3.3]
   [Code Root Fixup: 0.1 ms]
   [Code Root Purge: 0.0 ms]
   [Clear CT: 3.6 ms]
   [Other: 136.5 ms]
      [Evacuation Failure: 128.1 ms]
      [Choose CSet: 0.0 ms]
      [Ref Proc: 4.1 ms]
      [Ref Enq: 0.0 ms]
      [Redirty Cards: 4.0 ms]
      [Humongous Register: 0.0 ms]
      [Humongous Reclaim: 0.0 ms]
      [Free CSet: 0.1 ms]
   [Eden: 120.0M(151.0M)->0.0B(12288.0K) Survivors: 2048.0K->0.0B Heap: 254.9M(256.0M)->253.9M(256.0M)]
 [Times: user=0.28 sys=0.00, real=0.28 secs] 
2020-11-05T00:32:57.899-0800: 337.606: [GC pause (G1 Evacuation Pause) (young) (to-space exhausted), 0.0221548 secs]
   [Parallel Time: 16.2 ms, GC Workers: 4]
      [GC Worker Start (ms): Min: 337606.3, Avg: 337612.5, Max: 337614.6, Diff: 8.2]
      [Ext Root Scanning (ms): Min: 0.0, Avg: 0.3, Max: 1.3, Diff: 1.3, Sum: 1.3]
      [Update RS (ms): Min: 0.0, Avg: 1.1, Max: 4.5, Diff: 4.5, Sum: 4.5]
         [Processed Buffers: Min: 0, Avg: 10.0, Max: 40, Diff: 40, Sum: 40]
      [Scan RS (ms): Min: 0.0, Avg: 0.1, Max: 0.2, Diff: 0.2, Sum: 0.2]
      [Code Root Scanning (ms): Min: 0.0, Avg: 0.0, Max: 0.0, Diff: 0.0, Sum: 0.0]
      [Object Copy (ms): Min: 0.0, Avg: 0.5, Max: 2.0, Diff: 2.0, Sum: 2.0]
      [Termination (ms): Min: 0.0, Avg: 2.0, Max: 8.0, Diff: 8.0, Sum: 8.0]
         [Termination Attempts: Min: 1, Avg: 1.0, Max: 1, Diff: 0, Sum: 4]
      [GC Worker Other (ms): Min: 0.0, Avg: 0.0, Max: 0.0, Diff: 0.0, Sum: 0.0]
      [GC Worker Total (ms): Min: 0.0, Avg: 4.0, Max: 16.1, Diff: 16.1, Sum: 16.2]
      [GC Worker End (ms): Min: 337614.6, Avg: 337616.6, Max: 337622.5, Diff: 7.9]
   [Code Root Fixup: 0.0 ms]
   [Code Root Purge: 0.0 ms]
   [Clear CT: 1.8 ms]
   [Other: 4.2 ms]
      [Evacuation Failure: 2.3 ms]
      [Choose CSet: 0.0 ms]
      [Ref Proc: 1.3 ms]
      [Ref Enq: 0.0 ms]
      [Redirty Cards: 0.1 ms]
      [Humongous Register: 0.0 ms]
      [Humongous Reclaim: 0.0 ms]
      [Free CSet: 0.0 ms]
   [Eden: 1024.0K(12288.0K)->0.0B(12288.0K) Survivors: 0.0B->0.0B Heap: 254.9M(256.0M)->254.9M(256.0M)]
 [Times: user=0.01 sys=0.00, real=0.07 secs] 
2020-11-05T00:32:57.972-0800: 337.679: [GC pause (G1 Evacuation Pause) (young) (initial-mark), 0.0048487 secs]
   [Parallel Time: 2.9 ms, GC Workers: 4]
      [GC Worker Start (ms): Min: 337679.1, Avg: 337679.4, Max: 337680.0, Diff: 0.8]
      [Ext Root Scanning (ms): Min: 0.8, Avg: 1.0, Max: 1.5, Diff: 0.7, Sum: 4.0]
      [Update RS (ms): Min: 0.0, Avg: 0.5, Max: 0.7, Diff: 0.7, Sum: 1.9]
         [Processed Buffers: Min: 0, Avg: 3.5, Max: 7, Diff: 7, Sum: 14]
      [Scan RS (ms): Min: 0.0, Avg: 0.0, Max: 0.0, Diff: 0.0, Sum: 0.0]
      [Code Root Scanning (ms): Min: 0.0, Avg: 0.0, Max: 0.0, Diff: 0.0, Sum: 0.0]
      [Object Copy (ms): Min: 0.0, Avg: 0.0, Max: 0.1, Diff: 0.1, Sum: 0.2]
      [Termination (ms): Min: 0.0, Avg: 0.7, Max: 1.1, Diff: 1.1, Sum: 2.8]
         [Termination Attempts: Min: 1, Avg: 1.0, Max: 1, Diff: 0, Sum: 4]
      [GC Worker Other (ms): Min: 0.0, Avg: 0.0, Max: 0.0, Diff: 0.0, Sum: 0.0]
      [GC Worker Total (ms): Min: 1.5, Avg: 2.2, Max: 2.6, Diff: 1.1, Sum: 8.8]
      [GC Worker End (ms): Min: 337681.4, Avg: 337681.6, Max: 337681.9, Diff: 0.5]
   [Code Root Fixup: 0.0 ms]
   [Code Root Purge: 0.0 ms]
   [Clear CT: 0.0 ms]
   [Other: 1.9 ms]
      [Choose CSet: 0.0 ms]
      [Ref Proc: 1.8 ms]
      [Ref Enq: 0.0 ms]
      [Redirty Cards: 0.0 ms]
      [Humongous Register: 0.0 ms]
      [Humongous Reclaim: 0.0 ms]
      [Free CSet: 0.0 ms]
   [Eden: 0.0B(12288.0K)->0.0B(12288.0K) Survivors: 0.0B->0.0B Heap: 254.9M(256.0M)->254.9M(256.0M)]
 [Times: user=0.01 sys=0.00, real=0.07 secs] 
2020-11-05T00:32:58.137-0800: 337.843: [GC concurrent-root-region-scan-start]
2020-11-05T00:32:58.137-0800: 337.843: [GC concurrent-root-region-scan-end, 0.0000476 secs]
2020-11-05T00:32:58.137-0800: 337.843: [GC concurrent-mark-start]
2020-11-05T00:32:58.139-0800: 337.845: [Full GC (Allocation Failure)  254M->141M(256M), 0.1076950 secs]
   [Eden: 0.0B(12288.0K)->0.0B(88064.0K) Survivors: 0.0B->0.0B Heap: 254.9M(256.0M)->141.9M(256.0M)], [Metaspace: 29402K->29374K(1075200K)]
 [Times: user=0.08 sys=0.00, real=0.15 secs] 
2020-11-05T00:32:58.288-0800: 337.994: [GC concurrent-mark-abort]
2020-11-05T00:33:18.312-0800: 358.019: [GC pause (G1 Evacuation Pause) (young), 0.0227155 secs]
   [Parallel Time: 19.9 ms, GC Workers: 4]
      [GC Worker Start (ms): Min: 358018.8, Avg: 358018.9, Max: 358019.2, Diff: 0.4]
      [Ext Root Scanning (ms): Min: 0.7, Avg: 0.8, Max: 1.0, Diff: 0.4, Sum: 3.2]
      [Update RS (ms): Min: 4.6, Avg: 4.9, Max: 5.3, Diff: 0.8, Sum: 19.6]
         [Processed Buffers: Min: 4, Avg: 11.5, Max: 18, Diff: 14, Sum: 46]
      [Scan RS (ms): Min: 0.0, Avg: 0.3, Max: 0.5, Diff: 0.5, Sum: 1.1]
      [Code Root Scanning (ms): Min: 0.0, Avg: 0.2, Max: 0.7, Diff: 0.7, Sum: 0.7]
      [Object Copy (ms): Min: 9.4, Avg: 10.0, Max: 10.7, Diff: 1.3, Sum: 40.1]
      [Termination (ms): Min: 0.0, Avg: 1.2, Max: 1.7, Diff: 1.7, Sum: 4.7]
         [Termination Attempts: Min: 1, Avg: 1.0, Max: 1, Diff: 0, Sum: 4]
      [GC Worker Other (ms): Min: 0.0, Avg: 0.0, Max: 0.0, Diff: 0.0, Sum: 0.1]
      [GC Worker Total (ms): Min: 17.1, Avg: 17.4, Max: 17.7, Diff: 0.6, Sum: 69.4]
      [GC Worker End (ms): Min: 358035.9, Avg: 358036.3, Max: 358036.5, Diff: 0.6]
   [Code Root Fixup: 0.0 ms]
   [Code Root Purge: 0.0 ms]
   [Clear CT: 0.5 ms]
   [Other: 2.3 ms]
      [Choose CSet: 0.0 ms]
      [Ref Proc: 1.8 ms]
      [Ref Enq: 0.0 ms]
      [Redirty Cards: 0.2 ms]
      [Humongous Register: 0.0 ms]
      [Humongous Reclaim: 0.0 ms]
      [Free CSet: 0.0 ms]
   [Eden: 20480.0K(12288.0K)->0.0B(10240.0K) Survivors: 0.0B->2048.0K Heap: 161.9M(256.0M)->143.5M(256.0M)]
 [Times: user=0.04 sys=0.01, real=0.02 secs] 
2020-11-05T00:33:33.893-0800: 373.600: [GC pause (G1 Evacuation Pause) (young) (initial-mark), 0.0142728 secs]
   [Parallel Time: 11.4 ms, GC Workers: 4]
      [GC Worker Start (ms): Min: 373599.9, Avg: 373600.1, Max: 373600.7, Diff: 0.8]
      [Ext Root Scanning (ms): Min: 0.8, Avg: 3.6, Max: 6.7, Diff: 5.9, Sum: 14.3]
      [Update RS (ms): Min: 0.0, Avg: 1.5, Max: 3.1, Diff: 3.1, Sum: 6.0]
         [Processed Buffers: Min: 0, Avg: 12.0, Max: 26, Diff: 26, Sum: 48]
      [Scan RS (ms): Min: 0.0, Avg: 0.5, Max: 1.2, Diff: 1.2, Sum: 2.1]
      [Code Root Scanning (ms): Min: 0.0, Avg: 0.0, Max: 0.1, Diff: 0.1, Sum: 0.1]
      [Object Copy (ms): Min: 4.0, Avg: 5.0, Max: 6.0, Diff: 2.0, Sum: 20.1]
      [Termination (ms): Min: 0.0, Avg: 0.4, Max: 0.6, Diff: 0.6, Sum: 1.7]
         [Termination Attempts: Min: 1, Avg: 1.0, Max: 1, Diff: 0, Sum: 4]
      [GC Worker Other (ms): Min: 0.0, Avg: 0.0, Max: 0.0, Diff: 0.0, Sum: 0.0]
      [GC Worker Total (ms): Min: 10.6, Avg: 11.1, Max: 11.4, Diff: 0.8, Sum: 44.3]
      [GC Worker End (ms): Min: 373611.0, Avg: 373611.2, Max: 373611.3, Diff: 0.3]
   [Code Root Fixup: 0.0 ms]
   [Code Root Purge: 0.0 ms]
   [Clear CT: 0.9 ms]
   [Other: 2.0 ms]
      [Choose CSet: 0.0 ms]
      [Ref Proc: 1.7 ms]
      [Ref Enq: 0.0 ms]
      [Redirty Cards: 0.1 ms]
      [Humongous Register: 0.0 ms]
      [Humongous Reclaim: 0.0 ms]
      [Free CSet: 0.0 ms]
   [Eden: 10240.0K(10240.0K)->0.0B(10240.0K) Survivors: 2048.0K->2048.0K Heap: 153.5M(256.0M)->145.5M(256.0M)]
 [Times: user=0.03 sys=0.01, real=0.02 secs] 
2020-11-05T00:33:33.918-0800: 373.624: [GC concurrent-root-region-scan-start]
2020-11-05T00:33:33.923-0800: 373.630: [GC concurrent-root-region-scan-end, 0.0058810 secs]
2020-11-05T00:33:33.923-0800: 373.630: [GC concurrent-mark-start]
2020-11-05T00:33:33.974-0800: 373.680: [GC concurrent-mark-end, 0.0502925 secs]
2020-11-05T00:33:33.974-0800: 373.681: [GC remark 2020-11-05T00:33:33.990-0800: 373.696: [Finalize Marking, 0.0011969 secs] 2020-11-05T00:33:33.991-0800: 373.698: [GC ref-proc, 0.0004599 secs] 2020-11-05T00:33:33.992-0800: 373.698: [Unloading, 0.0131932 secs], 0.0322987 secs]
 [Times: user=0.02 sys=0.00, real=0.03 secs] 
2020-11-05T00:33:34.012-0800: 373.719: [GC cleanup 145M->145M(256M), 0.0025870 secs]
 [Times: user=0.00 sys=0.00, real=0.01 secs] 
2020-11-05T00:33:44.377-0800: 384.083: [GC pause (G1 Evacuation Pause) (young), 0.0487514 secs]
   [Parallel Time: 31.3 ms, GC Workers: 4]
      [GC Worker Start (ms): Min: 384083.5, Avg: 384084.0, Max: 384084.2, Diff: 0.7]
      [Ext Root Scanning (ms): Min: 0.4, Avg: 1.8, Max: 5.6, Diff: 5.2, Sum: 7.1]
      [Update RS (ms): Min: 0.0, Avg: 2.1, Max: 2.8, Diff: 2.8, Sum: 8.5]
         [Processed Buffers: Min: 0, Avg: 11.0, Max: 30, Diff: 30, Sum: 44]
      [Scan RS (ms): Min: 1.7, Avg: 8.2, Max: 20.8, Diff: 19.1, Sum: 32.6]
      [Code Root Scanning (ms): Min: 0.0, Avg: 0.0, Max: 0.0, Diff: 0.0, Sum: 0.0]
      [Object Copy (ms): Min: 0.7, Avg: 13.1, Max: 18.7, Diff: 18.1, Sum: 52.3]
      [Termination (ms): Min: 0.0, Avg: 0.6, Max: 1.0, Diff: 1.0, Sum: 2.3]
         [Termination Attempts: Min: 1, Avg: 1.5, Max: 3, Diff: 2, Sum: 6]
      [GC Worker Other (ms): Min: 0.0, Avg: 0.0, Max: 0.0, Diff: 0.0, Sum: 0.1]
      [GC Worker Total (ms): Min: 25.4, Avg: 25.7, Max: 26.1, Diff: 0.7, Sum: 102.8]
      [GC Worker End (ms): Min: 384109.6, Avg: 384109.7, Max: 384110.0, Diff: 0.4]
   [Code Root Fixup: 0.0 ms]
   [Code Root Purge: 0.0 ms]
   [Clear CT: 7.8 ms]
   [Other: 9.7 ms]
      [Choose CSet: 0.0 ms]
      [Ref Proc: 2.3 ms]
      [Ref Enq: 0.0 ms]
      [Redirty Cards: 7.1 ms]
      [Humongous Register: 0.0 ms]
      [Humongous Reclaim: 0.0 ms]
      [Free CSet: 0.0 ms]
   [Eden: 10240.0K(10240.0K)->0.0B(10240.0K) Survivors: 2048.0K->2048.0K Heap: 155.5M(256.0M)->146.7M(256.0M)]
 [Times: user=0.03 sys=0.00, real=0.06 secs] 
2020-11-05T00:33:51.370-0800: 391.076: [GC pause (G1 Evacuation Pause) (young), 0.0225180 secs]
   [Parallel Time: 18.3 ms, GC Workers: 4]
      [GC Worker Start (ms): Min: 391076.3, Avg: 391077.2, Max: 391078.6, Diff: 2.3]
      [Ext Root Scanning (ms): Min: 0.0, Avg: 0.4, Max: 0.9, Diff: 0.9, Sum: 1.5]
      [Update RS (ms): Min: 0.3, Avg: 1.4, Max: 1.7, Diff: 1.4, Sum: 5.5]
         [Processed Buffers: Min: 4, Avg: 11.5, Max: 25, Diff: 21, Sum: 46]
      [Scan RS (ms): Min: 2.1, Avg: 2.2, Max: 2.2, Diff: 0.0, Sum: 8.7]
      [Code Root Scanning (ms): Min: 0.0, Avg: 0.0, Max: 0.0, Diff: 0.0, Sum: 0.0]
      [Object Copy (ms): Min: 3.3, Avg: 3.6, Max: 4.5, Diff: 1.1, Sum: 14.5]
      [Termination (ms): Min: 0.0, Avg: 4.1, Max: 8.2, Diff: 8.2, Sum: 16.5]
         [Termination Attempts: Min: 1, Avg: 1.0, Max: 1, Diff: 0, Sum: 4]
      [GC Worker Other (ms): Min: 0.0, Avg: 0.0, Max: 0.0, Diff: 0.0, Sum: 0.0]
      [GC Worker Total (ms): Min: 7.1, Avg: 11.7, Max: 16.4, Diff: 9.3, Sum: 46.8]
      [GC Worker End (ms): Min: 391085.7, Avg: 391088.9, Max: 391092.7, Diff: 7.1]
   [Code Root Fixup: 0.0 ms]
   [Code Root Purge: 0.0 ms]
   [Clear CT: 0.1 ms]
   [Other: 4.2 ms]
      [Choose CSet: 0.0 ms]
      [Ref Proc: 3.9 ms]
      [Ref Enq: 0.0 ms]
      [Redirty Cards: 0.1 ms]
      [Humongous Register: 0.0 ms]
      [Humongous Reclaim: 0.0 ms]
      [Free CSet: 0.0 ms]
   [Eden: 10240.0K(10240.0K)->0.0B(10240.0K) Survivors: 2048.0K->2048.0K Heap: 156.7M(256.0M)->146.8M(256.0M)]
 [Times: user=0.03 sys=0.00, real=0.03 secs] 
2020-11-05T00:33:59.750-0800: 399.456: [GC pause (G1 Evacuation Pause) (young) (initial-mark), 0.0263292 secs]
   [Parallel Time: 25.2 ms, GC Workers: 4]
      [GC Worker Start (ms): Min: 399456.4, Avg: 399456.4, Max: 399456.4, Diff: 0.0]
      [Ext Root Scanning (ms): Min: 1.1, Avg: 2.6, Max: 6.2, Diff: 5.1, Sum: 10.5]
      [Update RS (ms): Min: 0.0, Avg: 3.8, Max: 8.2, Diff: 8.2, Sum: 15.1]
         [Processed Buffers: Min: 0, Avg: 10.8, Max: 21, Diff: 21, Sum: 43]
      [Scan RS (ms): Min: 0.2, Avg: 5.2, Max: 13.2, Diff: 13.0, Sum: 20.9]
      [Code Root Scanning (ms): Min: 0.0, Avg: 0.0, Max: 0.0, Diff: 0.0, Sum: 0.0]
      [Object Copy (ms): Min: 0.2, Avg: 7.5, Max: 14.3, Diff: 14.1, Sum: 30.1]
      [Termination (ms): Min: 0.0, Avg: 5.0, Max: 7.8, Diff: 7.8, Sum: 20.2]
         [Termination Attempts: Min: 1, Avg: 2.0, Max: 3, Diff: 2, Sum: 8]
      [GC Worker Other (ms): Min: 0.0, Avg: 0.0, Max: 0.0, Diff: 0.0, Sum: 0.0]
      [GC Worker Total (ms): Min: 23.7, Avg: 24.2, Max: 25.1, Diff: 1.4, Sum: 96.8]
      [GC Worker End (ms): Min: 399480.1, Avg: 399480.6, Max: 399481.5, Diff: 1.4]
   [Code Root Fixup: 0.0 ms]
   [Code Root Purge: 0.0 ms]
   [Clear CT: 0.1 ms]
   [Other: 1.0 ms]
      [Choose CSet: 0.0 ms]
      [Ref Proc: 0.7 ms]
      [Ref Enq: 0.0 ms]
      [Redirty Cards: 0.2 ms]
      [Humongous Register: 0.0 ms]
      [Humongous Reclaim: 0.0 ms]
      [Free CSet: 0.0 ms]
   [Eden: 10240.0K(10240.0K)->0.0B(10240.0K) Survivors: 2048.0K->2048.0K Heap: 156.8M(256.0M)->148.4M(256.0M)]
 [Times: user=0.05 sys=0.00, real=0.04 secs] 
2020-11-05T00:33:59.781-0800: 399.487: [GC concurrent-root-region-scan-start]
2020-11-05T00:33:59.785-0800: 399.492: [GC concurrent-root-region-scan-end, 0.0042694 secs]
2020-11-05T00:33:59.785-0800: 399.492: [GC concurrent-mark-start]
2020-11-05T00:33:59.914-0800: 399.620: [GC concurrent-mark-end, 0.1286930 secs]
2020-11-05T00:33:59.914-0800: 399.621: [GC remark 2020-11-05T00:33:59.922-0800: 399.629: [Finalize Marking, 0.0024270 secs] 2020-11-05T00:33:59.934-0800: 399.641: [GC ref-proc, 0.0003584 secs] 2020-11-05T00:33:59.935-0800: 399.641: [Unloading, 0.0111310 secs], 0.0505870 secs]
 [Times: user=0.02 sys=0.00, real=0.05 secs] 
2020-11-05T00:33:59.965-0800: 399.671: [GC cleanup 148M->148M(256M), 0.0011551 secs]
 [Times: user=0.00 sys=0.00, real=0.00 secs] 
2020-11-05T00:34:03.712-0800: 403.418: [GC pause (G1 Evacuation Pause) (young), 0.0513046 secs]
   [Parallel Time: 48.4 ms, GC Workers: 4]
      [GC Worker Start (ms): Min: 403418.3, Avg: 403427.5, Max: 403434.6, Diff: 16.3]
      [Ext Root Scanning (ms): Min: 0.0, Avg: 0.4, Max: 1.4, Diff: 1.4, Sum: 1.4]
      [Update RS (ms): Min: 0.0, Avg: 0.9, Max: 3.5, Diff: 3.5, Sum: 3.5]
         [Processed Buffers: Min: 0, Avg: 10.2, Max: 41, Diff: 41, Sum: 41]
      [Scan RS (ms): Min: 0.1, Avg: 8.2, Max: 28.9, Diff: 28.8, Sum: 32.6]
      [Code Root Scanning (ms): Min: 0.0, Avg: 0.0, Max: 0.0, Diff: 0.0, Sum: 0.0]
      [Object Copy (ms): Min: 0.1, Avg: 6.0, Max: 9.1, Diff: 8.9, Sum: 23.8]
      [Termination (ms): Min: 0.0, Avg: 13.0, Max: 27.5, Diff: 27.5, Sum: 51.9]
         [Termination Attempts: Min: 1, Avg: 1.0, Max: 1, Diff: 0, Sum: 4]
      [GC Worker Other (ms): Min: 0.0, Avg: 0.0, Max: 0.0, Diff: 0.0, Sum: 0.0]
      [GC Worker Total (ms): Min: 17.7, Avg: 28.3, Max: 40.1, Diff: 22.4, Sum: 113.4]
      [GC Worker End (ms): Min: 403452.2, Avg: 403455.9, Max: 403466.7, Diff: 14.5]
   [Code Root Fixup: 0.0 ms]
   [Code Root Purge: 0.0 ms]
   [Clear CT: 0.1 ms]
   [Other: 2.8 ms]
      [Choose CSet: 0.0 ms]
      [Ref Proc: 2.5 ms]
      [Ref Enq: 0.0 ms]
      [Redirty Cards: 0.1 ms]
      [Humongous Register: 0.0 ms]
      [Humongous Reclaim: 0.0 ms]
      [Free CSet: 0.0 ms]
   [Eden: 10240.0K(10240.0K)->0.0B(10240.0K) Survivors: 2048.0K->2048.0K Heap: 161.3M(256.0M)->149.7M(256.0M)]
 [Times: user=0.04 sys=0.00, real=0.06 secs] 
2020-11-05T00:34:03.958-0800: 403.665: [GC pause (G1 Humongous Allocation) (young) (initial-mark), 0.0339051 secs]
   [Parallel Time: 27.7 ms, GC Workers: 4]
      [GC Worker Start (ms): Min: 403664.9, Avg: 403666.9, Max: 403667.5, Diff: 2.6]
      [Ext Root Scanning (ms): Min: 0.0, Avg: 8.4, Max: 15.0, Diff: 15.0, Sum: 33.6]
      [Update RS (ms): Min: 0.0, Avg: 6.3, Max: 25.0, Diff: 25.0, Sum: 25.0]
         [Processed Buffers: Min: 0, Avg: 9.0, Max: 33, Diff: 33, Sum: 36]
      [Scan RS (ms): Min: 0.0, Avg: 2.5, Max: 9.4, Diff: 9.4, Sum: 10.1]
      [Code Root Scanning (ms): Min: 0.0, Avg: 0.0, Max: 0.0, Diff: 0.0, Sum: 0.0]
      [Object Copy (ms): Min: 0.0, Avg: 3.1, Max: 11.2, Diff: 11.1, Sum: 12.3]
      [Termination (ms): Min: 0.0, Avg: 5.4, Max: 9.2, Diff: 9.2, Sum: 21.8]
         [Termination Attempts: Min: 1, Avg: 1.0, Max: 1, Diff: 0, Sum: 4]
      [GC Worker Other (ms): Min: 0.0, Avg: 0.0, Max: 0.0, Diff: 0.0, Sum: 0.0]
      [GC Worker Total (ms): Min: 25.0, Avg: 25.7, Max: 27.7, Diff: 2.6, Sum: 102.9]
      [GC Worker End (ms): Min: 403692.6, Avg: 403692.6, Max: 403692.6, Diff: 0.1]
   [Code Root Fixup: 0.0 ms]
   [Code Root Purge: 0.0 ms]
   [Clear CT: 0.8 ms]
   [Other: 5.4 ms]
      [Choose CSet: 0.0 ms]
      [Ref Proc: 5.2 ms]
      [Ref Enq: 0.0 ms]
      [Redirty Cards: 0.1 ms]
      [Humongous Register: 0.0 ms]
      [Humongous Reclaim: 0.0 ms]
      [Free CSet: 0.0 ms]
   [Eden: 2048.0K(10240.0K)->0.0B(10240.0K) Survivors: 2048.0K->2048.0K Heap: 151.4M(256.0M)->150.1M(256.0M)]
 [Times: user=0.04 sys=0.00, real=0.04 secs] 
2020-11-05T00:34:03.992-0800: 403.699: [GC concurrent-root-region-scan-start]
2020-11-05T00:34:04.003-0800: 403.710: [GC concurrent-root-region-scan-end, 0.0106671 secs]
2020-11-05T00:34:04.003-0800: 403.710: [GC concurrent-mark-start]
2020-11-05T00:34:04.064-0800: 403.771: [GC concurrent-mark-end, 0.0607233 secs]
2020-11-05T00:34:04.064-0800: 403.771: [GC remark 2020-11-05T00:34:04.064-0800: 403.771: [Finalize Marking, 0.0015730 secs] 2020-11-05T00:34:04.066-0800: 403.772: [GC ref-proc, 0.0002697 secs] 2020-11-05T00:34:04.066-0800: 403.773: [Unloading, 0.0125834 secs], 0.0164087 secs]
 [Times: user=0.02 sys=0.00, real=0.02 secs] 
2020-11-05T00:34:04.081-0800: 403.787: [GC cleanup 151M->151M(256M), 0.0006969 secs]
 [Times: user=0.00 sys=0.00, real=0.00 secs] 
2020-11-05T00:34:04.700-0800: 404.407: [GC pause (G1 Evacuation Pause) (young), 0.0142473 secs]
   [Parallel Time: 12.7 ms, GC Workers: 4]
      [GC Worker Start (ms): Min: 404407.1, Avg: 404410.6, Max: 404414.6, Diff: 7.5]
      [Ext Root Scanning (ms): Min: 0.0, Avg: 0.4, Max: 0.9, Diff: 0.9, Sum: 1.8]
      [Update RS (ms): Min: 0.0, Avg: 2.0, Max: 6.3, Diff: 6.3, Sum: 7.9]
         [Processed Buffers: Min: 0, Avg: 8.5, Max: 18, Diff: 18, Sum: 34]
      [Scan RS (ms): Min: 0.3, Avg: 3.0, Max: 10.0, Diff: 9.6, Sum: 11.9]
      [Code Root Scanning (ms): Min: 0.0, Avg: 0.0, Max: 0.0, Diff: 0.0, Sum: 0.0]
      [Object Copy (ms): Min: 0.2, Avg: 1.9, Max: 2.5, Diff: 2.4, Sum: 7.5]
      [Termination (ms): Min: 0.0, Avg: 1.8, Max: 2.5, Diff: 2.5, Sum: 7.2]
         [Termination Attempts: Min: 1, Avg: 1.8, Max: 3, Diff: 2, Sum: 7]
      [GC Worker Other (ms): Min: 0.0, Avg: 0.0, Max: 0.0, Diff: 0.0, Sum: 0.0]
      [GC Worker Total (ms): Min: 5.1, Avg: 9.1, Max: 12.7, Diff: 7.5, Sum: 36.4]
      [GC Worker End (ms): Min: 404419.7, Avg: 404419.7, Max: 404419.8, Diff: 0.1]
   [Code Root Fixup: 0.0 ms]
   [Code Root Purge: 0.0 ms]
   [Clear CT: 0.0 ms]
   [Other: 1.5 ms]
      [Choose CSet: 0.0 ms]
      [Ref Proc: 1.3 ms]
      [Ref Enq: 0.0 ms]
      [Redirty Cards: 0.0 ms]
      [Humongous Register: 0.0 ms]
      [Humongous Reclaim: 0.0 ms]
      [Free CSet: 0.0 ms]
   [Eden: 10240.0K(10240.0K)->0.0B(10240.0K) Survivors: 2048.0K->2048.0K Heap: 165.9M(256.0M)->152.0M(256.0M)]
 [Times: user=0.03 sys=0.00, real=0.01 secs] 
2020-11-05T00:34:04.926-0800: 404.632: [GC pause (G1 Humongous Allocation) (young) (initial-mark), 0.0156042 secs]
   [Parallel Time: 7.2 ms, GC Workers: 4]
      [GC Worker Start (ms): Min: 404632.5, Avg: 404632.8, Max: 404633.4, Diff: 0.8]
      [Ext Root Scanning (ms): Min: 0.0, Avg: 4.8, Max: 7.1, Diff: 7.1, Sum: 19.1]
      [Update RS (ms): Min: 0.0, Avg: 1.0, Max: 3.8, Diff: 3.8, Sum: 3.8]
         [Processed Buffers: Min: 0, Avg: 7.8, Max: 31, Diff: 31, Sum: 31]
      [Scan RS (ms): Min: 0.0, Avg: 0.2, Max: 0.9, Diff: 0.9, Sum: 0.9]
      [Code Root Scanning (ms): Min: 0.0, Avg: 0.0, Max: 0.0, Diff: 0.0, Sum: 0.0]
      [Object Copy (ms): Min: 0.0, Avg: 0.3, Max: 0.5, Diff: 0.5, Sum: 1.3]
      [Termination (ms): Min: 0.0, Avg: 0.6, Max: 1.2, Diff: 1.2, Sum: 2.5]
         [Termination Attempts: Min: 1, Avg: 1.0, Max: 1, Diff: 0, Sum: 4]
      [GC Worker Other (ms): Min: 0.0, Avg: 0.0, Max: 0.0, Diff: 0.0, Sum: 0.0]
      [GC Worker Total (ms): Min: 6.3, Avg: 6.9, Max: 7.1, Diff: 0.8, Sum: 27.6]
      [GC Worker End (ms): Min: 404639.6, Avg: 404639.7, Max: 404639.7, Diff: 0.1]
   [Code Root Fixup: 0.0 ms]
   [Code Root Purge: 0.0 ms]
   [Clear CT: 0.0 ms]
   [Other: 8.3 ms]
      [Choose CSet: 0.0 ms]
      [Ref Proc: 8.1 ms]
      [Ref Enq: 0.0 ms]
      [Redirty Cards: 0.0 ms]
      [Humongous Register: 0.0 ms]
      [Humongous Reclaim: 0.0 ms]
      [Free CSet: 0.0 ms]
   [Eden: 2048.0K(10240.0K)->0.0B(10240.0K) Survivors: 2048.0K->2048.0K Heap: 153.6M(256.0M)->151.1M(256.0M)]
 [Times: user=0.02 sys=0.00, real=0.02 secs] 
2020-11-05T00:34:04.942-0800: 404.648: [GC concurrent-root-region-scan-start]
2020-11-05T00:34:04.948-0800: 404.654: [GC concurrent-root-region-scan-end, 0.0059313 secs]
2020-11-05T00:34:04.948-0800: 404.654: [GC concurrent-mark-start]
2020-11-05T00:34:05.011-0800: 404.717: [GC concurrent-mark-end, 0.0631442 secs]
2020-11-05T00:34:05.011-0800: 404.718: [GC remark 2020-11-05T00:34:05.011-0800: 404.718: [Finalize Marking, 0.0023713 secs] 2020-11-05T00:34:05.014-0800: 404.720: [GC ref-proc, 0.0003033 secs] 2020-11-05T00:34:05.014-0800: 404.721: [Unloading, 0.0135574 secs], 0.0189622 secs]
 [Times: user=0.02 sys=0.00, real=0.02 secs] 
2020-11-05T00:34:05.030-0800: 404.737: [GC cleanup 152M->152M(256M), 0.0021385 secs]
 [Times: user=0.00 sys=0.00, real=0.01 secs] 
2020-11-05T00:34:05.531-0800: 405.237: [GC pause (G1 Evacuation Pause) (young), 0.0092332 secs]
   [Parallel Time: 5.8 ms, GC Workers: 4]
      [GC Worker Start (ms): Min: 405237.5, Avg: 405238.6, Max: 405240.9, Diff: 3.5]
      [Ext Root Scanning (ms): Min: 0.0, Avg: 0.4, Max: 0.8, Diff: 0.8, Sum: 1.6]
      [Update RS (ms): Min: 0.0, Avg: 1.9, Max: 4.9, Diff: 4.9, Sum: 7.7]
         [Processed Buffers: Min: 0, Avg: 7.5, Max: 15, Diff: 15, Sum: 30]
      [Scan RS (ms): Min: 0.0, Avg: 0.0, Max: 0.1, Diff: 0.1, Sum: 0.1]
      [Code Root Scanning (ms): Min: 0.0, Avg: 0.0, Max: 0.0, Diff: 0.0, Sum: 0.0]
      [Object Copy (ms): Min: 0.0, Avg: 0.2, Max: 0.5, Diff: 0.5, Sum: 0.9]
      [Termination (ms): Min: 0.0, Avg: 2.0, Max: 2.9, Diff: 2.9, Sum: 8.1]
         [Termination Attempts: Min: 1, Avg: 1.0, Max: 1, Diff: 0, Sum: 4]
      [GC Worker Other (ms): Min: 0.0, Avg: 0.0, Max: 0.0, Diff: 0.0, Sum: 0.0]
      [GC Worker Total (ms): Min: 2.3, Avg: 4.6, Max: 5.8, Diff: 3.5, Sum: 18.6]
      [GC Worker End (ms): Min: 405243.2, Avg: 405243.3, Max: 405243.3, Diff: 0.0]
   [Code Root Fixup: 0.0 ms]
   [Code Root Purge: 0.0 ms]
   [Clear CT: 0.0 ms]
   [Other: 3.3 ms]
      [Choose CSet: 0.0 ms]
      [Ref Proc: 3.1 ms]
      [Ref Enq: 0.0 ms]
      [Redirty Cards: 0.0 ms]
      [Humongous Register: 0.0 ms]
      [Humongous Reclaim: 0.0 ms]
      [Free CSet: 0.0 ms]
   [Eden: 10240.0K(10240.0K)->0.0B(10240.0K) Survivors: 2048.0K->2048.0K Heap: 165.9M(256.0M)->150.7M(256.0M)]
 [Times: user=0.02 sys=0.00, real=0.02 secs] 
2020-11-05T00:34:05.542-0800: 405.249: [GC pause (G1 Humongous Allocation) (young) (initial-mark), 0.0190839 secs]
   [Parallel Time: 16.9 ms, GC Workers: 4]
      [GC Worker Start (ms): Min: 405248.6, Avg: 405250.1, Max: 405250.7, Diff: 2.1]
      [Ext Root Scanning (ms): Min: 0.0, Avg: 6.1, Max: 16.6, Diff: 16.6, Sum: 24.2]
      [Update RS (ms): Min: 0.0, Avg: 0.4, Max: 1.8, Diff: 1.8, Sum: 1.8]
         [Processed Buffers: Min: 0, Avg: 3.2, Max: 13, Diff: 13, Sum: 13]
      [Scan RS (ms): Min: 0.0, Avg: 0.0, Max: 0.0, Diff: 0.0, Sum: 0.0]
      [Code Root Scanning (ms): Min: 0.0, Avg: 0.0, Max: 0.0, Diff: 0.0, Sum: 0.0]
      [Object Copy (ms): Min: 0.0, Avg: 0.3, Max: 1.0, Diff: 1.0, Sum: 1.1]
      [Termination (ms): Min: 0.0, Avg: 8.5, Max: 12.0, Diff: 12.0, Sum: 34.0]
         [Termination Attempts: Min: 1, Avg: 1.0, Max: 1, Diff: 0, Sum: 4]
      [GC Worker Other (ms): Min: 0.0, Avg: 0.0, Max: 0.0, Diff: 0.0, Sum: 0.0]
      [GC Worker Total (ms): Min: 14.8, Avg: 15.3, Max: 16.8, Diff: 2.0, Sum: 61.2]
      [GC Worker End (ms): Min: 405265.4, Avg: 405265.4, Max: 405265.5, Diff: 0.1]
   [Code Root Fixup: 0.0 ms]
   [Code Root Purge: 0.0 ms]
   [Clear CT: 0.1 ms]
   [Other: 2.1 ms]
      [Choose CSet: 0.0 ms]
      [Ref Proc: 2.0 ms]
      [Ref Enq: 0.0 ms]
      [Redirty Cards: 0.0 ms]
      [Humongous Register: 0.0 ms]
      [Humongous Reclaim: 0.0 ms]
      [Free CSet: 0.0 ms]
   [Eden: 1024.0K(10240.0K)->0.0B(10240.0K) Survivors: 2048.0K->2048.0K Heap: 151.2M(256.0M)->151.0M(256.0M)]
 [Times: user=0.02 sys=0.00, real=0.02 secs] 
2020-11-05T00:34:05.564-0800: 405.271: [GC concurrent-root-region-scan-start]
2020-11-05T00:34:05.565-0800: 405.272: [GC concurrent-root-region-scan-end, 0.0012786 secs]
2020-11-05T00:34:05.565-0800: 405.272: [GC concurrent-mark-start]
2020-11-05T00:34:05.651-0800: 405.358: [GC concurrent-mark-end, 0.0859582 secs]
2020-11-05T00:34:05.651-0800: 405.358: [GC remark 2020-11-05T00:34:05.652-0800: 405.358: [Finalize Marking, 0.0011845 secs] 2020-11-05T00:34:05.653-0800: 405.360: [GC ref-proc, 0.0003294 secs] 2020-11-05T00:34:05.653-0800: 405.360: [Unloading, 0.0138328 secs], 0.0180831 secs]
 [Times: user=0.01 sys=0.00, real=0.02 secs] 
2020-11-05T00:34:05.670-0800: 405.377: [GC cleanup 154M->154M(256M), 0.0008273 secs]
 [Times: user=0.00 sys=0.00, real=0.00 secs] 
2020-11-05T00:34:07.391-0800: 407.097: [GC pause (G1 Evacuation Pause) (young), 0.0323538 secs]
   [Parallel Time: 17.4 ms, GC Workers: 4]
      [GC Worker Start (ms): Min: 407097.4, Avg: 407102.7, Max: 407106.0, Diff: 8.6]
      [Ext Root Scanning (ms): Min: 0.0, Avg: 0.4, Max: 1.4, Diff: 1.4, Sum: 1.4]
      [Update RS (ms): Min: 0.0, Avg: 3.2, Max: 11.0, Diff: 11.0, Sum: 12.8]
         [Processed Buffers: Min: 0, Avg: 9.8, Max: 28, Diff: 28, Sum: 39]
      [Scan RS (ms): Min: 0.0, Avg: 0.2, Max: 0.6, Diff: 0.6, Sum: 0.6]
      [Code Root Scanning (ms): Min: 0.0, Avg: 0.0, Max: 0.0, Diff: 0.0, Sum: 0.0]
      [Object Copy (ms): Min: 0.0, Avg: 0.5, Max: 1.7, Diff: 1.7, Sum: 1.9]
      [Termination (ms): Min: 0.0, Avg: 6.0, Max: 8.5, Diff: 8.5, Sum: 24.2]
         [Termination Attempts: Min: 1, Avg: 1.2, Max: 2, Diff: 1, Sum: 5]
      [GC Worker Other (ms): Min: 0.0, Avg: 0.0, Max: 0.0, Diff: 0.0, Sum: 0.0]
      [GC Worker Total (ms): Min: 7.7, Avg: 10.2, Max: 12.6, Diff: 4.9, Sum: 40.9]
      [GC Worker End (ms): Min: 407110.0, Avg: 407113.0, Max: 407114.6, Diff: 4.6]
   [Code Root Fixup: 0.0 ms]
   [Code Root Purge: 0.0 ms]
   [Clear CT: 0.1 ms]
   [Other: 14.9 ms]
      [Choose CSet: 0.0 ms]
      [Ref Proc: 14.6 ms]
      [Ref Enq: 0.0 ms]
      [Redirty Cards: 0.1 ms]
      [Humongous Register: 0.0 ms]
      [Humongous Reclaim: 0.0 ms]
      [Free CSet: 0.0 ms]
   [Eden: 10240.0K(10240.0K)->0.0B(11264.0K) Survivors: 2048.0K->1024.0K Heap: 164.9M(256.0M)->150.2M(256.0M)]
 [Times: user=0.02 sys=0.01, real=0.04 secs] 
2020-11-05T00:34:13.470-0800: 413.177: [GC pause (G1 Evacuation Pause) (young), 0.0362627 secs]
   [Parallel Time: 23.4 ms, GC Workers: 4]
      [GC Worker Start (ms): Min: 413177.7, Avg: 413182.3, Max: 413184.0, Diff: 6.3]
      [Ext Root Scanning (ms): Min: 0.0, Avg: 0.3, Max: 1.2, Diff: 1.1, Sum: 1.2]
      [Update RS (ms): Min: 2.0, Avg: 9.0, Max: 15.8, Diff: 13.8, Sum: 35.9]
         [Processed Buffers: Min: 1, Avg: 10.5, Max: 31, Diff: 30, Sum: 42]
      [Scan RS (ms): Min: 0.0, Avg: 0.7, Max: 2.8, Diff: 2.8, Sum: 2.8]
      [Code Root Scanning (ms): Min: 0.0, Avg: 0.0, Max: 0.0, Diff: 0.0, Sum: 0.0]
      [Object Copy (ms): Min: 0.3, Avg: 3.5, Max: 8.3, Diff: 8.0, Sum: 13.9]
      [Termination (ms): Min: 0.0, Avg: 2.0, Max: 3.2, Diff: 3.2, Sum: 8.1]
         [Termination Attempts: Min: 1, Avg: 1.0, Max: 1, Diff: 0, Sum: 4]
      [GC Worker Other (ms): Min: 0.0, Avg: 0.2, Max: 0.9, Diff: 0.9, Sum: 0.9]
      [GC Worker Total (ms): Min: 13.7, Avg: 15.7, Max: 20.9, Diff: 7.1, Sum: 62.7]
      [GC Worker End (ms): Min: 413197.7, Avg: 413198.0, Max: 413198.6, Diff: 0.8]
   [Code Root Fixup: 0.0 ms]
   [Code Root Purge: 0.0 ms]
   [Clear CT: 2.5 ms]
   [Other: 10.4 ms]
      [Choose CSet: 0.0 ms]
      [Ref Proc: 10.1 ms]
      [Ref Enq: 0.0 ms]
      [Redirty Cards: 0.1 ms]
      [Humongous Register: 0.0 ms]
      [Humongous Reclaim: 0.0 ms]
      [Free CSet: 0.0 ms]
   [Eden: 11264.0K(11264.0K)->0.0B(10240.0K) Survivors: 1024.0K->2048.0K Heap: 161.2M(256.0M)->150.6M(256.0M)]
 [Times: user=0.03 sys=0.00, real=0.04 secs] 
2020-11-05T00:34:19.072-0800: 418.779: [GC pause (G1 Evacuation Pause) (young) (initial-mark), 0.0078112 secs]
   [Parallel Time: 7.5 ms, GC Workers: 4]
      [GC Worker Start (ms): Min: 418779.1, Avg: 418779.6, Max: 418780.1, Diff: 1.0]
      [Ext Root Scanning (ms): Min: 0.0, Avg: 2.1, Max: 6.4, Diff: 6.3, Sum: 8.3]
      [Update RS (ms): Min: 0.0, Avg: 1.3, Max: 1.8, Diff: 1.8, Sum: 5.3]
         [Processed Buffers: Min: 0, Avg: 11.0, Max: 16, Diff: 16, Sum: 44]
      [Scan RS (ms): Min: 0.0, Avg: 1.5, Max: 2.0, Diff: 2.0, Sum: 5.9]
      [Code Root Scanning (ms): Min: 0.0, Avg: 0.0, Max: 0.0, Diff: 0.0, Sum: 0.0]
      [Object Copy (ms): Min: 0.0, Avg: 1.5, Max: 2.1, Diff: 2.1, Sum: 6.0]
      [Termination (ms): Min: 0.0, Avg: 0.5, Max: 0.6, Diff: 0.6, Sum: 1.9]
         [Termination Attempts: Min: 1, Avg: 1.0, Max: 1, Diff: 0, Sum: 4]
      [GC Worker Other (ms): Min: 0.0, Avg: 0.0, Max: 0.0, Diff: 0.0, Sum: 0.0]
      [GC Worker Total (ms): Min: 6.4, Avg: 6.9, Max: 7.4, Diff: 1.0, Sum: 27.5]
      [GC Worker End (ms): Min: 418786.5, Avg: 418786.5, Max: 418786.5, Diff: 0.0]
   [Code Root Fixup: 0.0 ms]
   [Code Root Purge: 0.0 ms]
   [Clear CT: 0.0 ms]
   [Other: 0.3 ms]
      [Choose CSet: 0.0 ms]
      [Ref Proc: 0.1 ms]
      [Ref Enq: 0.0 ms]
      [Redirty Cards: 0.1 ms]
      [Humongous Register: 0.0 ms]
      [Humongous Reclaim: 0.0 ms]
      [Free CSet: 0.0 ms]
   [Eden: 10240.0K(10240.0K)->0.0B(10240.0K) Survivors: 2048.0K->2048.0K Heap: 160.6M(256.0M)->151.1M(256.0M)]
 [Times: user=0.01 sys=0.01, real=0.01 secs] 
2020-11-05T00:34:19.080-0800: 418.787: [GC concurrent-root-region-scan-start]
2020-11-05T00:34:19.085-0800: 418.792: [GC concurrent-root-region-scan-end, 0.0047057 secs]
2020-11-05T00:34:19.085-0800: 418.792: [GC concurrent-mark-start]
2020-11-05T00:34:19.116-0800: 418.822: [GC concurrent-mark-end, 0.0305028 secs]
2020-11-05T00:34:19.116-0800: 418.822: [GC remark 2020-11-05T00:34:19.116-0800: 418.823: [Finalize Marking, 0.0008420 secs] 2020-11-05T00:34:19.117-0800: 418.823: [GC ref-proc, 0.0002980 secs] 2020-11-05T00:34:19.117-0800: 418.824: [Unloading, 0.0071256 secs], 0.0097214 secs]
 [Times: user=0.02 sys=0.00, real=0.01 secs] 
2020-11-05T00:34:19.126-0800: 418.832: [GC cleanup 151M->151M(256M), 0.0004011 secs]
 [Times: user=0.00 sys=0.00, real=0.00 secs] 
2020-11-05T00:34:25.861-0800: 425.567: [GC pause (G1 Evacuation Pause) (young), 0.0085001 secs]
   [Parallel Time: 8.0 ms, GC Workers: 4]
      [GC Worker Start (ms): Min: 425567.6, Avg: 425567.6, Max: 425567.7, Diff: 0.1]
      [Ext Root Scanning (ms): Min: 0.4, Avg: 0.5, Max: 0.5, Diff: 0.1, Sum: 1.8]
      [Update RS (ms): Min: 1.9, Avg: 2.0, Max: 2.2, Diff: 0.3, Sum: 7.9]
         [Processed Buffers: Min: 4, Avg: 11.0, Max: 22, Diff: 18, Sum: 44]
      [Scan RS (ms): Min: 2.5, Avg: 2.7, Max: 2.8, Diff: 0.2, Sum: 10.7]
      [Code Root Scanning (ms): Min: 0.0, Avg: 0.0, Max: 0.0, Diff: 0.0, Sum: 0.0]
      [Object Copy (ms): Min: 2.7, Avg: 2.7, Max: 2.8, Diff: 0.1, Sum: 10.9]
      [Termination (ms): Min: 0.0, Avg: 0.0, Max: 0.0, Diff: 0.0, Sum: 0.0]
         [Termination Attempts: Min: 1, Avg: 1.0, Max: 1, Diff: 0, Sum: 4]
      [GC Worker Other (ms): Min: 0.0, Avg: 0.0, Max: 0.0, Diff: 0.0, Sum: 0.0]
      [GC Worker Total (ms): Min: 7.8, Avg: 7.9, Max: 7.9, Diff: 0.1, Sum: 31.5]
      [GC Worker End (ms): Min: 425575.5, Avg: 425575.5, Max: 425575.5, Diff: 0.0]
   [Code Root Fixup: 0.0 ms]
   [Code Root Purge: 0.0 ms]
   [Clear CT: 0.2 ms]
   [Other: 0.4 ms]
      [Choose CSet: 0.0 ms]
      [Ref Proc: 0.1 ms]
      [Ref Enq: 0.0 ms]
      [Redirty Cards: 0.1 ms]
      [Humongous Register: 0.0 ms]
      [Humongous Reclaim: 0.0 ms]
      [Free CSet: 0.0 ms]
   [Eden: 10240.0K(10240.0K)->0.0B(10240.0K) Survivors: 2048.0K->2048.0K Heap: 161.1M(256.0M)->151.5M(256.0M)]
 [Times: user=0.03 sys=0.00, real=0.00 secs] 
2020-11-05T00:34:30.626-0800: 430.333: [GC pause (G1 Evacuation Pause) (mixed), 0.0221467 secs]
   [Parallel Time: 9.1 ms, GC Workers: 4]
      [GC Worker Start (ms): Min: 430332.8, Avg: 430334.3, Max: 430338.6, Diff: 5.8]
      [Ext Root Scanning (ms): Min: 0.0, Avg: 0.4, Max: 0.6, Diff: 0.6, Sum: 1.6]
      [Update RS (ms): Min: 0.0, Avg: 2.0, Max: 2.9, Diff: 2.9, Sum: 8.1]
         [Processed Buffers: Min: 0, Avg: 10.8, Max: 21, Diff: 21, Sum: 43]
      [Scan RS (ms): Min: 0.4, Avg: 2.2, Max: 3.0, Diff: 2.6, Sum: 9.0]
      [Code Root Scanning (ms): Min: 0.0, Avg: 0.0, Max: 0.1, Diff: 0.1, Sum: 0.1]
      [Object Copy (ms): Min: 2.8, Avg: 2.9, Max: 3.1, Diff: 0.2, Sum: 11.7]
      [Termination (ms): Min: 0.0, Avg: 0.0, Max: 0.0, Diff: 0.0, Sum: 0.0]
         [Termination Attempts: Min: 1, Avg: 3.5, Max: 9, Diff: 8, Sum: 14]
      [GC Worker Other (ms): Min: 0.0, Avg: 0.0, Max: 0.0, Diff: 0.0, Sum: 0.0]
      [GC Worker Total (ms): Min: 3.3, Avg: 7.6, Max: 9.1, Diff: 5.8, Sum: 30.4]
      [GC Worker End (ms): Min: 430341.9, Avg: 430341.9, Max: 430341.9, Diff: 0.0]
   [Code Root Fixup: 0.0 ms]
   [Code Root Purge: 0.0 ms]
   [Clear CT: 0.1 ms]
   [Other: 13.0 ms]
      [Choose CSet: 0.0 ms]
      [Ref Proc: 12.7 ms]
      [Ref Enq: 0.0 ms]
      [Redirty Cards: 0.1 ms]
      [Humongous Register: 0.0 ms]
      [Humongous Reclaim: 0.0 ms]
      [Free CSet: 0.0 ms]
   [Eden: 10240.0K(10240.0K)->0.0B(10240.0K) Survivors: 2048.0K->2048.0K Heap: 161.5M(256.0M)->151.1M(256.0M)]
 [Times: user=0.03 sys=0.00, real=0.02 secs] 
2020-11-05T00:34:45.406-0800: 445.112: [GC pause (G1 Evacuation Pause) (young), 0.0253431 secs]
   [Parallel Time: 23.2 ms, GC Workers: 4]
      [GC Worker Start (ms): Min: 445112.5, Avg: 445112.6, Max: 445112.7, Diff: 0.2]
      [Ext Root Scanning (ms): Min: 1.1, Avg: 1.2, Max: 1.3, Diff: 0.2, Sum: 4.8]
      [Update RS (ms): Min: 5.6, Avg: 5.8, Max: 6.2, Diff: 0.6, Sum: 23.2]
         [Processed Buffers: Min: 4, Avg: 11.0, Max: 21, Diff: 17, Sum: 44]
      [Scan RS (ms): Min: 7.5, Avg: 8.0, Max: 8.3, Diff: 0.7, Sum: 31.9]
      [Code Root Scanning (ms): Min: 0.0, Avg: 0.0, Max: 0.0, Diff: 0.0, Sum: 0.0]
      [Object Copy (ms): Min: 7.9, Avg: 8.0, Max: 8.1, Diff: 0.2, Sum: 32.1]
      [Termination (ms): Min: 0.0, Avg: 0.0, Max: 0.0, Diff: 0.0, Sum: 0.0]
         [Termination Attempts: Min: 1, Avg: 1.0, Max: 1, Diff: 0, Sum: 4]
      [GC Worker Other (ms): Min: 0.0, Avg: 0.0, Max: 0.0, Diff: 0.0, Sum: 0.1]
      [GC Worker Total (ms): Min: 23.0, Avg: 23.1, Max: 23.1, Diff: 0.2, Sum: 92.2]
      [GC Worker End (ms): Min: 445135.6, Avg: 445135.6, Max: 445135.6, Diff: 0.0]
   [Code Root Fixup: 0.0 ms]
   [Code Root Purge: 0.0 ms]
   [Clear CT: 0.5 ms]
   [Other: 1.6 ms]
      [Choose CSet: 0.0 ms]
      [Ref Proc: 0.9 ms]
      [Ref Enq: 0.0 ms]
      [Redirty Cards: 0.3 ms]
      [Humongous Register: 0.0 ms]
      [Humongous Reclaim: 0.0 ms]
      [Free CSet: 0.1 ms]
   [Eden: 10240.0K(10240.0K)->0.0B(10240.0K) Survivors: 2048.0K->2048.0K Heap: 161.1M(256.0M)->151.9M(256.0M)]
 [Times: user=0.10 sys=0.00, real=0.02 secs] 
2020-11-05T00:35:00.716-0800: 460.422: [GC pause (G1 Evacuation Pause) (young) (initial-mark), 0.0269511 secs]
   [Parallel Time: 25.7 ms, GC Workers: 4]
      [GC Worker Start (ms): Min: 460422.7, Avg: 460422.8, Max: 460422.9, Diff: 0.1]
      [Ext Root Scanning (ms): Min: 1.7, Avg: 2.2, Max: 3.9, Diff: 2.3, Sum: 8.9]
      [Update RS (ms): Min: 4.1, Avg: 5.8, Max: 7.4, Diff: 3.2, Sum: 23.3]
         [Processed Buffers: Min: 4, Avg: 11.8, Max: 27, Diff: 23, Sum: 47]
      [Scan RS (ms): Min: 7.7, Avg: 8.5, Max: 9.1, Diff: 1.5, Sum: 34.2]
      [Code Root Scanning (ms): Min: 0.0, Avg: 0.0, Max: 0.1, Diff: 0.1, Sum: 0.1]
      [Object Copy (ms): Min: 8.7, Avg: 8.8, Max: 9.0, Diff: 0.3, Sum: 35.4]
      [Termination (ms): Min: 0.0, Avg: 0.0, Max: 0.0, Diff: 0.0, Sum: 0.1]
         [Termination Attempts: Min: 1, Avg: 7.0, Max: 14, Diff: 13, Sum: 28]
      [GC Worker Other (ms): Min: 0.0, Avg: 0.0, Max: 0.0, Diff: 0.0, Sum: 0.1]
      [GC Worker Total (ms): Min: 25.4, Avg: 25.5, Max: 25.6, Diff: 0.1, Sum: 102.0]
      [GC Worker End (ms): Min: 460448.3, Avg: 460448.3, Max: 460448.3, Diff: 0.0]
   [Code Root Fixup: 0.0 ms]
   [Code Root Purge: 0.0 ms]
   [Clear CT: 0.3 ms]
   [Other: 1.0 ms]
      [Choose CSet: 0.0 ms]
      [Ref Proc: 0.4 ms]
      [Ref Enq: 0.0 ms]
      [Redirty Cards: 0.2 ms]
      [Humongous Register: 0.0 ms]
      [Humongous Reclaim: 0.0 ms]
      [Free CSet: 0.1 ms]
   [Eden: 10240.0K(10240.0K)->0.0B(10240.0K) Survivors: 2048.0K->2048.0K Heap: 161.9M(256.0M)->152.6M(256.0M)]
 [Times: user=0.10 sys=0.00, real=0.03 secs] 
2020-11-05T00:35:00.744-0800: 460.450: [GC concurrent-root-region-scan-start]
2020-11-05T00:35:00.758-0800: 460.464: [GC concurrent-root-region-scan-end, 0.0141538 secs]
2020-11-05T00:35:00.758-0800: 460.464: [GC concurrent-mark-start]
2020-11-05T00:35:00.847-0800: 460.554: [GC concurrent-mark-end, 0.0896371 secs]
2020-11-05T00:35:00.848-0800: 460.554: [GC remark 2020-11-05T00:35:00.848-0800: 460.555: [Finalize Marking, 0.0032486 secs] 2020-11-05T00:35:00.852-0800: 460.559: [GC ref-proc, 0.0005285 secs] 2020-11-05T00:35:00.853-0800: 460.559: [Unloading, 0.0089550 secs], 0.0182818 secs]
 [Times: user=0.03 sys=0.01, real=0.02 secs] 
2020-11-05T00:35:00.866-0800: 460.573: [GC cleanup 152M->152M(256M), 0.0005776 secs]
 [Times: user=0.00 sys=0.00, real=0.00 secs] 
2020-11-05T00:35:15.895-0800: 475.602: [GC pause (G1 Evacuation Pause) (young), 0.0776571 secs]
   [Parallel Time: 60.2 ms, GC Workers: 4]
      [GC Worker Start (ms): Min: 475601.9, Avg: 475605.4, Max: 475606.6, Diff: 4.7]
      [Ext Root Scanning (ms): Min: 0.0, Avg: 0.8, Max: 3.2, Diff: 3.2, Sum: 3.3]
      [Update RS (ms): Min: 8.7, Avg: 14.8, Max: 24.2, Diff: 15.5, Sum: 59.2]
         [Processed Buffers: Min: 0, Avg: 9.5, Max: 21, Diff: 21, Sum: 38]
      [Scan RS (ms): Min: 3.0, Avg: 18.6, Max: 28.1, Diff: 25.1, Sum: 74.5]
      [Code Root Scanning (ms): Min: 0.0, Avg: 0.0, Max: 0.1, Diff: 0.1, Sum: 0.1]
      [Object Copy (ms): Min: 8.9, Avg: 20.4, Max: 25.6, Diff: 16.7, Sum: 81.5]
      [Termination (ms): Min: 0.0, Avg: 1.8, Max: 2.5, Diff: 2.5, Sum: 7.3]
         [Termination Attempts: Min: 1, Avg: 1.0, Max: 1, Diff: 0, Sum: 4]
      [GC Worker Other (ms): Min: 0.0, Avg: 0.0, Max: 0.0, Diff: 0.0, Sum: 0.1]
      [GC Worker Total (ms): Min: 55.3, Avg: 56.5, Max: 59.9, Diff: 4.7, Sum: 225.8]
      [GC Worker End (ms): Min: 475661.8, Avg: 475661.9, Max: 475661.9, Diff: 0.1]
   [Code Root Fixup: 0.0 ms]
   [Code Root Purge: 0.0 ms]
   [Clear CT: 1.5 ms]
   [Other: 16.0 ms]
      [Choose CSet: 0.0 ms]
      [Ref Proc: 15.3 ms]
      [Ref Enq: 0.0 ms]
      [Redirty Cards: 0.2 ms]
      [Humongous Register: 0.0 ms]
      [Humongous Reclaim: 0.0 ms]
      [Free CSet: 0.1 ms]
   [Eden: 10240.0K(10240.0K)->0.0B(10240.0K) Survivors: 2048.0K->2048.0K Heap: 162.6M(256.0M)->153.4M(256.0M)]
 [Times: user=0.10 sys=0.00, real=0.08 secs] 
2020-11-05T00:35:31.786-0800: 491.493: [GC pause (G1 Evacuation Pause) (mixed), 0.0329690 secs]
   [Parallel Time: 17.3 ms, GC Workers: 4]
      [GC Worker Start (ms): Min: 491492.9, Avg: 491493.3, Max: 491494.6, Diff: 1.7]
      [Ext Root Scanning (ms): Min: 0.0, Avg: 0.4, Max: 0.7, Diff: 0.7, Sum: 1.5]
      [Update RS (ms): Min: 0.7, Avg: 2.5, Max: 6.0, Diff: 5.3, Sum: 10.1]
         [Processed Buffers: Min: 2, Avg: 10.5, Max: 20, Diff: 18, Sum: 42]
      [Scan RS (ms): Min: 0.0, Avg: 2.4, Max: 3.4, Diff: 3.4, Sum: 9.7]
      [Code Root Scanning (ms): Min: 0.0, Avg: 0.1, Max: 0.4, Diff: 0.4, Sum: 0.4]
      [Object Copy (ms): Min: 5.6, Avg: 6.2, Max: 6.8, Diff: 1.1, Sum: 24.8]
      [Termination (ms): Min: 0.0, Avg: 1.8, Max: 4.6, Diff: 4.6, Sum: 7.1]
         [Termination Attempts: Min: 1, Avg: 1.5, Max: 3, Diff: 2, Sum: 6]
      [GC Worker Other (ms): Min: 0.0, Avg: 0.3, Max: 1.3, Diff: 1.3, Sum: 1.3]
      [GC Worker Total (ms): Min: 11.5, Avg: 13.8, Max: 17.2, Diff: 5.7, Sum: 55.1]
      [GC Worker End (ms): Min: 491506.0, Avg: 491507.1, Max: 491510.1, Diff: 4.1]
   [Code Root Fixup: 0.0 ms]
   [Code Root Purge: 0.0 ms]
   [Clear CT: 0.0 ms]
   [Other: 15.6 ms]
      [Choose CSet: 0.0 ms]
      [Ref Proc: 15.3 ms]
      [Ref Enq: 0.0 ms]
      [Redirty Cards: 0.1 ms]
      [Humongous Register: 0.0 ms]
      [Humongous Reclaim: 0.0 ms]
      [Free CSet: 0.1 ms]
   [Eden: 10240.0K(10240.0K)->0.0B(10240.0K) Survivors: 2048.0K->2048.0K Heap: 163.4M(256.0M)->151.7M(256.0M)]
 [Times: user=0.04 sys=0.00, real=0.03 secs] 
2020-11-05T00:35:47.478-0800: 507.185: [GC pause (G1 Evacuation Pause) (young), 0.0125502 secs]
   [Parallel Time: 11.7 ms, GC Workers: 4]
      [GC Worker Start (ms): Min: 507184.8, Avg: 507187.7, Max: 507190.6, Diff: 5.8]
      [Ext Root Scanning (ms): Min: 0.0, Avg: 0.3, Max: 0.6, Diff: 0.6, Sum: 1.3]
      [Update RS (ms): Min: 0.0, Avg: 1.1, Max: 2.3, Diff: 2.3, Sum: 4.5]
         [Processed Buffers: Min: 0, Avg: 9.8, Max: 35, Diff: 35, Sum: 39]
      [Scan RS (ms): Min: 1.1, Avg: 4.1, Max: 8.6, Diff: 7.4, Sum: 16.6]
      [Code Root Scanning (ms): Min: 0.0, Avg: 0.0, Max: 0.0, Diff: 0.0, Sum: 0.0]
      [Object Copy (ms): Min: 0.0, Avg: 2.5, Max: 3.8, Diff: 3.8, Sum: 9.8]
      [Termination (ms): Min: 0.0, Avg: 0.5, Max: 0.7, Diff: 0.7, Sum: 2.0]
         [Termination Attempts: Min: 1, Avg: 2.2, Max: 4, Diff: 3, Sum: 9]
      [GC Worker Other (ms): Min: 0.0, Avg: 0.0, Max: 0.0, Diff: 0.0, Sum: 0.0]
      [GC Worker Total (ms): Min: 5.7, Avg: 8.6, Max: 11.5, Diff: 5.8, Sum: 34.3]
      [GC Worker End (ms): Min: 507196.2, Avg: 507196.2, Max: 507196.2, Diff: 0.0]
   [Code Root Fixup: 0.0 ms]
   [Code Root Purge: 0.0 ms]
   [Clear CT: 0.0 ms]
   [Other: 0.8 ms]
      [Choose CSet: 0.0 ms]
      [Ref Proc: 0.6 ms]
      [Ref Enq: 0.0 ms]
      [Redirty Cards: 0.0 ms]
      [Humongous Register: 0.0 ms]
      [Humongous Reclaim: 0.0 ms]
      [Free CSet: 0.0 ms]
   [Eden: 10240.0K(10240.0K)->0.0B(10240.0K) Survivors: 2048.0K->2048.0K Heap: 161.7M(256.0M)->152.6M(256.0M)]
 [Times: user=0.03 sys=0.00, real=0.01 secs] 
2020-11-05T00:36:03.298-0800: 523.004: [GC pause (G1 Evacuation Pause) (young) (initial-mark), 0.0139086 secs]
   [Parallel Time: 8.0 ms, GC Workers: 4]
      [GC Worker Start (ms): Min: 523004.5, Avg: 523004.7, Max: 523005.2, Diff: 0.7]
      [Ext Root Scanning (ms): Min: 0.0, Avg: 2.3, Max: 7.8, Diff: 7.8, Sum: 9.2]
      [Update RS (ms): Min: 0.0, Avg: 1.1, Max: 1.7, Diff: 1.7, Sum: 4.4]
         [Processed Buffers: Min: 0, Avg: 10.2, Max: 30, Diff: 30, Sum: 41]
      [Scan RS (ms): Min: 0.0, Avg: 1.6, Max: 2.2, Diff: 2.2, Sum: 6.3]
      [Code Root Scanning (ms): Min: 0.0, Avg: 0.0, Max: 0.0, Diff: 0.0, Sum: 0.0]
      [Object Copy (ms): Min: 0.0, Avg: 2.5, Max: 3.4, Diff: 3.4, Sum: 10.0]
      [Termination (ms): Min: 0.0, Avg: 0.3, Max: 0.4, Diff: 0.4, Sum: 1.2]
         [Termination Attempts: Min: 1, Avg: 2.2, Max: 4, Diff: 3, Sum: 9]
      [GC Worker Other (ms): Min: 0.0, Avg: 0.0, Max: 0.0, Diff: 0.0, Sum: 0.0]
      [GC Worker Total (ms): Min: 7.3, Avg: 7.8, Max: 8.0, Diff: 0.7, Sum: 31.1]
      [GC Worker End (ms): Min: 523012.4, Avg: 523012.5, Max: 523012.5, Diff: 0.2]
   [Code Root Fixup: 0.0 ms]
   [Code Root Purge: 0.0 ms]
   [Clear CT: 0.0 ms]
   [Other: 5.8 ms]
      [Choose CSet: 0.0 ms]
      [Ref Proc: 5.6 ms]
      [Ref Enq: 0.0 ms]
      [Redirty Cards: 0.1 ms]
      [Humongous Register: 0.0 ms]
      [Humongous Reclaim: 0.0 ms]
      [Free CSet: 0.0 ms]
   [Eden: 10240.0K(10240.0K)->0.0B(10240.0K) Survivors: 2048.0K->2048.0K Heap: 162.6M(256.0M)->153.6M(256.0M)]
 [Times: user=0.03 sys=0.00, real=0.01 secs] 
2020-11-05T00:36:03.312-0800: 523.019: [GC concurrent-root-region-scan-start]
2020-11-05T00:36:03.317-0800: 523.023: [GC concurrent-root-region-scan-end, 0.0045750 secs]
2020-11-05T00:36:03.317-0800: 523.023: [GC concurrent-mark-start]
2020-11-05T00:36:03.347-0800: 523.054: [GC concurrent-mark-end, 0.0307496 secs]
2020-11-05T00:36:03.347-0800: 523.054: [GC remark 2020-11-05T00:36:03.348-0800: 523.054: [Finalize Marking, 0.0008545 secs] 2020-11-05T00:36:03.349-0800: 523.055: [GC ref-proc, 0.0003106 secs] 2020-11-05T00:36:03.349-0800: 523.056: [Unloading, 0.0059959 secs], 0.0089655 secs]
 [Times: user=0.01 sys=0.00, real=0.01 secs] 
2020-11-05T00:36:03.357-0800: 523.063: [GC cleanup 153M->153M(256M), 0.0006680 secs]
 [Times: user=0.00 sys=0.00, real=0.00 secs] 
2020-11-05T00:36:21.023-0800: 540.729: [GC pause (G1 Evacuation Pause) (young), 0.0226708 secs]
   [Parallel Time: 21.3 ms, GC Workers: 4]
      [GC Worker Start (ms): Min: 540729.6, Avg: 540729.9, Max: 540730.7, Diff: 1.1]
      [Ext Root Scanning (ms): Min: 0.4, Avg: 1.2, Max: 1.5, Diff: 1.1, Sum: 4.9]
      [Update RS (ms): Min: 4.0, Avg: 4.2, Max: 4.4, Diff: 0.5, Sum: 16.6]
         [Processed Buffers: Min: 6, Avg: 10.2, Max: 20, Diff: 14, Sum: 41]
      [Scan RS (ms): Min: 6.1, Avg: 6.6, Max: 6.9, Diff: 0.7, Sum: 26.4]
      [Code Root Scanning (ms): Min: 0.0, Avg: 0.0, Max: 0.1, Diff: 0.1, Sum: 0.1]
      [Object Copy (ms): Min: 8.8, Avg: 8.9, Max: 9.0, Diff: 0.2, Sum: 35.6]
      [Termination (ms): Min: 0.0, Avg: 0.0, Max: 0.0, Diff: 0.0, Sum: 0.0]
         [Termination Attempts: Min: 1, Avg: 3.0, Max: 5, Diff: 4, Sum: 12]
      [GC Worker Other (ms): Min: 0.0, Avg: 0.0, Max: 0.0, Diff: 0.0, Sum: 0.1]
      [GC Worker Total (ms): Min: 20.1, Avg: 20.9, Max: 21.2, Diff: 1.1, Sum: 83.7]
      [GC Worker End (ms): Min: 540750.8, Avg: 540750.9, Max: 540750.9, Diff: 0.0]
   [Code Root Fixup: 0.0 ms]
   [Code Root Purge: 0.0 ms]
   [Clear CT: 0.3 ms]
   [Other: 1.0 ms]
      [Choose CSet: 0.0 ms]
      [Ref Proc: 0.4 ms]
      [Ref Enq: 0.0 ms]
      [Redirty Cards: 0.2 ms]
      [Humongous Register: 0.0 ms]
      [Humongous Reclaim: 0.0 ms]
      [Free CSet: 0.1 ms]
   [Eden: 10240.0K(10240.0K)->0.0B(10240.0K) Survivors: 2048.0K->2048.0K Heap: 163.6M(256.0M)->154.6M(256.0M)]
 [Times: user=0.08 sys=0.00, real=0.02 secs] 
2020-11-05T00:36:36.812-0800: 556.518: [GC pause (G1 Evacuation Pause) (mixed), 0.0341990 secs]
   [Parallel Time: 27.4 ms, GC Workers: 4]
      [GC Worker Start (ms): Min: 556518.7, Avg: 556518.8, Max: 556518.8, Diff: 0.1]
      [Ext Root Scanning (ms): Min: 0.9, Avg: 1.0, Max: 1.3, Diff: 0.4, Sum: 4.1]
      [Update RS (ms): Min: 4.3, Avg: 4.6, Max: 5.3, Diff: 1.0, Sum: 18.6]
         [Processed Buffers: Min: 6, Avg: 10.5, Max: 15, Diff: 9, Sum: 42]
      [Scan RS (ms): Min: 9.3, Avg: 10.4, Max: 11.1, Diff: 1.8, Sum: 41.7]
      [Code Root Scanning (ms): Min: 0.0, Avg: 0.4, Max: 0.9, Diff: 0.9, Sum: 1.4]
      [Object Copy (ms): Min: 10.6, Avg: 10.7, Max: 10.8, Diff: 0.2, Sum: 42.9]
      [Termination (ms): Min: 0.0, Avg: 0.0, Max: 0.0, Diff: 0.0, Sum: 0.0]
         [Termination Attempts: Min: 1, Avg: 5.0, Max: 11, Diff: 10, Sum: 20]
      [GC Worker Other (ms): Min: 0.0, Avg: 0.0, Max: 0.0, Diff: 0.0, Sum: 0.1]
      [GC Worker Total (ms): Min: 27.2, Avg: 27.2, Max: 27.3, Diff: 0.1, Sum: 108.9]
      [GC Worker End (ms): Min: 556546.0, Avg: 556546.0, Max: 556546.0, Diff: 0.0]
   [Code Root Fixup: 0.0 ms]
   [Code Root Purge: 0.0 ms]
   [Clear CT: 3.7 ms]
   [Other: 3.0 ms]
      [Choose CSet: 0.0 ms]
      [Ref Proc: 2.2 ms]
      [Ref Enq: 0.0 ms]
      [Redirty Cards: 0.4 ms]
      [Humongous Register: 0.1 ms]
      [Humongous Reclaim: 0.0 ms]
      [Free CSet: 0.1 ms]
   [Eden: 10240.0K(10240.0K)->0.0B(10240.0K) Survivors: 2048.0K->2048.0K Heap: 164.6M(256.0M)->153.2M(256.0M)]
 [Times: user=0.11 sys=0.00, real=0.04 secs] 
2020-11-05T00:36:52.540-0800: 572.246: [GC pause (G1 Evacuation Pause) (mixed), 0.0231441 secs]
   [Parallel Time: 21.7 ms, GC Workers: 4]
      [GC Worker Start (ms): Min: 572246.7, Avg: 572246.8, Max: 572246.8, Diff: 0.1]
      [Ext Root Scanning (ms): Min: 1.2, Avg: 1.2, Max: 1.4, Diff: 0.2, Sum: 5.0]
      [Update RS (ms): Min: 4.7, Avg: 4.8, Max: 5.0, Diff: 0.3, Sum: 19.4]
         [Processed Buffers: Min: 2, Avg: 9.8, Max: 23, Diff: 21, Sum: 39]
      [Scan RS (ms): Min: 7.6, Avg: 8.1, Max: 8.4, Diff: 0.8, Sum: 32.4]
      [Code Root Scanning (ms): Min: 0.0, Avg: 0.2, Max: 0.7, Diff: 0.7, Sum: 0.8]
      [Object Copy (ms): Min: 7.0, Avg: 7.1, Max: 7.2, Diff: 0.2, Sum: 28.4]
      [Termination (ms): Min: 0.0, Avg: 0.0, Max: 0.0, Diff: 0.0, Sum: 0.0]
         [Termination Attempts: Min: 1, Avg: 2.0, Max: 4, Diff: 3, Sum: 8]
      [GC Worker Other (ms): Min: 0.0, Avg: 0.0, Max: 0.0, Diff: 0.0, Sum: 0.1]
      [GC Worker Total (ms): Min: 21.5, Avg: 21.5, Max: 21.6, Diff: 0.1, Sum: 86.1]
      [GC Worker End (ms): Min: 572268.3, Avg: 572268.3, Max: 572268.3, Diff: 0.0]
   [Code Root Fixup: 0.0 ms]
   [Code Root Purge: 0.0 ms]
   [Clear CT: 0.5 ms]
   [Other: 0.9 ms]
      [Choose CSet: 0.0 ms]
      [Ref Proc: 0.3 ms]
      [Ref Enq: 0.0 ms]
      [Redirty Cards: 0.2 ms]
      [Humongous Register: 0.0 ms]
      [Humongous Reclaim: 0.0 ms]
      [Free CSet: 0.1 ms]
   [Eden: 10240.0K(10240.0K)->0.0B(10240.0K) Survivors: 2048.0K->2048.0K Heap: 163.2M(256.0M)->153.6M(256.0M)]
 [Times: user=0.09 sys=0.00, real=0.03 secs] 
2020-11-05T00:37:08.402-0800: 588.109: [GC pause (G1 Evacuation Pause) (young), 0.0256777 secs]
   [Parallel Time: 24.3 ms, GC Workers: 4]
      [GC Worker Start (ms): Min: 588109.2, Avg: 588109.4, Max: 588110.1, Diff: 0.9]
      [Ext Root Scanning (ms): Min: 0.4, Avg: 1.0, Max: 1.3, Diff: 0.9, Sum: 4.1]
      [Update RS (ms): Min: 3.9, Avg: 4.3, Max: 4.7, Diff: 0.8, Sum: 17.0]
         [Processed Buffers: Min: 2, Avg: 9.8, Max: 19, Diff: 17, Sum: 39]
      [Scan RS (ms): Min: 6.8, Avg: 7.1, Max: 7.3, Diff: 0.6, Sum: 28.2]
      [Code Root Scanning (ms): Min: 0.0, Avg: 0.0, Max: 0.0, Diff: 0.0, Sum: 0.0]
      [Object Copy (ms): Min: 9.6, Avg: 10.2, Max: 11.5, Diff: 1.9, Sum: 40.8]
      [Termination (ms): Min: 0.0, Avg: 1.3, Max: 1.8, Diff: 1.8, Sum: 5.4]
         [Termination Attempts: Min: 1, Avg: 1.0, Max: 1, Diff: 0, Sum: 4]
      [GC Worker Other (ms): Min: 0.0, Avg: 0.0, Max: 0.0, Diff: 0.0, Sum: 0.1]
      [GC Worker Total (ms): Min: 23.3, Avg: 23.9, Max: 24.2, Diff: 1.0, Sum: 95.6]
      [GC Worker End (ms): Min: 588133.2, Avg: 588133.3, Max: 588133.4, Diff: 0.2]
   [Code Root Fixup: 0.0 ms]
   [Code Root Purge: 0.0 ms]
   [Clear CT: 0.4 ms]
   [Other: 1.0 ms]
      [Choose CSet: 0.0 ms]
      [Ref Proc: 0.4 ms]
      [Ref Enq: 0.0 ms]
      [Redirty Cards: 0.2 ms]
      [Humongous Register: 0.0 ms]
      [Humongous Reclaim: 0.0 ms]
      [Free CSet: 0.1 ms]
   [Eden: 10240.0K(10240.0K)->0.0B(10240.0K) Survivors: 2048.0K->2048.0K Heap: 163.6M(256.0M)->154.6M(256.0M)]
 [Times: user=0.09 sys=0.00, real=0.02 secs] 
2020-11-05T00:37:24.155-0800: 603.861: [GC pause (G1 Evacuation Pause) (young) (initial-mark), 0.0076552 secs]
   [Parallel Time: 7.1 ms, GC Workers: 4]
      [GC Worker Start (ms): Min: 603861.3, Avg: 603861.3, Max: 603861.3, Diff: 0.0]
      [Ext Root Scanning (ms): Min: 0.6, Avg: 0.6, Max: 0.6, Diff: 0.1, Sum: 2.4]
      [Update RS (ms): Min: 1.0, Avg: 1.0, Max: 1.0, Diff: 0.1, Sum: 4.0]
         [Processed Buffers: Min: 1, Avg: 9.2, Max: 27, Diff: 26, Sum: 37]
      [Scan RS (ms): Min: 2.1, Avg: 2.2, Max: 2.2, Diff: 0.1, Sum: 8.6]
      [Code Root Scanning (ms): Min: 0.0, Avg: 0.0, Max: 0.0, Diff: 0.0, Sum: 0.0]
      [Object Copy (ms): Min: 3.2, Avg: 3.2, Max: 3.3, Diff: 0.1, Sum: 12.9]
      [Termination (ms): Min: 0.0, Avg: 0.0, Max: 0.0, Diff: 0.0, Sum: 0.0]
         [Termination Attempts: Min: 1, Avg: 4.8, Max: 9, Diff: 8, Sum: 19]
      [GC Worker Other (ms): Min: 0.0, Avg: 0.0, Max: 0.0, Diff: 0.0, Sum: 0.0]
      [GC Worker Total (ms): Min: 7.0, Avg: 7.0, Max: 7.0, Diff: 0.0, Sum: 27.9]
      [GC Worker End (ms): Min: 603868.3, Avg: 603868.3, Max: 603868.3, Diff: 0.0]
   [Code Root Fixup: 0.0 ms]
   [Code Root Purge: 0.0 ms]
   [Clear CT: 0.1 ms]
   [Other: 0.5 ms]
      [Choose CSet: 0.0 ms]
      [Ref Proc: 0.4 ms]
      [Ref Enq: 0.0 ms]
      [Redirty Cards: 0.0 ms]
      [Humongous Register: 0.0 ms]
      [Humongous Reclaim: 0.0 ms]
      [Free CSet: 0.0 ms]
   [Eden: 10240.0K(10240.0K)->0.0B(10240.0K) Survivors: 2048.0K->2048.0K Heap: 164.6M(256.0M)->155.7M(256.0M)]
 [Times: user=0.03 sys=0.00, real=0.01 secs] 
2020-11-05T00:37:24.162-0800: 603.869: [GC concurrent-root-region-scan-start]
2020-11-05T00:37:24.165-0800: 603.872: [GC concurrent-root-region-scan-end, 0.0028116 secs]
2020-11-05T00:37:24.165-0800: 603.872: [GC concurrent-mark-start]
2020-11-05T00:37:24.204-0800: 603.911: [GC concurrent-mark-end, 0.0388730 secs]
2020-11-05T00:37:24.204-0800: 603.911: [GC remark 2020-11-05T00:37:24.204-0800: 603.911: [Finalize Marking, 0.0030271 secs] 2020-11-05T00:37:24.208-0800: 603.914: [GC ref-proc, 0.0003436 secs] 2020-11-05T00:37:24.209-0800: 603.915: [Unloading, 0.0447696 secs], 0.0506926 secs]
 [Times: user=0.02 sys=0.00, real=0.05 secs] 
2020-11-05T00:37:24.256-0800: 603.962: [GC cleanup 155M->155M(256M), 0.0008039 secs]
 [Times: user=0.00 sys=0.00, real=0.00 secs] 
2020-11-05T00:37:39.908-0800: 619.615: [GC pause (G1 Evacuation Pause) (young), 0.0193711 secs]
   [Parallel Time: 18.3 ms, GC Workers: 4]
      [GC Worker Start (ms): Min: 619615.3, Avg: 619615.3, Max: 619615.4, Diff: 0.1]
      [Ext Root Scanning (ms): Min: 0.9, Avg: 1.0, Max: 1.1, Diff: 0.2, Sum: 4.1]
      [Update RS (ms): Min: 3.2, Avg: 3.5, Max: 3.7, Diff: 0.5, Sum: 14.0]
         [Processed Buffers: Min: 2, Avg: 10.0, Max: 23, Diff: 21, Sum: 40]
      [Scan RS (ms): Min: 5.4, Avg: 5.8, Max: 6.2, Diff: 0.8, Sum: 23.2]
      [Code Root Scanning (ms): Min: 0.0, Avg: 0.0, Max: 0.0, Diff: 0.0, Sum: 0.0]
      [Object Copy (ms): Min: 7.4, Avg: 7.8, Max: 8.0, Diff: 0.6, Sum: 31.1]
      [Termination (ms): Min: 0.0, Avg: 0.0, Max: 0.0, Diff: 0.0, Sum: 0.0]
         [Termination Attempts: Min: 1, Avg: 2.2, Max: 3, Diff: 2, Sum: 9]
      [GC Worker Other (ms): Min: 0.0, Avg: 0.0, Max: 0.0, Diff: 0.0, Sum: 0.1]
      [GC Worker Total (ms): Min: 18.1, Avg: 18.1, Max: 18.2, Diff: 0.1, Sum: 72.5]
      [GC Worker End (ms): Min: 619633.4, Avg: 619633.5, Max: 619633.5, Diff: 0.0]
   [Code Root Fixup: 0.0 ms]
   [Code Root Purge: 0.0 ms]
   [Clear CT: 0.2 ms]
   [Other: 0.9 ms]
      [Choose CSet: 0.0 ms]
      [Ref Proc: 0.4 ms]
      [Ref Enq: 0.0 ms]
      [Redirty Cards: 0.1 ms]
      [Humongous Register: 0.0 ms]
      [Humongous Reclaim: 0.0 ms]
      [Free CSet: 0.1 ms]
   [Eden: 10240.0K(10240.0K)->0.0B(10240.0K) Survivors: 2048.0K->2048.0K Heap: 165.7M(256.0M)->157.2M(256.0M)]
 [Times: user=0.07 sys=0.00, real=0.02 secs] 
2020-11-05T00:37:55.455-0800: 635.162: [GC pause (G1 Evacuation Pause) (mixed), 0.0271880 secs]
   [Parallel Time: 23.2 ms, GC Workers: 4]
      [GC Worker Start (ms): Min: 635161.9, Avg: 635162.0, Max: 635162.1, Diff: 0.1]
      [Ext Root Scanning (ms): Min: 1.2, Avg: 1.2, Max: 1.3, Diff: 0.2, Sum: 4.8]
      [Update RS (ms): Min: 2.9, Avg: 3.0, Max: 3.4, Diff: 0.5, Sum: 12.1]
         [Processed Buffers: Min: 2, Avg: 9.5, Max: 20, Diff: 18, Sum: 38]
      [Scan RS (ms): Min: 10.4, Avg: 12.6, Max: 18.2, Diff: 7.9, Sum: 50.4]
      [Code Root Scanning (ms): Min: 0.0, Avg: 0.1, Max: 0.3, Diff: 0.3, Sum: 0.3]
      [Object Copy (ms): Min: 0.2, Avg: 5.4, Max: 7.2, Diff: 7.0, Sum: 21.5]
      [Termination (ms): Min: 0.0, Avg: 0.6, Max: 0.9, Diff: 0.9, Sum: 2.5]
         [Termination Attempts: Min: 1, Avg: 2.5, Max: 5, Diff: 4, Sum: 10]
      [GC Worker Other (ms): Min: 0.0, Avg: 0.0, Max: 0.0, Diff: 0.0, Sum: 0.1]
      [GC Worker Total (ms): Min: 22.7, Avg: 22.9, Max: 23.0, Diff: 0.3, Sum: 91.7]
      [GC Worker End (ms): Min: 635184.8, Avg: 635184.9, Max: 635185.0, Diff: 0.3]
   [Code Root Fixup: 0.0 ms]
   [Code Root Purge: 0.0 ms]
   [Clear CT: 0.1 ms]
   [Other: 3.9 ms]
      [Choose CSet: 0.0 ms]
      [Ref Proc: 3.3 ms]
      [Ref Enq: 0.0 ms]
      [Redirty Cards: 0.1 ms]
      [Humongous Register: 0.0 ms]
      [Humongous Reclaim: 0.0 ms]
      [Free CSet: 0.1 ms]
   [Eden: 10240.0K(10240.0K)->0.0B(10240.0K) Survivors: 2048.0K->2048.0K Heap: 167.2M(256.0M)->154.5M(256.0M)]
 [Times: user=0.09 sys=0.00, real=0.03 secs] 
2020-11-05T00:38:11.239-0800: 650.946: [GC pause (G1 Evacuation Pause) (mixed), 0.0072122 secs]
   [Parallel Time: 7.0 ms, GC Workers: 4]
      [GC Worker Start (ms): Min: 650945.6, Avg: 650945.6, Max: 650945.6, Diff: 0.0]
      [Ext Root Scanning (ms): Min: 0.3, Avg: 0.4, Max: 0.5, Diff: 0.2, Sum: 1.5]
      [Update RS (ms): Min: 0.8, Avg: 0.9, Max: 0.9, Diff: 0.2, Sum: 3.4]
         [Processed Buffers: Min: 2, Avg: 8.5, Max: 14, Diff: 12, Sum: 34]
      [Scan RS (ms): Min: 2.5, Avg: 2.6, Max: 2.6, Diff: 0.1, Sum: 10.4]
      [Code Root Scanning (ms): Min: 0.0, Avg: 0.0, Max: 0.1, Diff: 0.1, Sum: 0.1]
      [Object Copy (ms): Min: 3.0, Avg: 3.0, Max: 3.1, Diff: 0.1, Sum: 12.1]
      [Termination (ms): Min: 0.0, Avg: 0.0, Max: 0.0, Diff: 0.0, Sum: 0.0]
         [Termination Attempts: Min: 1, Avg: 2.5, Max: 3, Diff: 2, Sum: 10]
      [GC Worker Other (ms): Min: 0.0, Avg: 0.0, Max: 0.0, Diff: 0.0, Sum: 0.0]
      [GC Worker Total (ms): Min: 6.9, Avg: 6.9, Max: 6.9, Diff: 0.0, Sum: 27.6]
      [GC Worker End (ms): Min: 650952.5, Avg: 650952.5, Max: 650952.5, Diff: 0.0]
   [Code Root Fixup: 0.0 ms]
   [Code Root Purge: 0.0 ms]
   [Clear CT: 0.0 ms]
   [Other: 0.2 ms]
      [Choose CSet: 0.0 ms]
      [Ref Proc: 0.1 ms]
      [Ref Enq: 0.0 ms]
      [Redirty Cards: 0.0 ms]
      [Humongous Register: 0.0 ms]
      [Humongous Reclaim: 0.0 ms]
      [Free CSet: 0.0 ms]
   [Eden: 10240.0K(10240.0K)->0.0B(10240.0K) Survivors: 2048.0K->2048.0K Heap: 164.5M(256.0M)->153.9M(256.0M)]
 [Times: user=0.02 sys=0.00, real=0.02 secs] 
2020-11-05T00:38:26.503-0800: 666.210: [GC pause (G1 Evacuation Pause) (young), 0.0111033 secs]
   [Parallel Time: 10.2 ms, GC Workers: 4]
      [GC Worker Start (ms): Min: 666210.3, Avg: 666210.5, Max: 666210.6, Diff: 0.3]
      [Ext Root Scanning (ms): Min: 0.3, Avg: 0.4, Max: 0.9, Diff: 0.6, Sum: 1.8]
      [Update RS (ms): Min: 0.0, Avg: 1.1, Max: 2.3, Diff: 2.3, Sum: 4.3]
         [Processed Buffers: Min: 0, Avg: 9.2, Max: 28, Diff: 28, Sum: 37]
      [Scan RS (ms): Min: 0.1, Avg: 3.0, Max: 7.2, Diff: 7.1, Sum: 11.9]
      [Code Root Scanning (ms): Min: 0.0, Avg: 0.0, Max: 0.0, Diff: 0.0, Sum: 0.0]
      [Object Copy (ms): Min: 0.0, Avg: 4.8, Max: 8.7, Diff: 8.7, Sum: 19.4]
      [Termination (ms): Min: 0.0, Avg: 0.5, Max: 0.7, Diff: 0.7, Sum: 2.1]
         [Termination Attempts: Min: 1, Avg: 10.2, Max: 19, Diff: 18, Sum: 41]
      [GC Worker Other (ms): Min: 0.0, Avg: 0.0, Max: 0.0, Diff: 0.0, Sum: 0.0]
      [GC Worker Total (ms): Min: 9.8, Avg: 9.9, Max: 10.1, Diff: 0.3, Sum: 39.5]
      [GC Worker End (ms): Min: 666220.4, Avg: 666220.4, Max: 666220.4, Diff: 0.0]
   [Code Root Fixup: 0.0 ms]
   [Code Root Purge: 0.0 ms]
   [Clear CT: 0.0 ms]
   [Other: 0.9 ms]
      [Choose CSet: 0.0 ms]
      [Ref Proc: 0.6 ms]
      [Ref Enq: 0.0 ms]
      [Redirty Cards: 0.0 ms]
      [Humongous Register: 0.0 ms]
      [Humongous Reclaim: 0.0 ms]
      [Free CSet: 0.0 ms]
   [Eden: 10240.0K(10240.0K)->0.0B(10240.0K) Survivors: 2048.0K->2048.0K Heap: 163.9M(256.0M)->155.3M(256.0M)]
 [Times: user=0.03 sys=0.00, real=0.01 secs] 
2020-11-05T00:38:41.381-0800: 681.087: [GC pause (G1 Evacuation Pause) (young) (initial-mark), 0.0234334 secs]
   [Parallel Time: 22.3 ms, GC Workers: 4]
      [GC Worker Start (ms): Min: 681087.7, Avg: 681088.2, Max: 681088.7, Diff: 1.0]
      [Ext Root Scanning (ms): Min: 0.9, Avg: 1.4, Max: 1.9, Diff: 1.0, Sum: 5.6]
      [Update RS (ms): Min: 3.7, Avg: 4.1, Max: 4.7, Diff: 1.0, Sum: 16.4]
         [Processed Buffers: Min: 3, Avg: 9.5, Max: 20, Diff: 17, Sum: 38]
      [Scan RS (ms): Min: 7.1, Avg: 7.6, Max: 7.9, Diff: 0.8, Sum: 30.4]
      [Code Root Scanning (ms): Min: 0.0, Avg: 0.0, Max: 0.0, Diff: 0.0, Sum: 0.0]
      [Object Copy (ms): Min: 8.4, Avg: 8.6, Max: 8.6, Diff: 0.2, Sum: 34.2]
      [Termination (ms): Min: 0.0, Avg: 0.0, Max: 0.0, Diff: 0.0, Sum: 0.0]
         [Termination Attempts: Min: 1, Avg: 2.5, Max: 4, Diff: 3, Sum: 10]
      [GC Worker Other (ms): Min: 0.0, Avg: 0.0, Max: 0.0, Diff: 0.0, Sum: 0.1]
      [GC Worker Total (ms): Min: 21.2, Avg: 21.7, Max: 22.2, Diff: 1.0, Sum: 86.8]
      [GC Worker End (ms): Min: 681109.9, Avg: 681109.9, Max: 681109.9, Diff: 0.0]
   [Code Root Fixup: 0.0 ms]
   [Code Root Purge: 0.0 ms]
   [Clear CT: 0.1 ms]
   [Other: 0.9 ms]
      [Choose CSet: 0.0 ms]
      [Ref Proc: 0.4 ms]
      [Ref Enq: 0.0 ms]
      [Redirty Cards: 0.2 ms]
      [Humongous Register: 0.0 ms]
      [Humongous Reclaim: 0.0 ms]
      [Free CSet: 0.1 ms]
   [Eden: 10240.0K(10240.0K)->0.0B(10240.0K) Survivors: 2048.0K->2048.0K Heap: 165.3M(256.0M)->156.2M(256.0M)]
 [Times: user=0.08 sys=0.00, real=0.02 secs] 
2020-11-05T00:38:41.405-0800: 681.112: [GC concurrent-root-region-scan-start]
2020-11-05T00:38:41.417-0800: 681.124: [GC concurrent-root-region-scan-end, 0.0119293 secs]
2020-11-05T00:38:41.417-0800: 681.124: [GC concurrent-mark-start]
2020-11-05T00:38:41.469-0800: 681.176: [GC concurrent-mark-end, 0.0519815 secs]
2020-11-05T00:38:41.469-0800: 681.176: [GC remark 2020-11-05T00:38:41.471-0800: 681.177: [Finalize Marking, 0.0080579 secs] 2020-11-05T00:38:41.479-0800: 681.185: [GC ref-proc, 0.0003025 secs] 2020-11-05T00:38:41.479-0800: 681.186: [Unloading, 0.0075004 secs], 0.0194278 secs]
 [Times: user=0.02 sys=0.00, real=0.02 secs] 
2020-11-05T00:38:41.489-0800: 681.195: [GC cleanup 156M->156M(256M), 0.0006826 secs]
 [Times: user=0.00 sys=0.00, real=0.00 secs] 
2020-11-05T00:38:56.693-0800: 696.400: [GC pause (G1 Evacuation Pause) (young), 0.0306892 secs]
   [Parallel Time: 27.5 ms, GC Workers: 4]
      [GC Worker Start (ms): Min: 696400.2, Avg: 696401.8, Max: 696406.6, Diff: 6.4]
      [Ext Root Scanning (ms): Min: 0.0, Avg: 0.9, Max: 1.3, Diff: 1.3, Sum: 3.7]
      [Update RS (ms): Min: 0.0, Avg: 2.6, Max: 3.9, Diff: 3.9, Sum: 10.3]
         [Processed Buffers: Min: 0, Avg: 9.5, Max: 32, Diff: 32, Sum: 38]
      [Scan RS (ms): Min: 5.8, Avg: 11.2, Max: 21.9, Diff: 16.2, Sum: 44.8]
      [Code Root Scanning (ms): Min: 0.0, Avg: 0.0, Max: 0.0, Diff: 0.0, Sum: 0.0]
      [Object Copy (ms): Min: 0.0, Avg: 8.9, Max: 12.6, Diff: 12.6, Sum: 35.5]
      [Termination (ms): Min: 0.0, Avg: 1.6, Max: 2.6, Diff: 2.6, Sum: 6.4]
         [Termination Attempts: Min: 1, Avg: 2.8, Max: 4, Diff: 3, Sum: 11]
      [GC Worker Other (ms): Min: 0.0, Avg: 0.0, Max: 0.0, Diff: 0.0, Sum: 0.1]
      [GC Worker Total (ms): Min: 20.1, Avg: 25.2, Max: 27.4, Diff: 7.2, Sum: 100.8]
      [GC Worker End (ms): Min: 696426.7, Avg: 696427.0, Max: 696427.6, Diff: 0.9]
   [Code Root Fixup: 0.0 ms]
   [Code Root Purge: 0.0 ms]
   [Clear CT: 0.1 ms]
   [Other: 3.0 ms]
      [Choose CSet: 0.0 ms]
      [Ref Proc: 2.4 ms]
      [Ref Enq: 0.0 ms]
      [Redirty Cards: 0.2 ms]
      [Humongous Register: 0.0 ms]
      [Humongous Reclaim: 0.0 ms]
      [Free CSet: 0.1 ms]
   [Eden: 10240.0K(10240.0K)->0.0B(10240.0K) Survivors: 2048.0K->2048.0K Heap: 166.2M(256.0M)->156.6M(256.0M)]
 [Times: user=0.07 sys=0.01, real=0.03 secs] 
2020-11-05T00:39:12.378-0800: 712.085: [GC pause (G1 Evacuation Pause) (mixed), 0.0259315 secs]
   [Parallel Time: 24.7 ms, GC Workers: 4]
      [GC Worker Start (ms): Min: 712084.7, Avg: 712085.2, Max: 712086.4, Diff: 1.6]
      [Ext Root Scanning (ms): Min: 0.0, Avg: 1.0, Max: 1.4, Diff: 1.4, Sum: 4.0]
      [Update RS (ms): Min: 2.2, Avg: 2.5, Max: 3.1, Diff: 0.9, Sum: 10.0]
         [Processed Buffers: Min: 6, Avg: 8.5, Max: 12, Diff: 6, Sum: 34]
      [Scan RS (ms): Min: 8.2, Avg: 8.9, Max: 9.3, Diff: 1.1, Sum: 35.8]
      [Code Root Scanning (ms): Min: 0.0, Avg: 0.3, Max: 0.7, Diff: 0.7, Sum: 1.0]
      [Object Copy (ms): Min: 11.2, Avg: 11.4, Max: 11.7, Diff: 0.5, Sum: 45.6]
      [Termination (ms): Min: 0.0, Avg: 0.0, Max: 0.0, Diff: 0.0, Sum: 0.0]
         [Termination Attempts: Min: 1, Avg: 1.2, Max: 2, Diff: 1, Sum: 5]
      [GC Worker Other (ms): Min: 0.0, Avg: 0.0, Max: 0.0, Diff: 0.0, Sum: 0.1]
      [GC Worker Total (ms): Min: 22.9, Avg: 24.1, Max: 24.6, Diff: 1.6, Sum: 96.5]
      [GC Worker End (ms): Min: 712109.3, Avg: 712109.3, Max: 712109.3, Diff: 0.0]
   [Code Root Fixup: 0.0 ms]
   [Code Root Purge: 0.0 ms]
   [Clear CT: 0.3 ms]
   [Other: 1.0 ms]
      [Choose CSet: 0.0 ms]
      [Ref Proc: 0.3 ms]
      [Ref Enq: 0.0 ms]
      [Redirty Cards: 0.2 ms]
      [Humongous Register: 0.0 ms]
      [Humongous Reclaim: 0.0 ms]
      [Free CSet: 0.1 ms]
   [Eden: 10240.0K(10240.0K)->0.0B(10240.0K) Survivors: 2048.0K->2048.0K Heap: 166.6M(256.0M)->154.6M(256.0M)]
 [Times: user=0.10 sys=0.00, real=0.03 secs] 
2020-11-05T00:39:27.747-0800: 727.454: [GC pause (G1 Evacuation Pause) (mixed), 0.0297744 secs]
   [Parallel Time: 28.2 ms, GC Workers: 4]
      [GC Worker Start (ms): Min: 727453.7, Avg: 727453.9, Max: 727454.5, Diff: 0.9]
      [Ext Root Scanning (ms): Min: 0.0, Avg: 0.4, Max: 0.5, Diff: 0.5, Sum: 1.5]
      [Update RS (ms): Min: 0.6, Avg: 0.9, Max: 1.0, Diff: 0.5, Sum: 3.5]
         [Processed Buffers: Min: 1, Avg: 9.2, Max: 18, Diff: 17, Sum: 37]
      [Scan RS (ms): Min: 3.2, Avg: 3.3, Max: 3.4, Diff: 0.1, Sum: 13.3]
      [Code Root Scanning (ms): Min: 0.0, Avg: 0.0, Max: 0.0, Diff: 0.0, Sum: 0.0]
      [Object Copy (ms): Min: 4.8, Avg: 9.3, Max: 22.6, Diff: 17.8, Sum: 37.2]
      [Termination (ms): Min: 0.0, Avg: 13.5, Max: 18.3, Diff: 18.3, Sum: 54.0]
         [Termination Attempts: Min: 1, Avg: 2.5, Max: 5, Diff: 4, Sum: 10]
      [GC Worker Other (ms): Min: 0.0, Avg: 0.0, Max: 0.0, Diff: 0.0, Sum: 0.0]
      [GC Worker Total (ms): Min: 27.1, Avg: 27.4, Max: 27.6, Diff: 0.5, Sum: 109.6]
      [GC Worker End (ms): Min: 727481.1, Avg: 727481.3, Max: 727481.6, Diff: 0.5]
   [Code Root Fixup: 0.0 ms]
   [Code Root Purge: 0.0 ms]
   [Clear CT: 0.1 ms]
   [Other: 1.5 ms]
      [Choose CSet: 0.0 ms]
      [Ref Proc: 1.2 ms]
      [Ref Enq: 0.0 ms]
      [Redirty Cards: 0.1 ms]
      [Humongous Register: 0.0 ms]
      [Humongous Reclaim: 0.0 ms]
      [Free CSet: 0.0 ms]
   [Eden: 10240.0K(10240.0K)->0.0B(10240.0K) Survivors: 2048.0K->2048.0K Heap: 164.6M(256.0M)->153.5M(256.0M)]
 [Times: user=0.07 sys=0.00, real=0.03 secs] 
2020-11-05T00:39:43.339-0800: 743.046: [GC pause (G1 Evacuation Pause) (young), 0.0277240 secs]
   [Parallel Time: 23.3 ms, GC Workers: 4]
      [GC Worker Start (ms): Min: 743046.2, Avg: 743050.1, Max: 743054.6, Diff: 8.4]
      [Ext Root Scanning (ms): Min: 0.0, Avg: 0.7, Max: 2.8, Diff: 2.8, Sum: 2.9]
      [Update RS (ms): Min: 0.0, Avg: 3.5, Max: 6.5, Diff: 6.5, Sum: 14.0]
         [Processed Buffers: Min: 0, Avg: 8.5, Max: 18, Diff: 18, Sum: 34]
      [Scan RS (ms): Min: 4.9, Avg: 6.1, Max: 7.0, Diff: 2.2, Sum: 24.5]
      [Code Root Scanning (ms): Min: 0.0, Avg: 0.0, Max: 0.0, Diff: 0.0, Sum: 0.0]
      [Object Copy (ms): Min: 8.6, Avg: 8.7, Max: 8.8, Diff: 0.2, Sum: 34.6]
      [Termination (ms): Min: 0.0, Avg: 0.0, Max: 0.0, Diff: 0.0, Sum: 0.0]
         [Termination Attempts: Min: 1, Avg: 2.0, Max: 4, Diff: 3, Sum: 8]
      [GC Worker Other (ms): Min: 0.0, Avg: 0.0, Max: 0.0, Diff: 0.0, Sum: 0.1]
      [GC Worker Total (ms): Min: 14.5, Avg: 19.0, Max: 23.0, Diff: 8.4, Sum: 76.2]
      [GC Worker End (ms): Min: 743069.1, Avg: 743069.1, Max: 743069.1, Diff: 0.0]
   [Code Root Fixup: 0.0 ms]
   [Code Root Purge: 0.0 ms]
   [Clear CT: 0.1 ms]
   [Other: 4.2 ms]
      [Choose CSet: 0.0 ms]
      [Ref Proc: 3.7 ms]
      [Ref Enq: 0.0 ms]
      [Redirty Cards: 0.1 ms]
      [Humongous Register: 0.0 ms]
      [Humongous Reclaim: 0.0 ms]
      [Free CSet: 0.1 ms]
   [Eden: 10240.0K(10240.0K)->0.0B(10240.0K) Survivors: 2048.0K->2048.0K Heap: 163.5M(256.0M)->154.4M(256.0M)]
 [Times: user=0.07 sys=0.00, real=0.03 secs] 
2020-11-05T00:39:59.853-0800: 759.560: [GC pause (G1 Evacuation Pause) (young) (initial-mark), 0.0432434 secs]
   [Parallel Time: 38.8 ms, GC Workers: 4]
      [GC Worker Start (ms): Min: 759560.0, Avg: 759561.3, Max: 759562.7, Diff: 2.7]
      [Ext Root Scanning (ms): Min: 0.1, Avg: 3.4, Max: 6.9, Diff: 6.8, Sum: 13.8]
      [Update RS (ms): Min: 1.0, Avg: 5.4, Max: 11.8, Diff: 10.8, Sum: 21.5]
         [Processed Buffers: Min: 1, Avg: 10.0, Max: 18, Diff: 17, Sum: 40]
      [Scan RS (ms): Min: 1.2, Avg: 11.0, Max: 29.1, Diff: 28.0, Sum: 43.8]
      [Code Root Scanning (ms): Min: 0.0, Avg: 0.0, Max: 0.0, Diff: 0.0, Sum: 0.0]
      [Object Copy (ms): Min: 0.3, Avg: 15.7, Max: 22.8, Diff: 22.5, Sum: 62.9]
      [Termination (ms): Min: 0.0, Avg: 1.8, Max: 5.6, Diff: 5.6, Sum: 7.1]
         [Termination Attempts: Min: 1, Avg: 1.0, Max: 1, Diff: 0, Sum: 4]
      [GC Worker Other (ms): Min: 0.0, Avg: 0.0, Max: 0.0, Diff: 0.0, Sum: 0.1]
      [GC Worker Total (ms): Min: 35.8, Avg: 37.3, Max: 38.6, Diff: 2.8, Sum: 149.1]
      [GC Worker End (ms): Min: 759598.6, Avg: 759598.6, Max: 759598.6, Diff: 0.1]
   [Code Root Fixup: 0.0 ms]
   [Code Root Purge: 0.0 ms]
   [Clear CT: 0.3 ms]
   [Other: 4.2 ms]
      [Choose CSet: 0.0 ms]
      [Ref Proc: 3.8 ms]
      [Ref Enq: 0.0 ms]
      [Redirty Cards: 0.1 ms]
      [Humongous Register: 0.0 ms]
      [Humongous Reclaim: 0.0 ms]
      [Free CSet: 0.0 ms]
   [Eden: 10240.0K(10240.0K)->0.0B(10240.0K) Survivors: 2048.0K->2048.0K Heap: 164.4M(256.0M)->154.0M(256.0M)]
 [Times: user=0.07 sys=0.00, real=0.04 secs] 
2020-11-05T00:39:59.897-0800: 759.603: [GC concurrent-root-region-scan-start]
2020-11-05T00:39:59.900-0800: 759.607: [GC concurrent-root-region-scan-end, 0.0034578 secs]
2020-11-05T00:39:59.900-0800: 759.607: [GC concurrent-mark-start]
2020-11-05T00:39:59.939-0800: 759.646: [GC concurrent-mark-end, 0.0387509 secs]
2020-11-05T00:39:59.940-0800: 759.647: [GC remark 2020-11-05T00:39:59.940-0800: 759.647: [Finalize Marking, 0.0091959 secs] 2020-11-05T00:39:59.951-0800: 759.658: [GC ref-proc, 0.0003052 secs] 2020-11-05T00:39:59.951-0800: 759.658: [Unloading, 0.0068237 secs], 0.0199855 secs]
 [Times: user=0.02 sys=0.00, real=0.02 secs] 
2020-11-05T00:39:59.968-0800: 759.675: [GC cleanup 154M->154M(256M), 0.0006018 secs]
 [Times: user=0.00 sys=0.00, real=0.00 secs] 
2020-11-05T00:40:15.574-0800: 775.280: [GC pause (G1 Evacuation Pause) (young), 0.0222423 secs]
   [Parallel Time: 20.9 ms, GC Workers: 4]
      [GC Worker Start (ms): Min: 775280.4, Avg: 775280.9, Max: 775282.1, Diff: 1.7]
      [Ext Root Scanning (ms): Min: 0.0, Avg: 0.9, Max: 1.3, Diff: 1.2, Sum: 3.6]
      [Update RS (ms): Min: 1.4, Avg: 1.9, Max: 2.6, Diff: 1.2, Sum: 7.7]
         [Processed Buffers: Min: 4, Avg: 8.2, Max: 14, Diff: 10, Sum: 33]
      [Scan RS (ms): Min: 5.8, Avg: 6.4, Max: 6.7, Diff: 0.9, Sum: 25.6]
      [Code Root Scanning (ms): Min: 0.0, Avg: 0.0, Max: 0.0, Diff: 0.0, Sum: 0.0]
      [Object Copy (ms): Min: 10.9, Avg: 11.0, Max: 11.1, Diff: 0.2, Sum: 44.0]
      [Termination (ms): Min: 0.0, Avg: 0.0, Max: 0.0, Diff: 0.0, Sum: 0.0]
         [Termination Attempts: Min: 1, Avg: 1.8, Max: 3, Diff: 2, Sum: 7]
      [GC Worker Other (ms): Min: 0.0, Avg: 0.0, Max: 0.0, Diff: 0.0, Sum: 0.1]
      [GC Worker Total (ms): Min: 19.0, Avg: 20.3, Max: 20.7, Diff: 1.7, Sum: 81.1]
      [GC Worker End (ms): Min: 775301.1, Avg: 775301.1, Max: 775301.1, Diff: 0.0]
   [Code Root Fixup: 0.0 ms]
   [Code Root Purge: 0.0 ms]
   [Clear CT: 0.4 ms]
   [Other: 0.9 ms]
      [Choose CSet: 0.0 ms]
      [Ref Proc: 0.2 ms]
      [Ref Enq: 0.0 ms]
      [Redirty Cards: 0.3 ms]
      [Humongous Register: 0.0 ms]
      [Humongous Reclaim: 0.0 ms]
      [Free CSet: 0.1 ms]
   [Eden: 10240.0K(10240.0K)->0.0B(10240.0K) Survivors: 2048.0K->2048.0K Heap: 164.0M(256.0M)->155.1M(256.0M)]
 [Times: user=0.08 sys=0.00, real=0.02 secs] 
2020-11-05T00:40:31.284-0800: 790.990: [GC pause (G1 Evacuation Pause) (mixed), 0.0541549 secs]
   [Parallel Time: 52.0 ms, GC Workers: 4]
      [GC Worker Start (ms): Min: 790990.8, Avg: 790990.8, Max: 790990.9, Diff: 0.1]
      [Ext Root Scanning (ms): Min: 1.0, Avg: 1.0, Max: 1.1, Diff: 0.1, Sum: 4.1]
      [Update RS (ms): Min: 2.1, Avg: 2.1, Max: 2.3, Diff: 0.2, Sum: 8.5]
         [Processed Buffers: Min: 1, Avg: 8.8, Max: 19, Diff: 18, Sum: 35]
      [Scan RS (ms): Min: 13.2, Avg: 17.3, Max: 29.5, Diff: 16.4, Sum: 69.1]
      [Code Root Scanning (ms): Min: 0.0, Avg: 0.0, Max: 0.1, Diff: 0.1, Sum: 0.1]
      [Object Copy (ms): Min: 13.0, Avg: 26.4, Max: 34.1, Diff: 21.1, Sum: 105.5]
      [Termination (ms): Min: 0.0, Avg: 4.1, Max: 6.2, Diff: 6.2, Sum: 16.6]
         [Termination Attempts: Min: 1, Avg: 1.8, Max: 3, Diff: 2, Sum: 7]
      [GC Worker Other (ms): Min: 0.0, Avg: 0.0, Max: 0.0, Diff: 0.0, Sum: 0.1]
      [GC Worker Total (ms): Min: 50.5, Avg: 51.0, Max: 51.8, Diff: 1.3, Sum: 204.0]
      [GC Worker End (ms): Min: 791041.3, Avg: 791041.8, Max: 791042.6, Diff: 1.3]
   [Code Root Fixup: 0.0 ms]
   [Code Root Purge: 0.0 ms]
   [Clear CT: 0.1 ms]
   [Other: 2.0 ms]
      [Choose CSet: 0.0 ms]
      [Ref Proc: 1.4 ms]
      [Ref Enq: 0.0 ms]
      [Redirty Cards: 0.2 ms]
      [Humongous Register: 0.0 ms]
      [Humongous Reclaim: 0.0 ms]
      [Free CSet: 0.1 ms]
   [Eden: 10240.0K(10240.0K)->0.0B(10240.0K) Survivors: 2048.0K->2048.0K Heap: 165.1M(256.0M)->153.7M(256.0M)]
 [Times: user=0.11 sys=0.00, real=0.05 secs] 
2020-11-05T00:40:46.732-0800: 806.439: [GC pause (G1 Evacuation Pause) (mixed), 0.0193388 secs]
   [Parallel Time: 17.6 ms, GC Workers: 4]
      [GC Worker Start (ms): Min: 806439.3, Avg: 806441.0, Max: 806442.6, Diff: 3.3]
      [Ext Root Scanning (ms): Min: 0.0, Avg: 0.5, Max: 1.0, Diff: 1.0, Sum: 1.9]
      [Update RS (ms): Min: 0.0, Avg: 0.7, Max: 1.4, Diff: 1.4, Sum: 2.7]
         [Processed Buffers: Min: 0, Avg: 8.5, Max: 24, Diff: 24, Sum: 34]
      [Scan RS (ms): Min: 3.4, Avg: 5.9, Max: 8.9, Diff: 5.5, Sum: 23.8]
      [Code Root Scanning (ms): Min: 0.0, Avg: 0.0, Max: 0.0, Diff: 0.0, Sum: 0.0]
      [Object Copy (ms): Min: 0.4, Avg: 3.6, Max: 6.8, Diff: 6.3, Sum: 14.2]
      [Termination (ms): Min: 0.0, Avg: 1.2, Max: 2.0, Diff: 2.0, Sum: 4.8]
         [Termination Attempts: Min: 1, Avg: 1.0, Max: 1, Diff: 0, Sum: 4]
      [GC Worker Other (ms): Min: 0.0, Avg: 0.0, Max: 0.0, Diff: 0.0, Sum: 0.0]
      [GC Worker Total (ms): Min: 10.2, Avg: 11.8, Max: 13.5, Diff: 3.4, Sum: 47.4]
      [GC Worker End (ms): Min: 806452.8, Avg: 806452.8, Max: 806452.9, Diff: 0.1]
   [Code Root Fixup: 0.0 ms]
   [Code Root Purge: 0.0 ms]
   [Clear CT: 0.1 ms]
   [Other: 1.6 ms]
      [Choose CSet: 0.0 ms]
      [Ref Proc: 1.3 ms]
      [Ref Enq: 0.0 ms]
      [Redirty Cards: 0.1 ms]
      [Humongous Register: 0.0 ms]
      [Humongous Reclaim: 0.0 ms]
      [Free CSet: 0.0 ms]
   [Eden: 10240.0K(10240.0K)->0.0B(10240.0K) Survivors: 2048.0K->2048.0K Heap: 163.7M(256.0M)->154.7M(256.0M)]
 [Times: user=0.02 sys=0.00, real=0.02 secs] 
2020-11-05T00:41:02.390-0800: 822.096: [GC pause (G1 Evacuation Pause) (young), 0.0094525 secs]
   [Parallel Time: 7.7 ms, GC Workers: 4]
      [GC Worker Start (ms): Min: 822096.3, Avg: 822099.0, Max: 822102.6, Diff: 6.3]
      [Ext Root Scanning (ms): Min: 0.0, Avg: 0.3, Max: 1.1, Diff: 1.1, Sum: 1.2]
      [Update RS (ms): Min: 0.0, Avg: 0.9, Max: 2.0, Diff: 2.0, Sum: 3.6]
         [Processed Buffers: Min: 0, Avg: 8.8, Max: 22, Diff: 22, Sum: 35]
      [Scan RS (ms): Min: 0.0, Avg: 1.4, Max: 1.8, Diff: 1.8, Sum: 5.5]
      [Code Root Scanning (ms): Min: 0.0, Avg: 0.0, Max: 0.0, Diff: 0.0, Sum: 0.0]
      [Object Copy (ms): Min: 0.5, Avg: 1.7, Max: 2.6, Diff: 2.1, Sum: 6.8]
      [Termination (ms): Min: 0.0, Avg: 0.6, Max: 0.8, Diff: 0.8, Sum: 2.3]
         [Termination Attempts: Min: 1, Avg: 1.5, Max: 3, Diff: 2, Sum: 6]
      [GC Worker Other (ms): Min: 0.0, Avg: 0.0, Max: 0.0, Diff: 0.0, Sum: 0.0]
      [GC Worker Total (ms): Min: 1.2, Avg: 4.9, Max: 7.6, Diff: 6.4, Sum: 19.4]
      [GC Worker End (ms): Min: 822103.8, Avg: 822103.9, Max: 822103.9, Diff: 0.1]
   [Code Root Fixup: 0.0 ms]
   [Code Root Purge: 0.0 ms]
   [Clear CT: 0.1 ms]
   [Other: 1.7 ms]
      [Choose CSet: 0.0 ms]
      [Ref Proc: 1.4 ms]
      [Ref Enq: 0.0 ms]
      [Redirty Cards: 0.1 ms]
      [Humongous Register: 0.0 ms]
      [Humongous Reclaim: 0.0 ms]
      [Free CSet: 0.0 ms]
   [Eden: 10240.0K(10240.0K)->0.0B(10240.0K) Survivors: 2048.0K->2048.0K Heap: 164.7M(256.0M)->154.2M(256.0M)]
 [Times: user=0.02 sys=0.00, real=0.01 secs] 
2020-11-05T00:41:18.037-0800: 837.743: [GC pause (G1 Evacuation Pause) (young) (initial-mark), 0.0226123 secs]
   [Parallel Time: 21.4 ms, GC Workers: 4]
      [GC Worker Start (ms): Min: 837743.5, Avg: 837743.5, Max: 837743.6, Diff: 0.1]
      [Ext Root Scanning (ms): Min: 1.4, Avg: 1.5, Max: 1.6, Diff: 0.2, Sum: 6.0]
      [Update RS (ms): Min: 3.0, Avg: 3.1, Max: 3.1, Diff: 0.1, Sum: 12.4]
         [Processed Buffers: Min: 1, Avg: 9.5, Max: 23, Diff: 22, Sum: 38]
      [Scan RS (ms): Min: 5.6, Avg: 5.7, Max: 5.9, Diff: 0.3, Sum: 22.9]
      [Code Root Scanning (ms): Min: 0.0, Avg: 0.0, Max: 0.0, Diff: 0.0, Sum: 0.0]
      [Object Copy (ms): Min: 10.8, Avg: 10.9, Max: 11.0, Diff: 0.2, Sum: 43.5]
      [Termination (ms): Min: 0.0, Avg: 0.0, Max: 0.0, Diff: 0.0, Sum: 0.0]
         [Termination Attempts: Min: 1, Avg: 2.0, Max: 3, Diff: 2, Sum: 8]
      [GC Worker Other (ms): Min: 0.0, Avg: 0.0, Max: 0.0, Diff: 0.0, Sum: 0.1]
      [GC Worker Total (ms): Min: 21.2, Avg: 21.2, Max: 21.3, Diff: 0.1, Sum: 85.0]
      [GC Worker End (ms): Min: 837764.8, Avg: 837764.8, Max: 837764.8, Diff: 0.0]
   [Code Root Fixup: 0.0 ms]
   [Code Root Purge: 0.0 ms]
   [Clear CT: 0.3 ms]
   [Other: 0.8 ms]
      [Choose CSet: 0.0 ms]
      [Ref Proc: 0.4 ms]
      [Ref Enq: 0.0 ms]
      [Redirty Cards: 0.1 ms]
      [Humongous Register: 0.0 ms]
      [Humongous Reclaim: 0.0 ms]
      [Free CSet: 0.1 ms]
   [Eden: 10240.0K(10240.0K)->0.0B(10240.0K) Survivors: 2048.0K->2048.0K Heap: 164.2M(256.0M)->155.4M(256.0M)]
 [Times: user=0.08 sys=0.00, real=0.02 secs] 
2020-11-05T00:41:18.060-0800: 837.767: [GC concurrent-root-region-scan-start]
2020-11-05T00:41:18.079-0800: 837.785: [GC concurrent-root-region-scan-end, 0.0188281 secs]
2020-11-05T00:41:18.079-0800: 837.785: [GC concurrent-mark-start]
2020-11-05T00:41:18.143-0800: 837.849: [GC concurrent-mark-end, 0.0639404 secs]
2020-11-05T00:41:18.143-0800: 837.850: [GC remark 2020-11-05T00:41:18.143-0800: 837.850: [Finalize Marking, 0.0174990 secs] 2020-11-05T00:41:18.161-0800: 837.868: [GC ref-proc, 0.0003146 secs] 2020-11-05T00:41:18.161-0800: 837.868: [Unloading, 0.0078160 secs], 0.0277775 secs]
 [Times: user=0.04 sys=0.00, real=0.02 secs] 
2020-11-05T00:41:18.171-0800: 837.878: [GC cleanup 155M->155M(256M), 0.0007133 secs]
 [Times: user=0.00 sys=0.00, real=0.01 secs] 
2020-11-05T00:41:33.620-0800: 853.327: [GC pause (G1 Evacuation Pause) (young), 0.0160567 secs]
   [Parallel Time: 13.0 ms, GC Workers: 4]
      [GC Worker Start (ms): Min: 853327.0, Avg: 853330.8, Max: 853334.8, Diff: 7.8]
      [Ext Root Scanning (ms): Min: 0.0, Avg: 0.3, Max: 0.6, Diff: 0.6, Sum: 1.2]
      [Update RS (ms): Min: 0.0, Avg: 0.7, Max: 1.4, Diff: 1.4, Sum: 2.8]
         [Processed Buffers: Min: 0, Avg: 8.8, Max: 18, Diff: 18, Sum: 35]
      [Scan RS (ms): Min: 0.0, Avg: 1.5, Max: 3.1, Diff: 3.0, Sum: 6.1]
      [Code Root Scanning (ms): Min: 0.0, Avg: 0.0, Max: 0.0, Diff: 0.0, Sum: 0.0]
      [Object Copy (ms): Min: 2.7, Avg: 4.7, Max: 7.9, Diff: 5.2, Sum: 18.7]
      [Termination (ms): Min: 0.0, Avg: 1.8, Max: 2.5, Diff: 2.5, Sum: 7.3]
         [Termination Attempts: Min: 1, Avg: 1.5, Max: 2, Diff: 1, Sum: 6]
      [GC Worker Other (ms): Min: 0.0, Avg: 0.0, Max: 0.0, Diff: 0.0, Sum: 0.0]
      [GC Worker Total (ms): Min: 5.2, Avg: 9.0, Max: 12.9, Diff: 7.8, Sum: 36.2]
      [GC Worker End (ms): Min: 853339.9, Avg: 853339.9, Max: 853339.9, Diff: 0.0]
   [Code Root Fixup: 0.0 ms]
   [Code Root Purge: 0.0 ms]
   [Clear CT: 0.2 ms]
   [Other: 2.9 ms]
      [Choose CSet: 0.0 ms]
      [Ref Proc: 2.6 ms]
      [Ref Enq: 0.0 ms]
      [Redirty Cards: 0.1 ms]
      [Humongous Register: 0.0 ms]
      [Humongous Reclaim: 0.0 ms]
      [Free CSet: 0.0 ms]
   [Eden: 10240.0K(10240.0K)->0.0B(10240.0K) Survivors: 2048.0K->2048.0K Heap: 165.4M(256.0M)->157.3M(256.0M)]
 [Times: user=0.03 sys=0.00, real=0.01 secs] 
2020-11-05T00:41:49.073-0800: 868.780: [GC pause (G1 Evacuation Pause) (mixed), 0.0434871 secs]
   [Parallel Time: 42.3 ms, GC Workers: 4]
      [GC Worker Start (ms): Min: 868779.8, Avg: 868779.8, Max: 868779.9, Diff: 0.1]
      [Ext Root Scanning (ms): Min: 1.1, Avg: 1.2, Max: 1.3, Diff: 0.1, Sum: 4.7]
      [Update RS (ms): Min: 3.3, Avg: 3.5, Max: 4.3, Diff: 1.1, Sum: 14.2]
         [Processed Buffers: Min: 4, Avg: 9.0, Max: 15, Diff: 11, Sum: 36]
      [Scan RS (ms): Min: 8.2, Avg: 9.0, Max: 9.4, Diff: 1.3, Sum: 35.9]
      [Code Root Scanning (ms): Min: 0.0, Avg: 0.0, Max: 0.0, Diff: 0.0, Sum: 0.0]
      [Object Copy (ms): Min: 12.1, Avg: 16.2, Max: 27.3, Diff: 15.3, Sum: 64.9]
      [Termination (ms): Min: 0.0, Avg: 11.5, Max: 16.3, Diff: 16.3, Sum: 45.8]
         [Termination Attempts: Min: 1, Avg: 1.2, Max: 2, Diff: 1, Sum: 5]
      [GC Worker Other (ms): Min: 0.0, Avg: 0.0, Max: 0.0, Diff: 0.0, Sum: 0.1]
      [GC Worker Total (ms): Min: 41.2, Avg: 41.4, Max: 42.0, Diff: 0.9, Sum: 165.7]
      [GC Worker End (ms): Min: 868821.0, Avg: 868821.2, Max: 868821.9, Diff: 0.9]
   [Code Root Fixup: 0.0 ms]
   [Code Root Purge: 0.0 ms]
   [Clear CT: 0.1 ms]
   [Other: 1.1 ms]
      [Choose CSet: 0.0 ms]
      [Ref Proc: 0.7 ms]
      [Ref Enq: 0.0 ms]
      [Redirty Cards: 0.1 ms]
      [Humongous Register: 0.0 ms]
      [Humongous Reclaim: 0.0 ms]
      [Free CSet: 0.1 ms]
   [Eden: 10240.0K(10240.0K)->0.0B(10240.0K) Survivors: 2048.0K->2048.0K Heap: 167.3M(256.0M)->155.8M(256.0M)]
 [Times: user=0.12 sys=0.00, real=0.04 secs] 
2020-11-05T00:42:04.813-0800: 884.520: [GC pause (G1 Evacuation Pause) (mixed), 0.0136741 secs]
   [Parallel Time: 8.4 ms, GC Workers: 4]
      [GC Worker Start (ms): Min: 884519.9, Avg: 884521.2, Max: 884522.5, Diff: 2.6]
      [Ext Root Scanning (ms): Min: 0.0, Avg: 0.3, Max: 0.6, Diff: 0.6, Sum: 1.3]
      [Update RS (ms): Min: 0.0, Avg: 0.9, Max: 1.8, Diff: 1.8, Sum: 3.4]
         [Processed Buffers: Min: 0, Avg: 9.0, Max: 18, Diff: 18, Sum: 36]
      [Scan RS (ms): Min: 2.7, Avg: 3.5, Max: 5.7, Diff: 3.0, Sum: 14.0]
      [Code Root Scanning (ms): Min: 0.0, Avg: 0.0, Max: 0.0, Diff: 0.0, Sum: 0.0]
      [Object Copy (ms): Min: 0.1, Avg: 2.1, Max: 3.0, Diff: 3.0, Sum: 8.6]
      [Termination (ms): Min: 0.0, Avg: 0.2, Max: 0.3, Diff: 0.3, Sum: 0.7]
         [Termination Attempts: Min: 1, Avg: 1.5, Max: 3, Diff: 2, Sum: 6]
      [GC Worker Other (ms): Min: 0.0, Avg: 0.0, Max: 0.0, Diff: 0.0, Sum: 0.0]
      [GC Worker Total (ms): Min: 5.7, Avg: 7.0, Max: 8.3, Diff: 2.6, Sum: 28.0]
      [GC Worker End (ms): Min: 884528.1, Avg: 884528.2, Max: 884528.2, Diff: 0.1]
   [Code Root Fixup: 0.0 ms]
   [Code Root Purge: 0.0 ms]
   [Clear CT: 0.0 ms]
   [Other: 5.2 ms]
      [Choose CSet: 0.0 ms]
      [Ref Proc: 5.0 ms]
      [Ref Enq: 0.0 ms]
      [Redirty Cards: 0.1 ms]
      [Humongous Register: 0.0 ms]
      [Humongous Reclaim: 0.0 ms]
      [Free CSet: 0.0 ms]
   [Eden: 10240.0K(10240.0K)->0.0B(10240.0K) Survivors: 2048.0K->2048.0K Heap: 165.8M(256.0M)->154.7M(256.0M)]
 [Times: user=0.04 sys=0.00, real=0.01 secs] 
2020-11-05T00:42:20.563-0800: 900.270: [GC pause (G1 Evacuation Pause) (young), 0.0087075 secs]
   [Parallel Time: 7.8 ms, GC Workers: 4]
      [GC Worker Start (ms): Min: 900269.8, Avg: 900271.0, Max: 900274.6, Diff: 4.8]
      [Ext Root Scanning (ms): Min: 0.0, Avg: 0.3, Max: 0.5, Diff: 0.4, Sum: 1.3]
      [Update RS (ms): Min: 0.0, Avg: 1.0, Max: 1.3, Diff: 1.3, Sum: 3.9]
         [Processed Buffers: Min: 0, Avg: 8.8, Max: 19, Diff: 19, Sum: 35]
      [Scan RS (ms): Min: 0.0, Avg: 1.5, Max: 2.0, Diff: 2.0, Sum: 6.1]
      [Code Root Scanning (ms): Min: 0.0, Avg: 0.0, Max: 0.0, Diff: 0.0, Sum: 0.0]
      [Object Copy (ms): Min: 1.9, Avg: 2.9, Max: 3.8, Diff: 1.9, Sum: 11.5]
      [Termination (ms): Min: 0.0, Avg: 0.7, Max: 1.0, Diff: 1.0, Sum: 2.8]
         [Termination Attempts: Min: 1, Avg: 2.5, Max: 4, Diff: 3, Sum: 10]
      [GC Worker Other (ms): Min: 0.0, Avg: 0.0, Max: 0.0, Diff: 0.0, Sum: 0.0]
      [GC Worker Total (ms): Min: 2.8, Avg: 6.4, Max: 7.7, Diff: 4.9, Sum: 25.7]
      [GC Worker End (ms): Min: 900277.3, Avg: 900277.4, Max: 900277.5, Diff: 0.1]
   [Code Root Fixup: 0.0 ms]
   [Code Root Purge: 0.0 ms]
   [Clear CT: 0.0 ms]
   [Other: 0.9 ms]
      [Choose CSet: 0.0 ms]
      [Ref Proc: 0.7 ms]
      [Ref Enq: 0.0 ms]
      [Redirty Cards: 0.0 ms]
      [Humongous Register: 0.0 ms]
      [Humongous Reclaim: 0.0 ms]
      [Free CSet: 0.0 ms]
   [Eden: 10240.0K(10240.0K)->0.0B(10240.0K) Survivors: 2048.0K->2048.0K Heap: 164.7M(256.0M)->154.6M(256.0M)]
 [Times: user=0.02 sys=0.00, real=0.01 secs] 
2020-11-05T00:42:36.135-0800: 915.842: [GC pause (G1 Evacuation Pause) (young) (initial-mark), 0.0478963 secs]
   [Parallel Time: 36.1 ms, GC Workers: 4]
      [GC Worker Start (ms): Min: 915842.1, Avg: 915842.5, Max: 915843.8, Diff: 1.7]
      [Ext Root Scanning (ms): Min: 0.0, Avg: 4.0, Max: 6.1, Diff: 6.0, Sum: 16.0]
      [Update RS (ms): Min: 1.3, Avg: 3.9, Max: 9.2, Diff: 7.9, Sum: 15.5]
         [Processed Buffers: Min: 1, Avg: 9.0, Max: 29, Diff: 28, Sum: 36]
      [Scan RS (ms): Min: 2.6, Avg: 5.0, Max: 5.9, Diff: 3.3, Sum: 20.1]
      [Code Root Scanning (ms): Min: 0.0, Avg: 0.0, Max: 0.0, Diff: 0.0, Sum: 0.0]
      [Object Copy (ms): Min: 15.4, Avg: 18.0, Max: 22.3, Diff: 6.9, Sum: 72.0]
      [Termination (ms): Min: 0.0, Avg: 4.5, Max: 7.0, Diff: 7.0, Sum: 18.0]
         [Termination Attempts: Min: 1, Avg: 1.0, Max: 1, Diff: 0, Sum: 4]
      [GC Worker Other (ms): Min: 0.0, Avg: 0.0, Max: 0.0, Diff: 0.0, Sum: 0.1]
      [GC Worker Total (ms): Min: 34.3, Avg: 35.4, Max: 36.1, Diff: 1.8, Sum: 141.8]
      [GC Worker End (ms): Min: 915877.7, Avg: 915878.0, Max: 915878.1, Diff: 0.5]
   [Code Root Fixup: 0.0 ms]
   [Code Root Purge: 0.0 ms]
   [Clear CT: 1.6 ms]
   [Other: 10.1 ms]
      [Choose CSet: 0.0 ms]
      [Ref Proc: 9.0 ms]
      [Ref Enq: 0.0 ms]
      [Redirty Cards: 0.5 ms]
      [Humongous Register: 0.0 ms]
      [Humongous Reclaim: 0.0 ms]
      [Free CSet: 0.1 ms]
   [Eden: 10240.0K(10240.0K)->0.0B(10240.0K) Survivors: 2048.0K->2048.0K Heap: 164.6M(256.0M)->155.7M(256.0M)]
 [Times: user=0.08 sys=0.00, real=0.05 secs] 
2020-11-05T00:42:36.184-0800: 915.891: [GC concurrent-root-region-scan-start]
2020-11-05T00:42:36.208-0800: 915.915: [GC concurrent-root-region-scan-end, 0.0236318 secs]
2020-11-05T00:42:36.208-0800: 915.915: [GC concurrent-mark-start]
2020-11-05T00:42:36.282-0800: 915.989: [GC concurrent-mark-end, 0.0743640 secs]
2020-11-05T00:42:36.283-0800: 915.989: [GC remark 2020-11-05T00:42:36.283-0800: 915.990: [Finalize Marking, 0.0010904 secs] 2020-11-05T00:42:36.284-0800: 915.991: [GC ref-proc, 0.0002925 secs] 2020-11-05T00:42:36.284-0800: 915.991: [Unloading, 0.0150245 secs], 0.0207708 secs]
 [Times: user=0.02 sys=0.00, real=0.02 secs] 
2020-11-05T00:42:36.305-0800: 916.011: [GC cleanup 155M->155M(256M), 0.0060585 secs]
 [Times: user=0.00 sys=0.00, real=0.00 secs] 
2020-11-05T00:42:51.504-0800: 931.211: [GC pause (G1 Evacuation Pause) (young), 0.0193494 secs]
   [Parallel Time: 15.1 ms, GC Workers: 4]
      [GC Worker Start (ms): Min: 931210.8, Avg: 931210.8, Max: 931210.8, Diff: 0.0]
      [Ext Root Scanning (ms): Min: 0.3, Avg: 0.3, Max: 0.4, Diff: 0.1, Sum: 1.4]
      [Update RS (ms): Min: 0.7, Avg: 0.8, Max: 0.9, Diff: 0.2, Sum: 3.1]
         [Processed Buffers: Min: 1, Avg: 9.0, Max: 24, Diff: 23, Sum: 36]
      [Scan RS (ms): Min: 1.7, Avg: 1.7, Max: 1.8, Diff: 0.1, Sum: 6.9]
      [Code Root Scanning (ms): Min: 0.0, Avg: 0.0, Max: 0.0, Diff: 0.0, Sum: 0.0]
      [Object Copy (ms): Min: 4.3, Avg: 5.7, Max: 9.7, Diff: 5.5, Sum: 22.9]
      [Termination (ms): Min: 0.0, Avg: 4.3, Max: 6.1, Diff: 6.1, Sum: 17.2]
         [Termination Attempts: Min: 1, Avg: 2.0, Max: 3, Diff: 2, Sum: 8]
      [GC Worker Other (ms): Min: 0.0, Avg: 0.0, Max: 0.0, Diff: 0.0, Sum: 0.0]
      [GC Worker Total (ms): Min: 12.6, Avg: 12.9, Max: 13.3, Diff: 0.6, Sum: 51.5]
      [GC Worker End (ms): Min: 931223.4, Avg: 931223.7, Max: 931224.1, Diff: 0.6]
   [Code Root Fixup: 0.0 ms]
   [Code Root Purge: 0.0 ms]
   [Clear CT: 0.0 ms]
   [Other: 4.2 ms]
      [Choose CSet: 0.0 ms]
      [Ref Proc: 4.0 ms]
      [Ref Enq: 0.0 ms]
      [Redirty Cards: 0.0 ms]
      [Humongous Register: 0.0 ms]
      [Humongous Reclaim: 0.0 ms]
      [Free CSet: 0.0 ms]
   [Eden: 10240.0K(10240.0K)->0.0B(10240.0K) Survivors: 2048.0K->2048.0K Heap: 165.7M(256.0M)->156.8M(256.0M)]
 [Times: user=0.04 sys=0.00, real=0.02 secs] 
2020-11-05T00:43:06.993-0800: 946.700: [GC pause (G1 Evacuation Pause) (mixed), 0.0170584 secs]
   [Parallel Time: 16.4 ms, GC Workers: 4]
      [GC Worker Start (ms): Min: 946700.7, Avg: 946703.5, Max: 946705.4, Diff: 4.7]
      [Ext Root Scanning (ms): Min: 0.0, Avg: 2.2, Max: 8.5, Diff: 8.5, Sum: 9.0]
      [Update RS (ms): Min: 0.0, Avg: 2.5, Max: 7.3, Diff: 7.3, Sum: 10.1]
         [Processed Buffers: Min: 0, Avg: 9.0, Max: 32, Diff: 32, Sum: 36]
      [Scan RS (ms): Min: 3.2, Avg: 5.5, Max: 6.9, Diff: 3.8, Sum: 21.9]
      [Code Root Scanning (ms): Min: 0.0, Avg: 0.0, Max: 0.0, Diff: 0.0, Sum: 0.0]
      [Object Copy (ms): Min: 2.4, Avg: 2.6, Max: 2.8, Diff: 0.4, Sum: 10.6]
      [Termination (ms): Min: 0.0, Avg: 0.5, Max: 0.6, Diff: 0.6, Sum: 1.8]
         [Termination Attempts: Min: 1, Avg: 1.0, Max: 1, Diff: 0, Sum: 4]
      [GC Worker Other (ms): Min: 0.0, Avg: 0.0, Max: 0.0, Diff: 0.0, Sum: 0.0]
      [GC Worker Total (ms): Min: 11.5, Avg: 13.4, Max: 16.2, Diff: 4.7, Sum: 53.4]
      [GC Worker End (ms): Min: 946716.9, Avg: 946716.9, Max: 946716.9, Diff: 0.0]
   [Code Root Fixup: 0.0 ms]
   [Code Root Purge: 0.0 ms]
   [Clear CT: 0.0 ms]
   [Other: 0.6 ms]
      [Choose CSet: 0.0 ms]
      [Ref Proc: 0.1 ms]
      [Ref Enq: 0.0 ms]
      [Redirty Cards: 0.0 ms]
      [Humongous Register: 0.2 ms]
      [Humongous Reclaim: 0.0 ms]
      [Free CSet: 0.0 ms]
   [Eden: 10240.0K(10240.0K)->0.0B(10240.0K) Survivors: 2048.0K->2048.0K Heap: 166.8M(256.0M)->154.9M(256.0M)]
 [Times: user=0.03 sys=0.00, real=0.01 secs] 
2020-11-05T00:43:22.502-0800: 962.209: [GC pause (G1 Evacuation Pause) (mixed), 0.0077601 secs]
   [Parallel Time: 5.6 ms, GC Workers: 4]
      [GC Worker Start (ms): Min: 962208.9, Avg: 962208.9, Max: 962208.9, Diff: 0.0]
      [Ext Root Scanning (ms): Min: 0.3, Avg: 0.4, Max: 0.5, Diff: 0.2, Sum: 1.4]
      [Update RS (ms): Min: 0.9, Avg: 0.9, Max: 1.0, Diff: 0.1, Sum: 3.8]
         [Processed Buffers: Min: 2, Avg: 8.5, Max: 15, Diff: 13, Sum: 34]
      [Scan RS (ms): Min: 2.4, Avg: 2.5, Max: 2.5, Diff: 0.0, Sum: 9.8]
      [Code Root Scanning (ms): Min: 0.0, Avg: 0.0, Max: 0.0, Diff: 0.0, Sum: 0.0]
      [Object Copy (ms): Min: 1.7, Avg: 1.7, Max: 1.8, Diff: 0.1, Sum: 6.9]
      [Termination (ms): Min: 0.0, Avg: 0.0, Max: 0.0, Diff: 0.0, Sum: 0.0]
         [Termination Attempts: Min: 1, Avg: 3.8, Max: 7, Diff: 6, Sum: 15]
      [GC Worker Other (ms): Min: 0.0, Avg: 0.0, Max: 0.0, Diff: 0.0, Sum: 0.0]
      [GC Worker Total (ms): Min: 5.5, Avg: 5.5, Max: 5.5, Diff: 0.0, Sum: 22.0]
      [GC Worker End (ms): Min: 962214.4, Avg: 962214.4, Max: 962214.4, Diff: 0.0]
   [Code Root Fixup: 0.0 ms]
   [Code Root Purge: 0.0 ms]
   [Clear CT: 0.1 ms]
   [Other: 2.1 ms]
      [Choose CSet: 0.0 ms]
      [Ref Proc: 0.2 ms]
      [Ref Enq: 0.0 ms]
      [Redirty Cards: 1.8 ms]
      [Humongous Register: 0.0 ms]
      [Humongous Reclaim: 0.0 ms]
      [Free CSet: 0.0 ms]
   [Eden: 10240.0K(10240.0K)->0.0B(10240.0K) Survivors: 2048.0K->2048.0K Heap: 164.9M(256.0M)->152.8M(256.0M)]
 [Times: user=0.02 sys=0.00, real=0.00 secs] 
2020-11-05T00:43:38.026-0800: 977.733: [GC pause (G1 Evacuation Pause) (young), 0.0411112 secs]
   [Parallel Time: 38.7 ms, GC Workers: 4]
      [GC Worker Start (ms): Min: 977733.1, Avg: 977739.0, Max: 977745.8, Diff: 12.7]
      [Ext Root Scanning (ms): Min: 0.0, Avg: 4.5, Max: 17.5, Diff: 17.5, Sum: 17.9]
      [Update RS (ms): Min: 0.0, Avg: 1.1, Max: 4.4, Diff: 4.4, Sum: 4.4]
         [Processed Buffers: Min: 0, Avg: 9.5, Max: 38, Diff: 38, Sum: 38]
      [Scan RS (ms): Min: 0.1, Avg: 7.4, Max: 26.8, Diff: 26.7, Sum: 29.8]
      [Code Root Scanning (ms): Min: 0.0, Avg: 0.0, Max: 0.0, Diff: 0.0, Sum: 0.0]
      [Object Copy (ms): Min: 0.1, Avg: 10.8, Max: 16.9, Diff: 16.9, Sum: 43.1]
      [Termination (ms): Min: 0.0, Avg: 4.8, Max: 10.1, Diff: 10.1, Sum: 19.3]
         [Termination Attempts: Min: 1, Avg: 1.2, Max: 2, Diff: 1, Sum: 5]
      [GC Worker Other (ms): Min: 0.0, Avg: 0.0, Max: 0.0, Diff: 0.0, Sum: 0.1]
      [GC Worker Total (ms): Min: 20.5, Avg: 28.7, Max: 38.6, Diff: 18.1, Sum: 114.6]
      [GC Worker End (ms): Min: 977766.3, Avg: 977767.7, Max: 977771.7, Diff: 5.4]
   [Code Root Fixup: 0.0 ms]
   [Code Root Purge: 0.0 ms]
   [Clear CT: 0.1 ms]
   [Other: 2.3 ms]
      [Choose CSet: 0.0 ms]
      [Ref Proc: 2.0 ms]
      [Ref Enq: 0.0 ms]
      [Redirty Cards: 0.1 ms]
      [Humongous Register: 0.0 ms]
      [Humongous Reclaim: 0.0 ms]
      [Free CSet: 0.0 ms]
   [Eden: 10240.0K(10240.0K)->0.0B(10240.0K) Survivors: 2048.0K->2048.0K Heap: 162.8M(256.0M)->153.7M(256.0M)]
 [Times: user=0.04 sys=0.00, real=0.04 secs] 
2020-11-05T00:43:53.768-0800: 993.475: [GC pause (G1 Evacuation Pause) (young) (initial-mark), 0.0193193 secs]
   [Parallel Time: 17.5 ms, GC Workers: 4]
      [GC Worker Start (ms): Min: 993475.2, Avg: 993475.8, Max: 993476.4, Diff: 1.2]
      [Ext Root Scanning (ms): Min: 0.0, Avg: 6.3, Max: 10.3, Diff: 10.2, Sum: 25.1]
      [Update RS (ms): Min: 0.0, Avg: 1.6, Max: 6.3, Diff: 6.3, Sum: 6.3]
         [Processed Buffers: Min: 0, Avg: 10.0, Max: 40, Diff: 40, Sum: 40]
      [Scan RS (ms): Min: 0.0, Avg: 1.6, Max: 2.4, Diff: 2.4, Sum: 6.4]
      [Code Root Scanning (ms): Min: 0.0, Avg: 0.0, Max: 0.0, Diff: 0.0, Sum: 0.0]
      [Object Copy (ms): Min: 5.9, Avg: 6.9, Max: 7.8, Diff: 1.9, Sum: 27.5]
      [Termination (ms): Min: 0.0, Avg: 0.4, Max: 0.7, Diff: 0.7, Sum: 1.8]
         [Termination Attempts: Min: 1, Avg: 1.0, Max: 1, Diff: 0, Sum: 4]
      [GC Worker Other (ms): Min: 0.0, Avg: 0.0, Max: 0.0, Diff: 0.0, Sum: 0.1]
      [GC Worker Total (ms): Min: 16.1, Avg: 16.8, Max: 17.4, Diff: 1.3, Sum: 67.0]
      [GC Worker End (ms): Min: 993492.5, Avg: 993492.6, Max: 993492.7, Diff: 0.1]
   [Code Root Fixup: 0.0 ms]
   [Code Root Purge: 0.0 ms]
   [Clear CT: 0.1 ms]
   [Other: 1.8 ms]
      [Choose CSet: 0.0 ms]
      [Ref Proc: 1.5 ms]
      [Ref Enq: 0.0 ms]
      [Redirty Cards: 0.1 ms]
      [Humongous Register: 0.0 ms]
      [Humongous Reclaim: 0.0 ms]
      [Free CSet: 0.0 ms]
   [Eden: 10240.0K(10240.0K)->0.0B(10240.0K) Survivors: 2048.0K->2048.0K Heap: 163.7M(256.0M)->155.1M(256.0M)]
 [Times: user=0.03 sys=0.00, real=0.02 secs] 
2020-11-05T00:43:53.788-0800: 993.495: [GC concurrent-root-region-scan-start]
2020-11-05T00:43:53.800-0800: 993.507: [GC concurrent-root-region-scan-end, 0.0122749 secs]
2020-11-05T00:43:53.801-0800: 993.507: [GC concurrent-mark-start]
2020-11-05T00:43:53.828-0800: 993.535: [GC concurrent-mark-end, 0.0279038 secs]
2020-11-05T00:43:53.829-0800: 993.535: [GC remark 2020-11-05T00:43:53.829-0800: 993.535: [Finalize Marking, 0.0066450 secs] 2020-11-05T00:43:53.836-0800: 993.542: [GC ref-proc, 0.0002981 secs] 2020-11-05T00:43:53.836-0800: 993.543: [Unloading, 0.0071515 secs], 0.0162468 secs]
 [Times: user=0.02 sys=0.00, real=0.02 secs] 
2020-11-05T00:43:53.845-0800: 993.552: [GC cleanup 155M->155M(256M), 0.0009845 secs]
 [Times: user=0.00 sys=0.00, real=0.00 secs] 
2020-11-05T00:44:09.510-0800: 1009.217: [GC pause (G1 Evacuation Pause) (young), 0.0142181 secs]
   [Parallel Time: 11.5 ms, GC Workers: 4]
      [GC Worker Start (ms): Min: 1009217.1, Avg: 1009218.4, Max: 1009219.7, Diff: 2.6]
      [Ext Root Scanning (ms): Min: 0.0, Avg: 0.5, Max: 1.0, Diff: 1.0, Sum: 2.0]
      [Update RS (ms): Min: 1.4, Avg: 2.7, Max: 5.0, Diff: 3.5, Sum: 10.8]
         [Processed Buffers: Min: 1, Avg: 9.5, Max: 25, Diff: 24, Sum: 38]
      [Scan RS (ms): Min: 0.0, Avg: 1.0, Max: 1.4, Diff: 1.4, Sum: 4.1]
      [Code Root Scanning (ms): Min: 0.0, Avg: 0.0, Max: 0.0, Diff: 0.0, Sum: 0.0]
      [Object Copy (ms): Min: 2.6, Avg: 3.5, Max: 4.3, Diff: 1.7, Sum: 13.8]
      [Termination (ms): Min: 0.0, Avg: 0.8, Max: 1.3, Diff: 1.3, Sum: 3.2]
         [Termination Attempts: Min: 1, Avg: 1.0, Max: 1, Diff: 0, Sum: 4]
      [GC Worker Other (ms): Min: 0.0, Avg: 0.0, Max: 0.0, Diff: 0.0, Sum: 0.0]
      [GC Worker Total (ms): Min: 7.1, Avg: 8.5, Max: 9.8, Diff: 2.7, Sum: 34.0]
      [GC Worker End (ms): Min: 1009226.8, Avg: 1009226.9, Max: 1009226.9, Diff: 0.1]
   [Code Root Fixup: 0.0 ms]
   [Code Root Purge: 0.0 ms]
   [Clear CT: 0.1 ms]
   [Other: 2.7 ms]
      [Choose CSet: 0.0 ms]
      [Ref Proc: 1.1 ms]
      [Ref Enq: 0.0 ms]
      [Redirty Cards: 1.2 ms]
      [Humongous Register: 0.0 ms]
      [Humongous Reclaim: 0.0 ms]
      [Free CSet: 0.1 ms]
   [Eden: 10240.0K(10240.0K)->0.0B(10240.0K) Survivors: 2048.0K->2048.0K Heap: 165.1M(256.0M)->155.0M(256.0M)]
 [Times: user=0.03 sys=0.00, real=0.02 secs] 
2020-11-05T00:44:25.192-0800: 1024.898: [GC pause (G1 Evacuation Pause) (mixed), 0.0136747 secs]
   [Parallel Time: 13.3 ms, GC Workers: 4]
      [GC Worker Start (ms): Min: 1024898.4, Avg: 1024898.5, Max: 1024898.6, Diff: 0.1]
      [Ext Root Scanning (ms): Min: 0.4, Avg: 1.4, Max: 4.3, Diff: 3.9, Sum: 5.8]
      [Update RS (ms): Min: 0.0, Avg: 0.9, Max: 1.2, Diff: 1.2, Sum: 3.5]
         [Processed Buffers: Min: 0, Avg: 9.5, Max: 23, Diff: 23, Sum: 38]
      [Scan RS (ms): Min: 0.3, Avg: 4.1, Max: 9.9, Diff: 9.6, Sum: 16.5]
      [Code Root Scanning (ms): Min: 0.0, Avg: 0.0, Max: 0.0, Diff: 0.0, Sum: 0.0]
      [Object Copy (ms): Min: 0.0, Avg: 3.7, Max: 6.4, Diff: 6.4, Sum: 14.7]
      [Termination (ms): Min: 0.0, Avg: 1.9, Max: 4.2, Diff: 4.2, Sum: 7.7]
         [Termination Attempts: Min: 1, Avg: 4.8, Max: 11, Diff: 10, Sum: 19]
      [GC Worker Other (ms): Min: 0.0, Avg: 0.0, Max: 0.0, Diff: 0.0, Sum: 0.1]
      [GC Worker Total (ms): Min: 11.6, Avg: 12.1, Max: 13.2, Diff: 1.6, Sum: 48.3]
      [GC Worker End (ms): Min: 1024910.1, Avg: 1024910.5, Max: 1024911.7, Diff: 1.5]
   [Code Root Fixup: 0.0 ms]
   [Code Root Purge: 0.0 ms]
   [Clear CT: 0.0 ms]
   [Other: 0.3 ms]
      [Choose CSet: 0.0 ms]
      [Ref Proc: 0.1 ms]
      [Ref Enq: 0.0 ms]
      [Redirty Cards: 0.1 ms]
      [Humongous Register: 0.0 ms]
      [Humongous Reclaim: 0.0 ms]
      [Free CSet: 0.0 ms]
   [Eden: 10240.0K(10240.0K)->0.0B(10240.0K) Survivors: 2048.0K->2048.0K Heap: 165.0M(256.0M)->152.9M(256.0M)]
 [Times: user=0.03 sys=0.00, real=0.02 secs] 
2020-11-05T00:44:40.815-0800: 1040.522: [GC pause (G1 Evacuation Pause) (mixed), 0.0243229 secs]
   [Parallel Time: 22.3 ms, GC Workers: 4]
      [GC Worker Start (ms): Min: 1040522.0, Avg: 1040523.6, Max: 1040526.6, Diff: 4.6]
      [Ext Root Scanning (ms): Min: 0.0, Avg: 2.7, Max: 8.9, Diff: 8.9, Sum: 10.6]
      [Update RS (ms): Min: 0.0, Avg: 1.3, Max: 2.6, Diff: 2.6, Sum: 5.1]
         [Processed Buffers: Min: 0, Avg: 10.0, Max: 22, Diff: 22, Sum: 40]
      [Scan RS (ms): Min: 2.3, Avg: 7.4, Max: 12.3, Diff: 9.9, Sum: 29.4]
      [Code Root Scanning (ms): Min: 0.0, Avg: 0.0, Max: 0.0, Diff: 0.0, Sum: 0.0]
      [Object Copy (ms): Min: 1.4, Avg: 6.5, Max: 9.9, Diff: 8.5, Sum: 25.9]
      [Termination (ms): Min: 0.0, Avg: 2.8, Max: 4.0, Diff: 4.0, Sum: 11.1]
         [Termination Attempts: Min: 1, Avg: 1.8, Max: 3, Diff: 2, Sum: 7]
      [GC Worker Other (ms): Min: 0.0, Avg: 0.0, Max: 0.0, Diff: 0.0, Sum: 0.0]
      [GC Worker Total (ms): Min: 17.6, Avg: 20.6, Max: 22.1, Diff: 4.6, Sum: 82.3]
      [GC Worker End (ms): Min: 1040544.1, Avg: 1040544.2, Max: 1040544.3, Diff: 0.2]
   [Code Root Fixup: 0.0 ms]
   [Code Root Purge: 0.0 ms]
   [Clear CT: 0.0 ms]
   [Other: 2.0 ms]
      [Choose CSet: 0.0 ms]
      [Ref Proc: 1.5 ms]
      [Ref Enq: 0.0 ms]
      [Redirty Cards: 0.1 ms]
      [Humongous Register: 0.0 ms]
      [Humongous Reclaim: 0.0 ms]
      [Free CSet: 0.1 ms]
   [Eden: 10240.0K(10240.0K)->0.0B(10240.0K) Survivors: 2048.0K->2048.0K Heap: 162.9M(256.0M)->151.8M(256.0M)]
 [Times: user=0.04 sys=0.00, real=0.02 secs] 
2020-11-05T00:44:56.149-0800: 1055.855: [GC pause (G1 Evacuation Pause) (young), 0.0158644 secs]
   [Parallel Time: 14.7 ms, GC Workers: 4]
      [GC Worker Start (ms): Min: 1055855.6, Avg: 1055857.3, Max: 1055859.1, Diff: 3.5]
      [Ext Root Scanning (ms): Min: 0.0, Avg: 0.3, Max: 0.6, Diff: 0.6, Sum: 1.2]
      [Update RS (ms): Min: 0.0, Avg: 1.4, Max: 2.8, Diff: 2.8, Sum: 5.4]
         [Processed Buffers: Min: 0, Avg: 9.8, Max: 23, Diff: 23, Sum: 39]
      [Scan RS (ms): Min: 2.4, Avg: 3.5, Max: 4.6, Diff: 2.2, Sum: 13.9]
      [Code Root Scanning (ms): Min: 0.0, Avg: 0.0, Max: 0.0, Diff: 0.0, Sum: 0.0]
      [Object Copy (ms): Min: 5.4, Avg: 6.7, Max: 8.1, Diff: 2.7, Sum: 26.9]
      [Termination (ms): Min: 0.0, Avg: 1.0, Max: 2.0, Diff: 2.0, Sum: 3.9]
         [Termination Attempts: Min: 1, Avg: 1.0, Max: 1, Diff: 0, Sum: 4]
      [GC Worker Other (ms): Min: 0.0, Avg: 0.0, Max: 0.0, Diff: 0.0, Sum: 0.1]
      [GC Worker Total (ms): Min: 11.1, Avg: 12.9, Max: 14.6, Diff: 3.5, Sum: 51.5]
      [GC Worker End (ms): Min: 1055870.2, Avg: 1055870.2, Max: 1055870.2, Diff: 0.0]
   [Code Root Fixup: 0.0 ms]
   [Code Root Purge: 0.0 ms]
   [Clear CT: 0.1 ms]
   [Other: 1.1 ms]
      [Choose CSet: 0.0 ms]
      [Ref Proc: 0.8 ms]
      [Ref Enq: 0.0 ms]
      [Redirty Cards: 0.1 ms]
      [Humongous Register: 0.0 ms]
      [Humongous Reclaim: 0.0 ms]
      [Free CSet: 0.0 ms]
   [Eden: 10240.0K(10240.0K)->0.0B(10240.0K) Survivors: 2048.0K->2048.0K Heap: 161.8M(256.0M)->153.1M(256.0M)]
 [Times: user=0.02 sys=0.00, real=0.02 secs] 
2020-11-05T00:45:11.771-0800: 1071.477: [GC pause (G1 Evacuation Pause) (young) (initial-mark), 0.0140166 secs]
   [Parallel Time: 12.7 ms, GC Workers: 4]
      [GC Worker Start (ms): Min: 1071477.4, Avg: 1071477.5, Max: 1071478.1, Diff: 0.7]
      [Ext Root Scanning (ms): Min: 0.0, Avg: 0.7, Max: 1.4, Diff: 1.4, Sum: 2.9]
      [Update RS (ms): Min: 1.6, Avg: 3.3, Max: 6.6, Diff: 4.9, Sum: 13.3]
         [Processed Buffers: Min: 1, Avg: 10.2, Max: 19, Diff: 18, Sum: 41]
      [Scan RS (ms): Min: 0.0, Avg: 3.0, Max: 8.5, Diff: 8.5, Sum: 12.2]
      [Code Root Scanning (ms): Min: 0.0, Avg: 0.0, Max: 0.0, Diff: 0.0, Sum: 0.0]
      [Object Copy (ms): Min: 0.2, Avg: 4.9, Max: 7.6, Diff: 7.4, Sum: 19.5]
      [Termination (ms): Min: 0.0, Avg: 0.5, Max: 0.6, Diff: 0.6, Sum: 1.8]
         [Termination Attempts: Min: 1, Avg: 1.0, Max: 1, Diff: 0, Sum: 4]
      [GC Worker Other (ms): Min: 0.0, Avg: 0.0, Max: 0.0, Diff: 0.0, Sum: 0.1]
      [GC Worker Total (ms): Min: 11.9, Avg: 12.4, Max: 12.6, Diff: 0.7, Sum: 49.7]
      [GC Worker End (ms): Min: 1071489.9, Avg: 1071490.0, Max: 1071490.0, Diff: 0.1]
   [Code Root Fixup: 0.0 ms]
   [Code Root Purge: 0.0 ms]
   [Clear CT: 0.1 ms]
   [Other: 1.2 ms]
      [Choose CSet: 0.0 ms]
      [Ref Proc: 0.8 ms]
      [Ref Enq: 0.0 ms]
      [Redirty Cards: 0.1 ms]
      [Humongous Register: 0.0 ms]
      [Humongous Reclaim: 0.0 ms]
      [Free CSet: 0.0 ms]
   [Eden: 10240.0K(10240.0K)->0.0B(10240.0K) Survivors: 2048.0K->2048.0K Heap: 163.1M(256.0M)->153.9M(256.0M)]
 [Times: user=0.03 sys=0.00, real=0.02 secs] 
2020-11-05T00:45:11.785-0800: 1071.492: [GC concurrent-root-region-scan-start]
2020-11-05T00:45:11.791-0800: 1071.497: [GC concurrent-root-region-scan-end, 0.0056320 secs]
2020-11-05T00:45:11.791-0800: 1071.497: [GC concurrent-mark-start]
2020-11-05T00:45:11.822-0800: 1071.529: [GC concurrent-mark-end, 0.0312651 secs]
2020-11-05T00:45:11.822-0800: 1071.529: [GC remark 2020-11-05T00:45:11.822-0800: 1071.529: [Finalize Marking, 0.0009685 secs] 2020-11-05T00:45:11.823-0800: 1071.530: [GC ref-proc, 0.0002898 secs] 2020-11-05T00:45:11.824-0800: 1071.530: [Unloading, 0.0108126 secs], 0.0138714 secs]
 [Times: user=0.02 sys=0.00, real=0.01 secs] 
2020-11-05T00:45:11.837-0800: 1071.544: [GC cleanup 154M->154M(256M), 0.0008381 secs]
 [Times: user=0.00 sys=0.00, real=0.00 secs] 
2020-11-05T00:45:27.486-0800: 1087.192: [GC pause (G1 Evacuation Pause) (young), 0.0211451 secs]
   [Parallel Time: 19.0 ms, GC Workers: 4]
      [GC Worker Start (ms): Min: 1087192.3, Avg: 1087196.6, Max: 1087199.5, Diff: 7.2]
      [Ext Root Scanning (ms): Min: 0.0, Avg: 0.5, Max: 1.9, Diff: 1.9, Sum: 2.0]
      [Update RS (ms): Min: 1.1, Avg: 7.4, Max: 16.1, Diff: 15.0, Sum: 29.5]
         [Processed Buffers: Min: 0, Avg: 9.0, Max: 20, Diff: 20, Sum: 36]
      [Scan RS (ms): Min: 0.0, Avg: 1.6, Max: 3.9, Diff: 3.9, Sum: 6.3]
      [Code Root Scanning (ms): Min: 0.0, Avg: 0.0, Max: 0.0, Diff: 0.0, Sum: 0.0]
      [Object Copy (ms): Min: 0.2, Avg: 4.2, Max: 6.7, Diff: 6.6, Sum: 16.7]
      [Termination (ms): Min: 0.0, Avg: 0.9, Max: 1.5, Diff: 1.5, Sum: 3.7]
         [Termination Attempts: Min: 1, Avg: 1.2, Max: 2, Diff: 1, Sum: 5]
      [GC Worker Other (ms): Min: 0.0, Avg: 0.0, Max: 0.0, Diff: 0.0, Sum: 0.1]
      [GC Worker Total (ms): Min: 11.7, Avg: 14.6, Max: 18.9, Diff: 7.2, Sum: 58.2]
      [GC Worker End (ms): Min: 1087211.2, Avg: 1087211.2, Max: 1087211.2, Diff: 0.1]
   [Code Root Fixup: 0.0 ms]
   [Code Root Purge: 0.0 ms]
   [Clear CT: 0.1 ms]
   [Other: 2.1 ms]
      [Choose CSet: 0.0 ms]
      [Ref Proc: 1.8 ms]
      [Ref Enq: 0.0 ms]
      [Redirty Cards: 0.1 ms]
      [Humongous Register: 0.0 ms]
      [Humongous Reclaim: 0.0 ms]
      [Free CSet: 0.0 ms]
   [Eden: 10240.0K(10240.0K)->0.0B(10240.0K) Survivors: 2048.0K->2048.0K Heap: 163.9M(256.0M)->153.6M(256.0M)]
 [Times: user=0.03 sys=0.00, real=0.02 secs] 
2020-11-05T00:45:43.137-0800: 1102.843: [GC pause (G1 Evacuation Pause) (mixed), 0.0177043 secs]
   [Parallel Time: 15.2 ms, GC Workers: 4]
      [GC Worker Start (ms): Min: 1102843.4, Avg: 1102845.0, Max: 1102846.6, Diff: 3.2]
      [Ext Root Scanning (ms): Min: 0.0, Avg: 0.5, Max: 1.0, Diff: 1.0, Sum: 1.9]
      [Update RS (ms): Min: 0.0, Avg: 1.0, Max: 1.9, Diff: 1.9, Sum: 3.9]
         [Processed Buffers: Min: 0, Avg: 9.8, Max: 27, Diff: 27, Sum: 39]
      [Scan RS (ms): Min: 3.3, Avg: 3.7, Max: 4.5, Diff: 1.1, Sum: 15.0]
      [Code Root Scanning (ms): Min: 0.0, Avg: 0.1, Max: 0.3, Diff: 0.3, Sum: 0.6]
      [Object Copy (ms): Min: 5.8, Avg: 6.5, Max: 8.2, Diff: 2.3, Sum: 25.9]
      [Termination (ms): Min: 0.0, Avg: 1.7, Max: 2.4, Diff: 2.4, Sum: 6.7]
         [Termination Attempts: Min: 1, Avg: 1.2, Max: 2, Diff: 1, Sum: 5]
      [GC Worker Other (ms): Min: 0.0, Avg: 0.0, Max: 0.0, Diff: 0.0, Sum: 0.0]
      [GC Worker Total (ms): Min: 11.8, Avg: 13.5, Max: 15.1, Diff: 3.3, Sum: 53.9]
      [GC Worker End (ms): Min: 1102858.4, Avg: 1102858.5, Max: 1102858.5, Diff: 0.1]
   [Code Root Fixup: 0.0 ms]
   [Code Root Purge: 0.0 ms]
   [Clear CT: 0.1 ms]
   [Other: 2.4 ms]
      [Choose CSet: 0.0 ms]
      [Ref Proc: 2.0 ms]
      [Ref Enq: 0.0 ms]
      [Redirty Cards: 0.1 ms]
      [Humongous Register: 0.0 ms]
      [Humongous Reclaim: 0.0 ms]
      [Free CSet: 0.1 ms]
   [Eden: 10240.0K(10240.0K)->0.0B(10240.0K) Survivors: 2048.0K->2048.0K Heap: 163.6M(256.0M)->151.4M(256.0M)]
 [Times: user=0.04 sys=0.01, real=0.02 secs] 
2020-11-05T00:45:58.586-0800: 1118.292: [GC pause (G1 Evacuation Pause) (young), 0.0103351 secs]
   [Parallel Time: 6.2 ms, GC Workers: 4]
      [GC Worker Start (ms): Min: 1118292.4, Avg: 1118292.4, Max: 1118292.5, Diff: 0.1]
      [Ext Root Scanning (ms): Min: 0.2, Avg: 0.4, Max: 0.5, Diff: 0.2, Sum: 1.4]
      [Update RS (ms): Min: 0.0, Avg: 1.1, Max: 1.6, Diff: 1.6, Sum: 4.6]
         [Processed Buffers: Min: 0, Avg: 9.5, Max: 27, Diff: 27, Sum: 38]
      [Scan RS (ms): Min: 0.0, Avg: 1.0, Max: 1.4, Diff: 1.4, Sum: 4.1]
      [Code Root Scanning (ms): Min: 0.0, Avg: 0.0, Max: 0.0, Diff: 0.0, Sum: 0.0]
      [Object Copy (ms): Min: 2.8, Avg: 3.6, Max: 5.8, Diff: 3.0, Sum: 14.3]
      [Termination (ms): Min: 0.0, Avg: 0.0, Max: 0.0, Diff: 0.0, Sum: 0.1]
         [Termination Attempts: Min: 1, Avg: 1.5, Max: 2, Diff: 1, Sum: 6]
      [GC Worker Other (ms): Min: 0.0, Avg: 0.0, Max: 0.0, Diff: 0.0, Sum: 0.0]
      [GC Worker Total (ms): Min: 6.0, Avg: 6.1, Max: 6.2, Diff: 0.1, Sum: 24.5]
      [GC Worker End (ms): Min: 1118298.6, Avg: 1118298.6, Max: 1118298.6, Diff: 0.0]
   [Code Root Fixup: 0.0 ms]
   [Code Root Purge: 0.0 ms]
   [Clear CT: 0.1 ms]
   [Other: 4.1 ms]
      [Choose CSet: 0.0 ms]
      [Ref Proc: 3.8 ms]
      [Ref Enq: 0.0 ms]
      [Redirty Cards: 0.1 ms]
      [Humongous Register: 0.0 ms]
      [Humongous Reclaim: 0.0 ms]
      [Free CSet: 0.1 ms]
   [Eden: 10240.0K(10240.0K)->0.0B(16384.0K) Survivors: 2048.0K->2048.0K Heap: 161.4M(256.0M)->152.5M(256.0M)]
 [Times: user=0.03 sys=0.00, real=0.01 secs] 
2020-11-05T00:46:23.819-0800: 1143.526: [GC pause (G1 Evacuation Pause) (young) (initial-mark), 0.0128348 secs]
   [Parallel Time: 11.9 ms, GC Workers: 4]
      [GC Worker Start (ms): Min: 1143526.1, Avg: 1143526.5, Max: 1143527.2, Diff: 1.0]
      [Ext Root Scanning (ms): Min: 1.9, Avg: 3.3, Max: 4.4, Diff: 2.5, Sum: 13.3]
      [Update RS (ms): Min: 1.1, Avg: 3.4, Max: 9.8, Diff: 8.7, Sum: 13.6]
         [Processed Buffers: Min: 0, Avg: 9.8, Max: 24, Diff: 24, Sum: 39]
      [Scan RS (ms): Min: 0.0, Avg: 1.3, Max: 1.8, Diff: 1.8, Sum: 5.2]
      [Code Root Scanning (ms): Min: 0.0, Avg: 0.0, Max: 0.0, Diff: 0.0, Sum: 0.0]
      [Object Copy (ms): Min: 0.0, Avg: 2.9, Max: 3.9, Diff: 3.9, Sum: 11.6]
      [Termination (ms): Min: 0.0, Avg: 0.5, Max: 0.7, Diff: 0.7, Sum: 2.0]
         [Termination Attempts: Min: 1, Avg: 1.5, Max: 2, Diff: 1, Sum: 6]
      [GC Worker Other (ms): Min: 0.0, Avg: 0.0, Max: 0.0, Diff: 0.0, Sum: 0.0]
      [GC Worker Total (ms): Min: 10.8, Avg: 11.4, Max: 11.8, Diff: 1.0, Sum: 45.8]
      [GC Worker End (ms): Min: 1143537.9, Avg: 1143538.0, Max: 1143538.0, Diff: 0.0]
   [Code Root Fixup: 0.0 ms]
   [Code Root Purge: 0.0 ms]
   [Clear CT: 0.5 ms]
   [Other: 0.5 ms]
      [Choose CSet: 0.0 ms]
      [Ref Proc: 0.2 ms]
      [Ref Enq: 0.0 ms]
      [Redirty Cards: 0.0 ms]
      [Humongous Register: 0.0 ms]
      [Humongous Reclaim: 0.0 ms]
      [Free CSet: 0.0 ms]
   [Eden: 16384.0K(16384.0K)->0.0B(26624.0K) Survivors: 2048.0K->3072.0K Heap: 168.5M(256.0M)->154.0M(256.0M)]
 [Times: user=0.02 sys=0.00, real=0.02 secs] 
2020-11-05T00:46:23.832-0800: 1143.539: [GC concurrent-root-region-scan-start]
2020-11-05T00:46:23.836-0800: 1143.543: [GC concurrent-root-region-scan-end, 0.0035616 secs]
2020-11-05T00:46:23.836-0800: 1143.543: [GC concurrent-mark-start]
2020-11-05T00:46:23.893-0800: 1143.600: [GC concurrent-mark-end, 0.0573932 secs]
2020-11-05T00:46:23.894-0800: 1143.600: [GC remark 2020-11-05T00:46:23.894-0800: 1143.600: [Finalize Marking, 0.0020199 secs] 2020-11-05T00:46:23.896-0800: 1143.603: [GC ref-proc, 0.0003597 secs] 2020-11-05T00:46:23.896-0800: 1143.603: [Unloading, 0.0143869 secs], 0.0187945 secs]
 [Times: user=0.02 sys=0.00, real=0.02 secs] 
2020-11-05T00:46:23.913-0800: 1143.619: [GC cleanup 154M->154M(256M), 0.0004564 secs]
 [Times: user=0.00 sys=0.00, real=0.00 secs] 
2020-11-05T00:47:04.465-0800: 1184.171: [GC pause (G1 Evacuation Pause) (young), 0.0267004 secs]
   [Parallel Time: 25.2 ms, GC Workers: 4]
      [GC Worker Start (ms): Min: 1184171.4, Avg: 1184171.6, Max: 1184171.8, Diff: 0.4]
      [Ext Root Scanning (ms): Min: 0.3, Avg: 1.1, Max: 3.0, Diff: 2.7, Sum: 4.4]
      [Update RS (ms): Min: 0.0, Avg: 1.2, Max: 1.6, Diff: 1.6, Sum: 4.8]
         [Processed Buffers: Min: 0, Avg: 10.5, Max: 22, Diff: 22, Sum: 42]
      [Scan RS (ms): Min: 1.1, Avg: 2.7, Max: 6.2, Diff: 5.1, Sum: 10.9]
      [Code Root Scanning (ms): Min: 0.0, Avg: 0.0, Max: 0.0, Diff: 0.0, Sum: 0.0]
      [Object Copy (ms): Min: 0.8, Avg: 4.2, Max: 5.8, Diff: 5.0, Sum: 16.9]
      [Termination (ms): Min: 0.0, Avg: 5.6, Max: 15.8, Diff: 15.8, Sum: 22.2]
         [Termination Attempts: Min: 1, Avg: 1.0, Max: 1, Diff: 0, Sum: 4]
      [GC Worker Other (ms): Min: 0.0, Avg: 0.0, Max: 0.0, Diff: 0.0, Sum: 0.1]
      [GC Worker Total (ms): Min: 9.5, Avg: 14.8, Max: 24.7, Diff: 15.1, Sum: 59.3]
      [GC Worker End (ms): Min: 1184181.3, Avg: 1184186.4, Max: 1184196.5, Diff: 15.2]
   [Code Root Fixup: 0.0 ms]
   [Code Root Purge: 0.0 ms]
   [Clear CT: 0.1 ms]
   [Other: 1.4 ms]
      [Choose CSet: 0.0 ms]
      [Ref Proc: 0.9 ms]
      [Ref Enq: 0.0 ms]
      [Redirty Cards: 0.1 ms]
      [Humongous Register: 0.0 ms]
      [Humongous Reclaim: 0.0 ms]
      [Free CSet: 0.1 ms]
   [Eden: 26624.0K(26624.0K)->0.0B(8192.0K) Survivors: 3072.0K->4096.0K Heap: 180.0M(256.0M)->154.3M(256.0M)]
 [Times: user=0.02 sys=0.00, real=0.02 secs] 
2020-11-05T00:47:17.138-0800: 1196.845: [GC pause (G1 Evacuation Pause) (mixed), 0.0227403 secs]
   [Parallel Time: 21.9 ms, GC Workers: 4]
      [GC Worker Start (ms): Min: 1196844.8, Avg: 1196846.0, Max: 1196848.6, Diff: 3.8]
      [Ext Root Scanning (ms): Min: 0.0, Avg: 0.7, Max: 1.7, Diff: 1.7, Sum: 3.0]
      [Update RS (ms): Min: 0.0, Avg: 1.4, Max: 2.2, Diff: 2.2, Sum: 5.7]
         [Processed Buffers: Min: 0, Avg: 7.8, Max: 16, Diff: 16, Sum: 31]
      [Scan RS (ms): Min: 3.4, Avg: 4.1, Max: 5.3, Diff: 1.9, Sum: 16.6]
      [Code Root Scanning (ms): Min: 0.0, Avg: 0.1, Max: 0.2, Diff: 0.2, Sum: 0.3]
      [Object Copy (ms): Min: 10.5, Avg: 12.4, Max: 14.6, Diff: 4.1, Sum: 49.6]
      [Termination (ms): Min: 0.0, Avg: 1.8, Max: 2.8, Diff: 2.8, Sum: 7.2]
         [Termination Attempts: Min: 1, Avg: 1.0, Max: 1, Diff: 0, Sum: 4]
      [GC Worker Other (ms): Min: 0.0, Avg: 0.0, Max: 0.0, Diff: 0.0, Sum: 0.0]
      [GC Worker Total (ms): Min: 18.0, Avg: 20.6, Max: 21.8, Diff: 3.8, Sum: 82.3]
      [GC Worker End (ms): Min: 1196866.6, Avg: 1196866.6, Max: 1196866.6, Diff: 0.0]
   [Code Root Fixup: 0.0 ms]
   [Code Root Purge: 0.0 ms]
   [Clear CT: 0.1 ms]
   [Other: 0.8 ms]
      [Choose CSet: 0.0 ms]
      [Ref Proc: 0.5 ms]
      [Ref Enq: 0.0 ms]
      [Redirty Cards: 0.1 ms]
      [Humongous Register: 0.0 ms]
      [Humongous Reclaim: 0.0 ms]
      [Free CSet: 0.0 ms]
   [Eden: 8192.0K(8192.0K)->0.0B(10240.0K) Survivors: 4096.0K->2048.0K Heap: 162.3M(256.0M)->151.9M(256.0M)]
 [Times: user=0.05 sys=0.00, real=0.03 secs] 
2020-11-05T00:47:32.995-0800: 1212.701: [GC pause (G1 Evacuation Pause) (young), 0.0131793 secs]
   [Parallel Time: 11.2 ms, GC Workers: 4]
      [GC Worker Start (ms): Min: 1212701.5, Avg: 1212703.1, Max: 1212704.7, Diff: 3.2]
      [Ext Root Scanning (ms): Min: 0.0, Avg: 0.3, Max: 0.6, Diff: 0.6, Sum: 1.1]
      [Update RS (ms): Min: 0.0, Avg: 1.1, Max: 2.3, Diff: 2.3, Sum: 4.6]
         [Processed Buffers: Min: 0, Avg: 10.8, Max: 24, Diff: 24, Sum: 43]
      [Scan RS (ms): Min: 1.9, Avg: 3.4, Max: 7.6, Diff: 5.7, Sum: 13.7]
      [Code Root Scanning (ms): Min: 0.0, Avg: 0.0, Max: 0.0, Diff: 0.0, Sum: 0.0]
      [Object Copy (ms): Min: 0.0, Avg: 4.2, Max: 6.1, Diff: 6.0, Sum: 16.9]
      [Termination (ms): Min: 0.0, Avg: 0.5, Max: 0.7, Diff: 0.7, Sum: 2.0]
         [Termination Attempts: Min: 1, Avg: 1.0, Max: 1, Diff: 0, Sum: 4]
      [GC Worker Other (ms): Min: 0.0, Avg: 0.0, Max: 0.0, Diff: 0.0, Sum: 0.0]
      [GC Worker Total (ms): Min: 8.0, Avg: 9.6, Max: 11.2, Diff: 3.2, Sum: 38.3]
      [GC Worker End (ms): Min: 1212712.6, Avg: 1212712.7, Max: 1212712.7, Diff: 0.1]
   [Code Root Fixup: 0.0 ms]
   [Code Root Purge: 0.0 ms]
   [Clear CT: 0.1 ms]
   [Other: 1.8 ms]
      [Choose CSet: 0.0 ms]
      [Ref Proc: 1.6 ms]
      [Ref Enq: 0.0 ms]
      [Redirty Cards: 0.1 ms]
      [Humongous Register: 0.0 ms]
      [Humongous Reclaim: 0.0 ms]
      [Free CSet: 0.0 ms]
   [Eden: 10240.0K(10240.0K)->0.0B(16384.0K) Survivors: 2048.0K->2048.0K Heap: 161.9M(256.0M)->154.3M(256.0M)]
 [Times: user=0.03 sys=0.00, real=0.01 secs] 
2020-11-05T00:47:57.998-0800: 1237.704: [GC pause (G1 Evacuation Pause) (young) (initial-mark), 0.0238019 secs]
   [Parallel Time: 22.1 ms, GC Workers: 4]
      [GC Worker Start (ms): Min: 1237704.4, Avg: 1237705.7, Max: 1237706.2, Diff: 1.8]
      [Ext Root Scanning (ms): Min: 0.0, Avg: 3.6, Max: 8.2, Diff: 8.2, Sum: 14.4]
      [Update RS (ms): Min: 0.0, Avg: 1.6, Max: 3.2, Diff: 3.2, Sum: 6.4]
         [Processed Buffers: Min: 0, Avg: 10.2, Max: 28, Diff: 28, Sum: 41]
      [Scan RS (ms): Min: 0.0, Avg: 5.1, Max: 17.0, Diff: 16.9, Sum: 20.5]
      [Code Root Scanning (ms): Min: 0.0, Avg: 0.0, Max: 0.0, Diff: 0.0, Sum: 0.0]
      [Object Copy (ms): Min: 0.1, Avg: 4.3, Max: 7.1, Diff: 6.9, Sum: 17.3]
      [Termination (ms): Min: 0.0, Avg: 6.1, Max: 8.3, Diff: 8.3, Sum: 24.2]
         [Termination Attempts: Min: 1, Avg: 4.0, Max: 7, Diff: 6, Sum: 16]
      [GC Worker Other (ms): Min: 0.0, Avg: 0.0, Max: 0.0, Diff: 0.0, Sum: 0.0]
      [GC Worker Total (ms): Min: 20.2, Avg: 20.7, Max: 22.0, Diff: 1.8, Sum: 82.8]
      [GC Worker End (ms): Min: 1237726.4, Avg: 1237726.4, Max: 1237726.4, Diff: 0.0]
   [Code Root Fixup: 0.0 ms]
   [Code Root Purge: 0.0 ms]
   [Clear CT: 0.0 ms]
   [Other: 1.6 ms]
      [Choose CSet: 0.0 ms]
      [Ref Proc: 1.4 ms]
      [Ref Enq: 0.0 ms]
      [Redirty Cards: 0.1 ms]
      [Humongous Register: 0.0 ms]
      [Humongous Reclaim: 0.0 ms]
      [Free CSet: 0.0 ms]
   [Eden: 16384.0K(16384.0K)->0.0B(9216.0K) Survivors: 2048.0K->3072.0K Heap: 170.3M(256.0M)->155.5M(256.0M)]
 [Times: user=0.04 sys=0.00, real=0.03 secs] 
2020-11-05T00:47:58.023-0800: 1237.730: [GC concurrent-root-region-scan-start]
2020-11-05T00:47:58.033-0800: 1237.740: [GC concurrent-root-region-scan-end, 0.0105610 secs]
2020-11-05T00:47:58.033-0800: 1237.740: [GC concurrent-mark-start]
2020-11-05T00:47:58.073-0800: 1237.779: [GC concurrent-mark-end, 0.0390776 secs]
2020-11-05T00:47:58.073-0800: 1237.779: [GC remark 2020-11-05T00:47:58.073-0800: 1237.780: [Finalize Marking, 0.0049237 secs] 2020-11-05T00:47:58.079-0800: 1237.785: [GC ref-proc, 0.0003182 secs] 2020-11-05T00:47:58.079-0800: 1237.786: [Unloading, 0.0120767 secs], 0.0218858 secs]
 [Times: user=0.02 sys=0.00, real=0.02 secs] 
2020-11-05T00:47:58.095-0800: 1237.802: [GC cleanup 155M->155M(256M), 0.0035996 secs]
 [Times: user=0.00 sys=0.00, real=0.01 secs] 
2020-11-05T00:48:12.140-0800: 1251.846: [GC pause (G1 Evacuation Pause) (young), 0.0172969 secs]
   [Parallel Time: 15.1 ms, GC Workers: 4]
      [GC Worker Start (ms): Min: 1251846.6, Avg: 1251851.2, Max: 1251853.9, Diff: 7.3]
      [Ext Root Scanning (ms): Min: 0.0, Avg: 0.5, Max: 1.9, Diff: 1.9, Sum: 1.9]
      [Update RS (ms): Min: 0.2, Avg: 5.2, Max: 12.0, Diff: 11.8, Sum: 20.6]
         [Processed Buffers: Min: 1, Avg: 9.0, Max: 23, Diff: 22, Sum: 36]
      [Scan RS (ms): Min: 0.0, Avg: 0.7, Max: 1.5, Diff: 1.5, Sum: 2.7]
      [Code Root Scanning (ms): Min: 0.0, Avg: 0.0, Max: 0.0, Diff: 0.0, Sum: 0.0]
      [Object Copy (ms): Min: 0.5, Avg: 3.0, Max: 6.1, Diff: 5.6, Sum: 12.1]
      [Termination (ms): Min: 0.0, Avg: 1.1, Max: 1.9, Diff: 1.9, Sum: 4.3]
         [Termination Attempts: Min: 1, Avg: 1.2, Max: 2, Diff: 1, Sum: 5]
      [GC Worker Other (ms): Min: 0.0, Avg: 0.0, Max: 0.0, Diff: 0.0, Sum: 0.0]
      [GC Worker Total (ms): Min: 7.8, Avg: 10.4, Max: 15.0, Diff: 7.3, Sum: 41.7]
      [GC Worker End (ms): Min: 1251861.6, Avg: 1251861.7, Max: 1251861.7, Diff: 0.1]
   [Code Root Fixup: 0.0 ms]
   [Code Root Purge: 0.0 ms]
   [Clear CT: 0.2 ms]
   [Other: 2.0 ms]
      [Choose CSet: 0.0 ms]
      [Ref Proc: 0.7 ms]
      [Ref Enq: 0.0 ms]
      [Redirty Cards: 1.0 ms]
      [Humongous Register: 0.0 ms]
      [Humongous Reclaim: 0.0 ms]
      [Free CSet: 0.0 ms]
   [Eden: 9216.0K(9216.0K)->0.0B(10240.0K) Survivors: 3072.0K->2048.0K Heap: 164.5M(256.0M)->155.8M(256.0M)]
 [Times: user=0.03 sys=0.00, real=0.02 secs] 
2020-11-05T00:48:27.862-0800: 1267.569: [GC pause (G1 Evacuation Pause) (mixed), 0.0172009 secs]
   [Parallel Time: 15.8 ms, GC Workers: 4]
      [GC Worker Start (ms): Min: 1267569.2, Avg: 1267572.6, Max: 1267576.0, Diff: 6.8]
      [Ext Root Scanning (ms): Min: 0.0, Avg: 0.6, Max: 1.2, Diff: 1.2, Sum: 2.3]
      [Update RS (ms): Min: 0.0, Avg: 1.9, Max: 3.7, Diff: 3.7, Sum: 7.4]
         [Processed Buffers: Min: 0, Avg: 9.8, Max: 22, Diff: 22, Sum: 39]
      [Scan RS (ms): Min: 3.1, Avg: 6.0, Max: 8.9, Diff: 5.9, Sum: 23.9]
      [Code Root Scanning (ms): Min: 0.0, Avg: 0.0, Max: 0.0, Diff: 0.0, Sum: 0.0]
      [Object Copy (ms): Min: 1.3, Avg: 3.5, Max: 5.9, Diff: 4.6, Sum: 13.9]
      [Termination (ms): Min: 0.0, Avg: 0.5, Max: 0.7, Diff: 0.7, Sum: 1.9]
         [Termination Attempts: Min: 1, Avg: 1.0, Max: 1, Diff: 0, Sum: 4]
      [GC Worker Other (ms): Min: 0.0, Avg: 0.0, Max: 0.0, Diff: 0.0, Sum: 0.1]
      [GC Worker Total (ms): Min: 8.9, Avg: 12.4, Max: 15.8, Diff: 6.9, Sum: 49.5]
      [GC Worker End (ms): Min: 1267585.0, Avg: 1267585.0, Max: 1267585.0, Diff: 0.0]
   [Code Root Fixup: 0.0 ms]
   [Code Root Purge: 0.0 ms]
   [Clear CT: 0.1 ms]
   [Other: 1.3 ms]
      [Choose CSet: 0.0 ms]
      [Ref Proc: 0.8 ms]
      [Ref Enq: 0.0 ms]
      [Redirty Cards: 0.1 ms]
      [Humongous Register: 0.0 ms]
      [Humongous Reclaim: 0.0 ms]
      [Free CSet: 0.1 ms]
   [Eden: 10240.0K(10240.0K)->0.0B(10240.0K) Survivors: 2048.0K->2048.0K Heap: 165.8M(256.0M)->153.3M(256.0M)]
 [Times: user=0.03 sys=0.00, real=0.02 secs] 
2020-11-05T00:48:43.575-0800: 1283.282: [GC pause (G1 Evacuation Pause) (mixed), 0.0299984 secs]
   [Parallel Time: 8.1 ms, GC Workers: 4]
      [GC Worker Start (ms): Min: 1283282.0, Avg: 1283282.3, Max: 1283282.9, Diff: 0.8]
      [Ext Root Scanning (ms): Min: 0.0, Avg: 0.3, Max: 0.5, Diff: 0.5, Sum: 1.3]
      [Update RS (ms): Min: 1.6, Avg: 2.7, Max: 5.1, Diff: 3.5, Sum: 10.6]
         [Processed Buffers: Min: 0, Avg: 9.8, Max: 18, Diff: 18, Sum: 39]
      [Scan RS (ms): Min: 0.0, Avg: 1.2, Max: 1.6, Diff: 1.6, Sum: 4.8]
      [Code Root Scanning (ms): Min: 0.0, Avg: 0.0, Max: 0.0, Diff: 0.0, Sum: 0.0]
      [Object Copy (ms): Min: 1.9, Avg: 3.2, Max: 4.1, Diff: 2.2, Sum: 12.9]
      [Termination (ms): Min: 0.0, Avg: 0.5, Max: 0.6, Diff: 0.6, Sum: 1.9]
         [Termination Attempts: Min: 1, Avg: 3.8, Max: 6, Diff: 5, Sum: 15]
      [GC Worker Other (ms): Min: 0.0, Avg: 0.0, Max: 0.0, Diff: 0.0, Sum: 0.0]
      [GC Worker Total (ms): Min: 7.2, Avg: 7.9, Max: 8.1, Diff: 0.8, Sum: 31.5]
      [GC Worker End (ms): Min: 1283290.1, Avg: 1283290.1, Max: 1283290.1, Diff: 0.0]
   [Code Root Fixup: 0.0 ms]
   [Code Root Purge: 0.0 ms]
   [Clear CT: 0.2 ms]
   [Other: 21.7 ms]
      [Choose CSet: 0.0 ms]
      [Ref Proc: 21.3 ms]
      [Ref Enq: 0.0 ms]
      [Redirty Cards: 0.2 ms]
      [Humongous Register: 0.0 ms]
      [Humongous Reclaim: 0.0 ms]
      [Free CSet: 0.1 ms]
   [Eden: 10240.0K(10240.0K)->0.0B(10240.0K) Survivors: 2048.0K->2048.0K Heap: 163.3M(256.0M)->154.2M(256.0M)]
 [Times: user=0.05 sys=0.00, real=0.03 secs] 
2020-11-05T00:48:59.131-0800: 1298.838: [GC pause (G1 Evacuation Pause) (young), 0.0109539 secs]
   [Parallel Time: 9.3 ms, GC Workers: 4]
      [GC Worker Start (ms): Min: 1298838.1, Avg: 1298839.8, Max: 1298841.5, Diff: 3.4]
      [Ext Root Scanning (ms): Min: 0.0, Avg: 0.6, Max: 1.2, Diff: 1.2, Sum: 2.3]
      [Update RS (ms): Min: 0.4, Avg: 2.9, Max: 8.0, Diff: 7.6, Sum: 11.5]
         [Processed Buffers: Min: 4, Avg: 10.0, Max: 22, Diff: 18, Sum: 40]
      [Scan RS (ms): Min: 0.0, Avg: 0.9, Max: 1.3, Diff: 1.3, Sum: 3.6]
      [Code Root Scanning (ms): Min: 0.0, Avg: 0.0, Max: 0.0, Diff: 0.0, Sum: 0.0]
      [Object Copy (ms): Min: 0.0, Avg: 2.7, Max: 3.6, Diff: 3.6, Sum: 10.6]
      [Termination (ms): Min: 0.0, Avg: 0.6, Max: 0.9, Diff: 0.9, Sum: 2.2]
         [Termination Attempts: Min: 1, Avg: 8.5, Max: 14, Diff: 13, Sum: 34]
      [GC Worker Other (ms): Min: 0.0, Avg: 0.0, Max: 0.0, Diff: 0.0, Sum: 0.0]
      [GC Worker Total (ms): Min: 5.9, Avg: 7.6, Max: 9.3, Diff: 3.4, Sum: 30.2]
      [GC Worker End (ms): Min: 1298847.4, Avg: 1298847.4, Max: 1298847.4, Diff: 0.0]
   [Code Root Fixup: 0.0 ms]
   [Code Root Purge: 0.0 ms]
   [Clear CT: 0.1 ms]
   [Other: 1.5 ms]
      [Choose CSet: 0.0 ms]
      [Ref Proc: 1.3 ms]
      [Ref Enq: 0.0 ms]
      [Redirty Cards: 0.1 ms]
      [Humongous Register: 0.0 ms]
      [Humongous Reclaim: 0.0 ms]
      [Free CSet: 0.0 ms]
   [Eden: 10240.0K(10240.0K)->0.0B(10240.0K) Survivors: 2048.0K->2048.0K Heap: 164.2M(256.0M)->155.7M(256.0M)]
 [Times: user=0.03 sys=0.00, real=0.02 secs] 
2020-11-05T00:49:14.859-0800: 1314.566: [GC pause (G1 Evacuation Pause) (young) (initial-mark), 0.0156305 secs]
   [Parallel Time: 14.6 ms, GC Workers: 4]
      [GC Worker Start (ms): Min: 1314566.1, Avg: 1314566.8, Max: 1314567.6, Diff: 1.5]
      [Ext Root Scanning (ms): Min: 0.0, Avg: 2.6, Max: 7.0, Diff: 7.0, Sum: 10.6]
      [Update RS (ms): Min: 0.0, Avg: 3.5, Max: 9.1, Diff: 9.1, Sum: 14.0]
         [Processed Buffers: Min: 0, Avg: 10.0, Max: 21, Diff: 21, Sum: 40]
      [Scan RS (ms): Min: 0.0, Avg: 0.8, Max: 1.6, Diff: 1.6, Sum: 3.2]
      [Code Root Scanning (ms): Min: 0.0, Avg: 0.0, Max: 0.0, Diff: 0.0, Sum: 0.0]
      [Object Copy (ms): Min: 0.1, Avg: 3.6, Max: 8.6, Diff: 8.5, Sum: 14.3]
      [Termination (ms): Min: 0.0, Avg: 3.1, Max: 4.4, Diff: 4.4, Sum: 12.5]
         [Termination Attempts: Min: 1, Avg: 1.8, Max: 3, Diff: 2, Sum: 7]
      [GC Worker Other (ms): Min: 0.0, Avg: 0.0, Max: 0.0, Diff: 0.0, Sum: 0.0]
      [GC Worker Total (ms): Min: 12.9, Avg: 13.7, Max: 14.4, Diff: 1.4, Sum: 54.6]
      [GC Worker End (ms): Min: 1314580.4, Avg: 1314580.5, Max: 1314580.6, Diff: 0.1]
   [Code Root Fixup: 0.0 ms]
   [Code Root Purge: 0.0 ms]
   [Clear CT: 0.0 ms]
   [Other: 1.0 ms]
      [Choose CSet: 0.0 ms]
      [Ref Proc: 0.7 ms]
      [Ref Enq: 0.0 ms]
      [Redirty Cards: 0.0 ms]
      [Humongous Register: 0.0 ms]
      [Humongous Reclaim: 0.0 ms]
      [Free CSet: 0.1 ms]
   [Eden: 10240.0K(10240.0K)->0.0B(17408.0K) Survivors: 2048.0K->2048.0K Heap: 165.7M(256.0M)->157.0M(256.0M)]
 [Times: user=0.03 sys=0.00, real=0.02 secs] 
2020-11-05T00:49:14.875-0800: 1314.582: [GC concurrent-root-region-scan-start]
2020-11-05T00:49:14.880-0800: 1314.587: [GC concurrent-root-region-scan-end, 0.0049047 secs]
2020-11-05T00:49:14.880-0800: 1314.587: [GC concurrent-mark-start]
2020-11-05T00:49:14.938-0800: 1314.645: [GC concurrent-mark-end, 0.0577314 secs]
2020-11-05T00:49:14.938-0800: 1314.645: [GC remark 2020-11-05T00:49:14.938-0800: 1314.645: [Finalize Marking, 0.0021222 secs] 2020-11-05T00:49:14.941-0800: 1314.647: [GC ref-proc, 0.0002942 secs] 2020-11-05T00:49:14.941-0800: 1314.648: [Unloading, 0.0142142 secs], 0.0195106 secs]
 [Times: user=0.03 sys=0.01, real=0.02 secs] 
2020-11-05T00:49:14.959-0800: 1314.666: [GC cleanup 157M->157M(256M), 0.0039874 secs]
 [Times: user=0.00 sys=0.00, real=0.01 secs] 
2020-11-05T00:49:41.485-0800: 1341.192: [GC pause (G1 Evacuation Pause) (young), 0.0202931 secs]
   [Parallel Time: 11.9 ms, GC Workers: 4]
      [GC Worker Start (ms): Min: 1341192.1, Avg: 1341193.0, Max: 1341195.9, Diff: 3.8]
      [Ext Root Scanning (ms): Min: 0.0, Avg: 0.4, Max: 0.5, Diff: 0.5, Sum: 1.5]
      [Update RS (ms): Min: 0.0, Avg: 1.5, Max: 2.2, Diff: 2.2, Sum: 6.1]
         [Processed Buffers: Min: 0, Avg: 10.0, Max: 16, Diff: 16, Sum: 40]
      [Scan RS (ms): Min: 0.1, Avg: 2.5, Max: 7.4, Diff: 7.3, Sum: 9.9]
      [Code Root Scanning (ms): Min: 0.0, Avg: 0.0, Max: 0.0, Diff: 0.0, Sum: 0.0]
      [Object Copy (ms): Min: 0.0, Avg: 3.2, Max: 4.2, Diff: 4.2, Sum: 12.7]
      [Termination (ms): Min: 0.0, Avg: 2.3, Max: 3.7, Diff: 3.7, Sum: 9.2]
         [Termination Attempts: Min: 1, Avg: 6.0, Max: 9, Diff: 8, Sum: 24]
      [GC Worker Other (ms): Min: 0.0, Avg: 0.0, Max: 0.0, Diff: 0.0, Sum: 0.1]
      [GC Worker Total (ms): Min: 8.0, Avg: 9.9, Max: 11.0, Diff: 3.0, Sum: 39.4]
      [GC Worker End (ms): Min: 1341202.0, Avg: 1341202.9, Max: 1341203.8, Diff: 1.8]
   [Code Root Fixup: 0.0 ms]
   [Code Root Purge: 0.0 ms]
   [Clear CT: 0.2 ms]
   [Other: 8.2 ms]
      [Choose CSet: 0.0 ms]
      [Ref Proc: 6.9 ms]
      [Ref Enq: 0.0 ms]
      [Redirty Cards: 0.9 ms]
      [Humongous Register: 0.0 ms]
      [Humongous Reclaim: 0.0 ms]
      [Free CSet: 0.1 ms]
   [Eden: 17408.0K(17408.0K)->0.0B(9216.0K) Survivors: 2048.0K->3072.0K Heap: 174.0M(256.0M)->157.5M(256.0M)]
 [Times: user=0.04 sys=0.00, real=0.02 secs] 
2020-11-05T00:49:55.302-0800: 1355.009: [GC pause (G1 Evacuation Pause) (mixed), 0.0219509 secs]
   [Parallel Time: 19.7 ms, GC Workers: 4]
      [GC Worker Start (ms): Min: 1355009.1, Avg: 1355010.9, Max: 1355014.6, Diff: 5.5]
      [Ext Root Scanning (ms): Min: 0.0, Avg: 3.2, Max: 11.4, Diff: 11.3, Sum: 12.7]
      [Update RS (ms): Min: 0.0, Avg: 1.2, Max: 2.5, Diff: 2.5, Sum: 4.9]
         [Processed Buffers: Min: 0, Avg: 11.2, Max: 39, Diff: 39, Sum: 45]
      [Scan RS (ms): Min: 0.1, Avg: 4.6, Max: 12.5, Diff: 12.5, Sum: 18.5]
      [Code Root Scanning (ms): Min: 0.0, Avg: 0.6, Max: 2.3, Diff: 2.3, Sum: 2.3]
      [Object Copy (ms): Min: 0.1, Avg: 6.5, Max: 11.8, Diff: 11.7, Sum: 25.9]
      [Termination (ms): Min: 0.0, Avg: 1.8, Max: 3.8, Diff: 3.8, Sum: 7.1]
         [Termination Attempts: Min: 1, Avg: 2.0, Max: 5, Diff: 4, Sum: 8]
      [GC Worker Other (ms): Min: 0.0, Avg: 0.0, Max: 0.0, Diff: 0.0, Sum: 0.1]
      [GC Worker Total (ms): Min: 14.1, Avg: 17.9, Max: 19.7, Diff: 5.6, Sum: 71.4]
      [GC Worker End (ms): Min: 1355028.7, Avg: 1355028.8, Max: 1355028.8, Diff: 0.1]
   [Code Root Fixup: 0.0 ms]
   [Code Root Purge: 0.0 ms]
   [Clear CT: 0.8 ms]
   [Other: 1.4 ms]
      [Choose CSet: 0.0 ms]
      [Ref Proc: 1.1 ms]
      [Ref Enq: 0.0 ms]
      [Redirty Cards: 0.1 ms]
      [Humongous Register: 0.0 ms]
      [Humongous Reclaim: 0.0 ms]
      [Free CSet: 0.1 ms]
   [Eden: 9216.0K(9216.0K)->0.0B(10240.0K) Survivors: 3072.0K->2048.0K Heap: 166.5M(256.0M)->155.4M(256.0M)]
 [Times: user=0.04 sys=0.00, real=0.02 secs] 
2020-11-05T00:50:11.086-0800: 1370.793: [GC pause (G1 Evacuation Pause) (mixed), 0.0111419 secs]
   [Parallel Time: 10.8 ms, GC Workers: 4]
      [GC Worker Start (ms): Min: 1370792.9, Avg: 1370793.8, Max: 1370796.3, Diff: 3.4]
      [Ext Root Scanning (ms): Min: 0.0, Avg: 0.6, Max: 1.2, Diff: 1.1, Sum: 2.4]
      [Update RS (ms): Min: 0.0, Avg: 3.5, Max: 8.4, Diff: 8.4, Sum: 14.1]
         [Processed Buffers: Min: 2, Avg: 9.0, Max: 16, Diff: 14, Sum: 36]
      [Scan RS (ms): Min: 0.0, Avg: 1.8, Max: 2.6, Diff: 2.6, Sum: 7.4]
      [Code Root Scanning (ms): Min: 0.0, Avg: 0.0, Max: 0.0, Diff: 0.0, Sum: 0.0]
      [Object Copy (ms): Min: 0.6, Avg: 3.5, Max: 4.8, Diff: 4.2, Sum: 13.9]
      [Termination (ms): Min: 0.0, Avg: 0.5, Max: 0.6, Diff: 0.6, Sum: 1.8]
         [Termination Attempts: Min: 1, Avg: 1.0, Max: 1, Diff: 0, Sum: 4]
      [GC Worker Other (ms): Min: 0.0, Avg: 0.0, Max: 0.0, Diff: 0.0, Sum: 0.0]
      [GC Worker Total (ms): Min: 7.4, Avg: 9.9, Max: 10.8, Diff: 3.4, Sum: 39.7]
      [GC Worker End (ms): Min: 1370803.7, Avg: 1370803.7, Max: 1370803.7, Diff: 0.0]
   [Code Root Fixup: 0.0 ms]
   [Code Root Purge: 0.0 ms]
   [Clear CT: 0.0 ms]
   [Other: 0.3 ms]
      [Choose CSet: 0.0 ms]
      [Ref Proc: 0.1 ms]
      [Ref Enq: 0.0 ms]
      [Redirty Cards: 0.0 ms]
      [Humongous Register: 0.0 ms]
      [Humongous Reclaim: 0.0 ms]
      [Free CSet: 0.0 ms]
   [Eden: 10240.0K(10240.0K)->0.0B(23552.0K) Survivors: 2048.0K->2048.0K Heap: 165.4M(256.0M)->153.0M(256.0M)]
 [Times: user=0.03 sys=0.00, real=0.01 secs] 
2020-11-05T00:50:47.277-0800: 1406.983: [GC pause (G1 Evacuation Pause) (young), 0.0157981 secs]
   [Parallel Time: 15.0 ms, GC Workers: 4]
      [GC Worker Start (ms): Min: 1406983.8, Avg: 1406984.8, Max: 1406985.8, Diff: 2.0]
      [Ext Root Scanning (ms): Min: 0.0, Avg: 0.5, Max: 1.1, Diff: 1.1, Sum: 2.1]
      [Update RS (ms): Min: 1.5, Avg: 2.8, Max: 5.7, Diff: 4.2, Sum: 11.2]
         [Processed Buffers: Min: 0, Avg: 9.2, Max: 21, Diff: 21, Sum: 37]
      [Scan RS (ms): Min: 0.0, Avg: 2.0, Max: 4.2, Diff: 4.2, Sum: 8.0]
      [Code Root Scanning (ms): Min: 0.0, Avg: 0.0, Max: 0.0, Diff: 0.0, Sum: 0.0]
      [Object Copy (ms): Min: 5.2, Avg: 6.7, Max: 7.4, Diff: 2.2, Sum: 26.8]
      [Termination (ms): Min: 0.0, Avg: 0.5, Max: 0.6, Diff: 0.6, Sum: 1.9]
         [Termination Attempts: Min: 1, Avg: 1.0, Max: 1, Diff: 0, Sum: 4]
      [GC Worker Other (ms): Min: 0.0, Avg: 0.0, Max: 0.0, Diff: 0.0, Sum: 0.0]
      [GC Worker Total (ms): Min: 11.5, Avg: 12.5, Max: 13.5, Diff: 2.1, Sum: 50.0]
      [GC Worker End (ms): Min: 1406997.3, Avg: 1406997.3, Max: 1406997.4, Diff: 0.1]
   [Code Root Fixup: 0.0 ms]
   [Code Root Purge: 0.0 ms]
   [Clear CT: 0.1 ms]
   [Other: 0.7 ms]
      [Choose CSet: 0.0 ms]
      [Ref Proc: 0.4 ms]
      [Ref Enq: 0.0 ms]
      [Redirty Cards: 0.1 ms]
      [Humongous Register: 0.0 ms]
      [Humongous Reclaim: 0.0 ms]
      [Free CSet: 0.1 ms]
   [Eden: 23552.0K(23552.0K)->0.0B(27648.0K) Survivors: 2048.0K->4096.0K Heap: 176.0M(256.0M)->155.3M(256.0M)]
 [Times: user=0.03 sys=0.00, real=0.02 secs] 
2020-11-05T00:51:29.699-0800: 1449.406: [GC pause (G1 Evacuation Pause) (young) (initial-mark), 0.0623843 secs]
   [Parallel Time: 55.0 ms, GC Workers: 4]
      [GC Worker Start (ms): Min: 1449405.7, Avg: 1449405.9, Max: 1449406.5, Diff: 0.8]
      [Ext Root Scanning (ms): Min: 0.0, Avg: 2.6, Max: 5.2, Diff: 5.2, Sum: 10.6]
      [Update RS (ms): Min: 0.0, Avg: 1.5, Max: 3.0, Diff: 3.0, Sum: 5.8]
         [Processed Buffers: Min: 0, Avg: 9.5, Max: 22, Diff: 22, Sum: 38]
      [Scan RS (ms): Min: 1.5, Avg: 3.0, Max: 5.3, Diff: 3.8, Sum: 11.9]
      [Code Root Scanning (ms): Min: 0.0, Avg: 0.0, Max: 0.0, Diff: 0.0, Sum: 0.0]
      [Object Copy (ms): Min: 5.4, Avg: 14.6, Max: 35.6, Diff: 30.2, Sum: 58.5]
      [Termination (ms): Min: 0.0, Avg: 24.2, Max: 37.5, Diff: 37.5, Sum: 96.6]
         [Termination Attempts: Min: 1, Avg: 1.8, Max: 3, Diff: 2, Sum: 7]
      [GC Worker Other (ms): Min: 0.0, Avg: 0.0, Max: 0.0, Diff: 0.0, Sum: 0.1]
      [GC Worker Total (ms): Min: 41.6, Avg: 45.9, Max: 54.3, Diff: 12.7, Sum: 183.5]
      [GC Worker End (ms): Min: 1449448.1, Avg: 1449451.8, Max: 1449460.0, Diff: 11.9]
   [Code Root Fixup: 0.0 ms]
   [Code Root Purge: 0.0 ms]
   [Clear CT: 0.1 ms]
   [Other: 7.4 ms]
      [Choose CSet: 0.0 ms]
      [Ref Proc: 7.1 ms]
      [Ref Enq: 0.0 ms]
      [Redirty Cards: 0.1 ms]
      [Humongous Register: 0.0 ms]
      [Humongous Reclaim: 0.0 ms]
      [Free CSet: 0.0 ms]
   [Eden: 27648.0K(27648.0K)->0.0B(9216.0K) Survivors: 4096.0K->3072.0K Heap: 182.3M(256.0M)->155.5M(256.0M)]
 [Times: user=0.05 sys=0.00, real=0.07 secs] 
2020-11-05T00:51:29.762-0800: 1449.469: [GC concurrent-root-region-scan-start]
2020-11-05T00:51:29.779-0800: 1449.486: [GC concurrent-root-region-scan-end, 0.0173032 secs]
2020-11-05T00:51:29.779-0800: 1449.486: [GC concurrent-mark-start]
2020-11-05T00:51:29.873-0800: 1449.580: [GC concurrent-mark-end, 0.0938106 secs]
2020-11-05T00:51:29.873-0800: 1449.580: [GC remark 2020-11-05T00:51:29.873-0800: 1449.580: [Finalize Marking, 0.0022352 secs] 2020-11-05T00:51:29.876-0800: 1449.582: [GC ref-proc, 0.0003123 secs] 2020-11-05T00:51:29.878-0800: 1449.584: [Unloading, 0.0181130 secs], 0.0249526 secs]
 [Times: user=0.02 sys=0.00, real=0.02 secs] 
2020-11-05T00:51:29.901-0800: 1449.607: [GC cleanup 155M->155M(256M), 0.0014350 secs]
 [Times: user=0.00 sys=0.00, real=0.00 secs] 
2020-11-05T00:51:43.903-0800: 1463.610: [GC pause (G1 Evacuation Pause) (young), 0.0214974 secs]
   [Parallel Time: 18.9 ms, GC Workers: 4]
      [GC Worker Start (ms): Min: 1463610.1, Avg: 1463611.5, Max: 1463613.6, Diff: 3.5]
      [Ext Root Scanning (ms): Min: 0.0, Avg: 0.5, Max: 1.0, Diff: 1.0, Sum: 2.0]
      [Update RS (ms): Min: 0.7, Avg: 5.6, Max: 11.3, Diff: 10.6, Sum: 22.6]
         [Processed Buffers: Min: 1, Avg: 9.2, Max: 25, Diff: 24, Sum: 37]
      [Scan RS (ms): Min: 0.0, Avg: 1.5, Max: 3.0, Diff: 3.0, Sum: 5.9]
      [Code Root Scanning (ms): Min: 0.0, Avg: 0.0, Max: 0.0, Diff: 0.0, Sum: 0.0]
      [Object Copy (ms): Min: 2.2, Avg: 5.7, Max: 7.1, Diff: 5.0, Sum: 22.8]
      [Termination (ms): Min: 0.0, Avg: 1.0, Max: 2.1, Diff: 2.1, Sum: 4.1]
         [Termination Attempts: Min: 1, Avg: 1.8, Max: 3, Diff: 2, Sum: 7]
      [GC Worker Other (ms): Min: 0.0, Avg: 0.0, Max: 0.0, Diff: 0.0, Sum: 0.1]
      [GC Worker Total (ms): Min: 12.0, Avg: 14.4, Max: 16.5, Diff: 4.5, Sum: 57.4]
      [GC Worker End (ms): Min: 1463625.5, Avg: 1463625.8, Max: 1463626.6, Diff: 1.1]
   [Code Root Fixup: 0.0 ms]
   [Code Root Purge: 0.0 ms]
   [Clear CT: 0.0 ms]
   [Other: 2.5 ms]
      [Choose CSet: 0.0 ms]
      [Ref Proc: 2.4 ms]
      [Ref Enq: 0.0 ms]
      [Redirty Cards: 0.0 ms]
      [Humongous Register: 0.0 ms]
      [Humongous Reclaim: 0.0 ms]
      [Free CSet: 0.0 ms]
   [Eden: 9216.0K(9216.0K)->0.0B(10240.0K) Survivors: 3072.0K->2048.0K Heap: 164.5M(256.0M)->156.6M(256.0M)]
 [Times: user=0.04 sys=0.00, real=0.02 secs] 
2020-11-05T00:51:59.215-0800: 1478.921: [GC pause (G1 Evacuation Pause) (mixed), 0.0272332 secs]
   [Parallel Time: 20.6 ms, GC Workers: 4]
      [GC Worker Start (ms): Min: 1478921.3, Avg: 1478922.7, Max: 1478926.6, Diff: 5.2]
      [Ext Root Scanning (ms): Min: 0.0, Avg: 0.4, Max: 0.7, Diff: 0.7, Sum: 1.7]
      [Update RS (ms): Min: 0.0, Avg: 1.3, Max: 1.8, Diff: 1.8, Sum: 5.3]
         [Processed Buffers: Min: 0, Avg: 10.5, Max: 29, Diff: 29, Sum: 42]
      [Scan RS (ms): Min: 0.0, Avg: 1.8, Max: 2.4, Diff: 2.4, Sum: 7.2]
      [Code Root Scanning (ms): Min: 0.0, Avg: 0.0, Max: 0.0, Diff: 0.0, Sum: 0.0]
      [Object Copy (ms): Min: 3.8, Avg: 6.4, Max: 13.2, Diff: 9.5, Sum: 25.4]
      [Termination (ms): Min: 0.0, Avg: 7.3, Max: 10.9, Diff: 10.9, Sum: 29.0]
         [Termination Attempts: Min: 1, Avg: 1.5, Max: 3, Diff: 2, Sum: 6]
      [GC Worker Other (ms): Min: 0.0, Avg: 0.0, Max: 0.0, Diff: 0.0, Sum: 0.0]
      [GC Worker Total (ms): Min: 12.8, Avg: 17.2, Max: 19.8, Diff: 7.1, Sum: 68.7]
      [GC Worker End (ms): Min: 1478939.3, Avg: 1478939.9, Max: 1478941.2, Diff: 1.9]
   [Code Root Fixup: 0.0 ms]
   [Code Root Purge: 0.0 ms]
   [Clear CT: 2.4 ms]
   [Other: 4.2 ms]
      [Choose CSet: 0.0 ms]
      [Ref Proc: 3.0 ms]
      [Ref Enq: 0.0 ms]
      [Redirty Cards: 0.9 ms]
      [Humongous Register: 0.0 ms]
      [Humongous Reclaim: 0.0 ms]
      [Free CSet: 0.1 ms]
   [Eden: 10240.0K(10240.0K)->0.0B(10240.0K) Survivors: 2048.0K->2048.0K Heap: 166.6M(256.0M)->155.5M(256.0M)]
 [Times: user=0.03 sys=0.01, real=0.03 secs] 
2020-11-05T00:52:14.809-0800: 1494.515: [GC pause (G1 Evacuation Pause) (mixed), 0.0083104 secs]
   [Parallel Time: 8.0 ms, GC Workers: 4]
      [GC Worker Start (ms): Min: 1494515.3, Avg: 1494515.3, Max: 1494515.3, Diff: 0.0]
      [Ext Root Scanning (ms): Min: 0.3, Avg: 0.4, Max: 0.5, Diff: 0.1, Sum: 1.4]
      [Update RS (ms): Min: 0.0, Avg: 1.3, Max: 1.8, Diff: 1.8, Sum: 5.4]
         [Processed Buffers: Min: 0, Avg: 9.5, Max: 22, Diff: 22, Sum: 38]
      [Scan RS (ms): Min: 0.8, Avg: 2.4, Max: 5.0, Diff: 4.2, Sum: 9.6]
      [Code Root Scanning (ms): Min: 0.0, Avg: 0.0, Max: 0.0, Diff: 0.0, Sum: 0.0]
      [Object Copy (ms): Min: 0.1, Avg: 3.3, Max: 6.8, Diff: 6.6, Sum: 13.3]
      [Termination (ms): Min: 0.0, Avg: 0.5, Max: 0.7, Diff: 0.7, Sum: 2.0]
         [Termination Attempts: Min: 1, Avg: 3.5, Max: 7, Diff: 6, Sum: 14]
      [GC Worker Other (ms): Min: 0.0, Avg: 0.0, Max: 0.0, Diff: 0.0, Sum: 0.0]
      [GC Worker Total (ms): Min: 7.9, Avg: 7.9, Max: 7.9, Diff: 0.0, Sum: 31.7]
      [GC Worker End (ms): Min: 1494523.2, Avg: 1494523.2, Max: 1494523.2, Diff: 0.0]
   [Code Root Fixup: 0.0 ms]
   [Code Root Purge: 0.0 ms]
   [Clear CT: 0.0 ms]
   [Other: 0.3 ms]
      [Choose CSet: 0.0 ms]
      [Ref Proc: 0.1 ms]
      [Ref Enq: 0.0 ms]
      [Redirty Cards: 0.0 ms]
      [Humongous Register: 0.0 ms]
      [Humongous Reclaim: 0.0 ms]
      [Free CSet: 0.0 ms]
   [Eden: 10240.0K(10240.0K)->0.0B(10240.0K) Survivors: 2048.0K->2048.0K Heap: 165.5M(256.0M)->155.4M(256.0M)]
 [Times: user=0.02 sys=0.00, real=0.01 secs] 
2020-11-05T00:52:30.664-0800: 1510.370: [GC pause (G1 Evacuation Pause) (young), 0.0093785 secs]
   [Parallel Time: 8.4 ms, GC Workers: 4]
      [GC Worker Start (ms): Min: 1510370.4, Avg: 1510371.7, Max: 1510375.5, Diff: 5.1]
      [Ext Root Scanning (ms): Min: 0.0, Avg: 0.6, Max: 1.0, Diff: 1.0, Sum: 2.5]
      [Update RS (ms): Min: 0.0, Avg: 2.6, Max: 3.5, Diff: 3.5, Sum: 10.5]
         [Processed Buffers: Min: 0, Avg: 10.0, Max: 31, Diff: 31, Sum: 40]
      [Scan RS (ms): Min: 1.2, Avg: 2.2, Max: 3.8, Diff: 2.6, Sum: 8.8]
      [Code Root Scanning (ms): Min: 0.0, Avg: 0.0, Max: 0.0, Diff: 0.0, Sum: 0.0]
      [Object Copy (ms): Min: 0.2, Avg: 1.5, Max: 1.9, Diff: 1.7, Sum: 5.9]
      [Termination (ms): Min: 0.0, Avg: 0.1, Max: 0.1, Diff: 0.1, Sum: 0.2]
         [Termination Attempts: Min: 1, Avg: 6.8, Max: 12, Diff: 11, Sum: 27]
      [GC Worker Other (ms): Min: 0.0, Avg: 0.0, Max: 0.0, Diff: 0.0, Sum: 0.0]
      [GC Worker Total (ms): Min: 3.2, Avg: 7.0, Max: 8.3, Diff: 5.1, Sum: 27.9]
      [GC Worker End (ms): Min: 1510378.6, Avg: 1510378.6, Max: 1510378.7, Diff: 0.1]
   [Code Root Fixup: 0.0 ms]
   [Code Root Purge: 0.0 ms]
   [Clear CT: 0.0 ms]
   [Other: 0.9 ms]
      [Choose CSet: 0.0 ms]
      [Ref Proc: 0.7 ms]
      [Ref Enq: 0.0 ms]
      [Redirty Cards: 0.0 ms]
      [Humongous Register: 0.0 ms]
      [Humongous Reclaim: 0.0 ms]
      [Free CSet: 0.0 ms]
   [Eden: 10240.0K(10240.0K)->0.0B(30720.0K) Survivors: 2048.0K->2048.0K Heap: 165.4M(256.0M)->154.8M(256.0M)]
 [Times: user=0.03 sys=0.00, real=0.01 secs] 
2020-11-05T00:53:17.731-0800: 1557.438: [GC pause (G1 Evacuation Pause) (young) (initial-mark), 0.0097880 secs]
   [Parallel Time: 7.9 ms, GC Workers: 4]
      [GC Worker Start (ms): Min: 1557438.4, Avg: 1557439.1, Max: 1557439.9, Diff: 1.5]
      [Ext Root Scanning (ms): Min: 0.0, Avg: 0.9, Max: 1.5, Diff: 1.5, Sum: 3.5]
      [Update RS (ms): Min: 1.6, Avg: 2.0, Max: 2.1, Diff: 0.5, Sum: 7.8]
         [Processed Buffers: Min: 3, Avg: 10.8, Max: 16, Diff: 13, Sum: 43]
      [Scan RS (ms): Min: 1.0, Avg: 1.1, Max: 1.2, Diff: 0.2, Sum: 4.5]
      [Code Root Scanning (ms): Min: 0.0, Avg: 0.0, Max: 0.0, Diff: 0.0, Sum: 0.0]
      [Object Copy (ms): Min: 3.0, Avg: 3.1, Max: 3.2, Diff: 0.2, Sum: 12.3]
      [Termination (ms): Min: 0.0, Avg: 0.0, Max: 0.0, Diff: 0.0, Sum: 0.0]
         [Termination Attempts: Min: 1, Avg: 1.0, Max: 1, Diff: 0, Sum: 4]
      [GC Worker Other (ms): Min: 0.0, Avg: 0.0, Max: 0.0, Diff: 0.0, Sum: 0.0]
      [GC Worker Total (ms): Min: 6.3, Avg: 7.1, Max: 7.8, Diff: 1.5, Sum: 28.3]
      [GC Worker End (ms): Min: 1557446.2, Avg: 1557446.2, Max: 1557446.2, Diff: 0.0]
   [Code Root Fixup: 0.0 ms]
   [Code Root Purge: 0.0 ms]
   [Clear CT: 0.1 ms]
   [Other: 1.8 ms]
      [Choose CSet: 0.0 ms]
      [Ref Proc: 1.4 ms]
      [Ref Enq: 0.0 ms]
      [Redirty Cards: 0.0 ms]
      [Humongous Register: 0.0 ms]
      [Humongous Reclaim: 0.0 ms]
      [Free CSet: 0.0 ms]
   [Eden: 30720.0K(30720.0K)->0.0B(53248.0K) Survivors: 2048.0K->3072.0K Heap: 184.8M(256.0M)->156.3M(256.0M)]
 [Times: user=0.03 sys=0.00, real=0.02 secs] 
2020-11-05T00:53:17.741-0800: 1557.448: [GC concurrent-root-region-scan-start]
2020-11-05T00:53:17.751-0800: 1557.458: [GC concurrent-root-region-scan-end, 0.0096671 secs]
2020-11-05T00:53:17.751-0800: 1557.458: [GC concurrent-mark-start]
2020-11-05T00:53:17.803-0800: 1557.510: [GC concurrent-mark-end, 0.0519349 secs]
2020-11-05T00:53:17.803-0800: 1557.510: [GC remark 2020-11-05T00:53:17.804-0800: 1557.510: [Finalize Marking, 0.0040066 secs] 2020-11-05T00:53:17.808-0800: 1557.515: [GC ref-proc, 0.0003156 secs] 2020-11-05T00:53:17.808-0800: 1557.515: [Unloading, 0.0119147 secs], 0.0198354 secs]
 [Times: user=0.02 sys=0.00, real=0.02 secs] 
2020-11-05T00:53:17.826-0800: 1557.533: [GC cleanup 157M->157M(256M), 0.0015326 secs]
 [Times: user=0.00 sys=0.00, real=0.00 secs] 
2020-11-05T00:54:39.548-0800: 1639.254: [GC pause (G1 Evacuation Pause) (young), 0.0355624 secs]
   [Parallel Time: 22.5 ms, GC Workers: 4]
      [GC Worker Start (ms): Min: 1639254.6, Avg: 1639257.8, Max: 1639260.1, Diff: 5.5]
      [Ext Root Scanning (ms): Min: 0.0, Avg: 0.3, Max: 1.2, Diff: 1.2, Sum: 1.2]
      [Update RS (ms): Min: 0.0, Avg: 1.4, Max: 3.1, Diff: 3.1, Sum: 5.6]
         [Processed Buffers: Min: 0, Avg: 11.5, Max: 25, Diff: 25, Sum: 46]
      [Scan RS (ms): Min: 0.8, Avg: 4.6, Max: 8.6, Diff: 7.8, Sum: 18.2]
      [Code Root Scanning (ms): Min: 0.0, Avg: 0.0, Max: 0.0, Diff: 0.0, Sum: 0.0]
      [Object Copy (ms): Min: 6.3, Avg: 9.6, Max: 13.1, Diff: 6.7, Sum: 38.5]
      [Termination (ms): Min: 0.0, Avg: 0.4, Max: 0.7, Diff: 0.7, Sum: 1.5]
         [Termination Attempts: Min: 1, Avg: 1.0, Max: 1, Diff: 0, Sum: 4]
      [GC Worker Other (ms): Min: 0.0, Avg: 0.0, Max: 0.0, Diff: 0.0, Sum: 0.1]
      [GC Worker Total (ms): Min: 14.0, Avg: 16.3, Max: 19.5, Diff: 5.4, Sum: 65.2]
      [GC Worker End (ms): Min: 1639274.0, Avg: 1639274.1, Max: 1639274.1, Diff: 0.1]
   [Code Root Fixup: 0.0 ms]
   [Code Root Purge: 0.0 ms]
   [Clear CT: 4.6 ms]
   [Other: 8.5 ms]
      [Choose CSet: 0.0 ms]
      [Ref Proc: 7.8 ms]
      [Ref Enq: 0.0 ms]
      [Redirty Cards: 0.4 ms]
      [Humongous Register: 0.0 ms]
      [Humongous Reclaim: 0.0 ms]
      [Free CSet: 0.1 ms]
   [Eden: 53248.0K(53248.0K)->0.0B(6144.0K) Survivors: 3072.0K->6144.0K Heap: 208.3M(256.0M)->158.9M(256.0M)]
 [Times: user=0.04 sys=0.00, real=0.04 secs] 
2020-11-05T00:54:48.665-0800: 1648.372: [GC pause (G1 Evacuation Pause) (mixed), 0.0319707 secs]
   [Parallel Time: 30.7 ms, GC Workers: 4]
      [GC Worker Start (ms): Min: 1648372.1, Avg: 1648375.6, Max: 1648381.7, Diff: 9.6]
      [Ext Root Scanning (ms): Min: 0.0, Avg: 0.5, Max: 1.0, Diff: 1.0, Sum: 2.0]
      [Update RS (ms): Min: 0.0, Avg: 1.3, Max: 2.6, Diff: 2.6, Sum: 5.2]
         [Processed Buffers: Min: 0, Avg: 8.8, Max: 22, Diff: 22, Sum: 35]
      [Scan RS (ms): Min: 0.1, Avg: 4.3, Max: 11.4, Diff: 11.3, Sum: 17.3]
      [Code Root Scanning (ms): Min: 0.0, Avg: 0.0, Max: 0.0, Diff: 0.0, Sum: 0.0]
      [Object Copy (ms): Min: 9.8, Avg: 16.3, Max: 20.8, Diff: 11.1, Sum: 65.1]
      [Termination (ms): Min: 0.0, Avg: 4.7, Max: 6.5, Diff: 6.4, Sum: 18.8]
         [Termination Attempts: Min: 1, Avg: 1.0, Max: 1, Diff: 0, Sum: 4]
      [GC Worker Other (ms): Min: 0.0, Avg: 0.0, Max: 0.0, Diff: 0.0, Sum: 0.1]
      [GC Worker Total (ms): Min: 21.0, Avg: 27.1, Max: 30.7, Diff: 9.7, Sum: 108.5]
      [GC Worker End (ms): Min: 1648402.6, Avg: 1648402.7, Max: 1648402.7, Diff: 0.1]
   [Code Root Fixup: 0.0 ms]
   [Code Root Purge: 0.0 ms]
   [Clear CT: 0.1 ms]
   [Other: 1.1 ms]
      [Choose CSet: 0.0 ms]
      [Ref Proc: 0.9 ms]
      [Ref Enq: 0.0 ms]
      [Redirty Cards: 0.0 ms]
      [Humongous Register: 0.0 ms]
      [Humongous Reclaim: 0.0 ms]
      [Free CSet: 0.0 ms]
   [Eden: 6144.0K(6144.0K)->0.0B(10240.0K) Survivors: 6144.0K->2048.0K Heap: 164.9M(256.0M)->156.7M(256.0M)]
 [Times: user=0.06 sys=0.00, real=0.03 secs] 
2020-11-05T00:55:04.313-0800: 1664.020: [GC pause (G1 Evacuation Pause) (mixed), 0.0139382 secs]
   [Parallel Time: 12.7 ms, GC Workers: 4]
      [GC Worker Start (ms): Min: 1664019.7, Avg: 1664019.8, Max: 1664019.8, Diff: 0.1]
      [Ext Root Scanning (ms): Min: 0.3, Avg: 0.5, Max: 0.8, Diff: 0.4, Sum: 1.9]
      [Update RS (ms): Min: 2.3, Avg: 3.2, Max: 5.1, Diff: 2.8, Sum: 12.6]
         [Processed Buffers: Min: 0, Avg: 11.2, Max: 17, Diff: 17, Sum: 45]
      [Scan RS (ms): Min: 1.2, Avg: 3.7, Max: 7.3, Diff: 6.1, Sum: 14.9]
      [Code Root Scanning (ms): Min: 0.0, Avg: 0.0, Max: 0.0, Diff: 0.0, Sum: 0.0]
      [Object Copy (ms): Min: 1.9, Avg: 4.8, Max: 6.1, Diff: 4.3, Sum: 19.1]
      [Termination (ms): Min: 0.0, Avg: 0.4, Max: 0.7, Diff: 0.7, Sum: 1.7]
         [Termination Attempts: Min: 1, Avg: 1.0, Max: 1, Diff: 0, Sum: 4]
      [GC Worker Other (ms): Min: 0.0, Avg: 0.0, Max: 0.0, Diff: 0.0, Sum: 0.1]
      [GC Worker Total (ms): Min: 12.5, Avg: 12.6, Max: 12.6, Diff: 0.1, Sum: 50.3]
      [GC Worker End (ms): Min: 1664032.3, Avg: 1664032.4, Max: 1664032.4, Diff: 0.1]
   [Code Root Fixup: 0.0 ms]
   [Code Root Purge: 0.0 ms]
   [Clear CT: 0.1 ms]
   [Other: 1.2 ms]
      [Choose CSet: 0.0 ms]
      [Ref Proc: 0.9 ms]
      [Ref Enq: 0.0 ms]
      [Redirty Cards: 0.1 ms]
      [Humongous Register: 0.0 ms]
      [Humongous Reclaim: 0.0 ms]
      [Free CSet: 0.1 ms]
   [Eden: 10240.0K(10240.0K)->0.0B(10240.0K) Survivors: 2048.0K->2048.0K Heap: 166.7M(256.0M)->157.5M(256.0M)]
 [Times: user=0.04 sys=0.00, real=0.01 secs] 
2020-11-05T00:55:20.018-0800: 1679.725: [GC pause (G1 Evacuation Pause) (young), 0.0304240 secs]
   [Parallel Time: 24.6 ms, GC Workers: 4]
      [GC Worker Start (ms): Min: 1679724.8, Avg: 1679724.9, Max: 1679725.3, Diff: 0.6]
      [Ext Root Scanning (ms): Min: 0.0, Avg: 0.4, Max: 0.6, Diff: 0.6, Sum: 1.6]
      [Update RS (ms): Min: 0.1, Avg: 2.8, Max: 5.6, Diff: 5.5, Sum: 11.0]
         [Processed Buffers: Min: 5, Avg: 8.8, Max: 12, Diff: 7, Sum: 35]
      [Scan RS (ms): Min: 0.0, Avg: 0.8, Max: 1.1, Diff: 1.1, Sum: 3.3]
      [Code Root Scanning (ms): Min: 0.0, Avg: 0.0, Max: 0.0, Diff: 0.0, Sum: 0.0]
      [Object Copy (ms): Min: 10.1, Avg: 13.6, Max: 16.9, Diff: 6.8, Sum: 54.4]
      [Termination (ms): Min: 0.0, Avg: 4.4, Max: 8.2, Diff: 8.2, Sum: 17.5]
         [Termination Attempts: Min: 1, Avg: 1.8, Max: 3, Diff: 2, Sum: 7]
      [GC Worker Other (ms): Min: 0.0, Avg: 0.0, Max: 0.0, Diff: 0.0, Sum: 0.1]
      [GC Worker Total (ms): Min: 19.7, Avg: 22.0, Max: 24.5, Diff: 4.8, Sum: 87.8]
      [GC Worker End (ms): Min: 1679744.5, Avg: 1679746.9, Max: 1679749.3, Diff: 4.8]
   [Code Root Fixup: 0.0 ms]
   [Code Root Purge: 0.0 ms]
   [Clear CT: 0.0 ms]
   [Other: 5.8 ms]
      [Choose CSet: 0.0 ms]
      [Ref Proc: 5.4 ms]
      [Ref Enq: 0.0 ms]
      [Redirty Cards: 0.1 ms]
      [Humongous Register: 0.0 ms]
      [Humongous Reclaim: 0.0 ms]
      [Free CSet: 0.0 ms]
   [Eden: 10240.0K(10240.0K)->0.0B(10240.0K) Survivors: 2048.0K->2048.0K Heap: 167.5M(256.0M)->158.9M(256.0M)]
 [Times: user=0.03 sys=0.00, real=0.03 secs] 
2020-11-05T00:55:35.885-0800: 1695.592: [GC pause (G1 Evacuation Pause) (young) (initial-mark), 0.0066774 secs]
   [Parallel Time: 5.1 ms, GC Workers: 4]
      [GC Worker Start (ms): Min: 1695591.7, Avg: 1695591.7, Max: 1695591.8, Diff: 0.0]
      [Ext Root Scanning (ms): Min: 0.7, Avg: 0.7, Max: 0.8, Diff: 0.1, Sum: 2.9]
      [Update RS (ms): Min: 1.6, Avg: 1.7, Max: 1.8, Diff: 0.2, Sum: 6.7]
         [Processed Buffers: Min: 3, Avg: 8.8, Max: 15, Diff: 12, Sum: 35]
      [Scan RS (ms): Min: 0.9, Avg: 1.0, Max: 1.1, Diff: 0.2, Sum: 4.1]
      [Code Root Scanning (ms): Min: 0.0, Avg: 0.0, Max: 0.0, Diff: 0.0, Sum: 0.0]
      [Object Copy (ms): Min: 1.5, Avg: 1.6, Max: 1.6, Diff: 0.1, Sum: 6.3]
      [Termination (ms): Min: 0.0, Avg: 0.0, Max: 0.0, Diff: 0.0, Sum: 0.0]
         [Termination Attempts: Min: 1, Avg: 1.0, Max: 1, Diff: 0, Sum: 4]
      [GC Worker Other (ms): Min: 0.0, Avg: 0.0, Max: 0.0, Diff: 0.0, Sum: 0.0]
      [GC Worker Total (ms): Min: 5.0, Avg: 5.0, Max: 5.0, Diff: 0.0, Sum: 20.0]
      [GC Worker End (ms): Min: 1695596.7, Avg: 1695596.7, Max: 1695596.7, Diff: 0.0]
   [Code Root Fixup: 0.0 ms]
   [Code Root Purge: 0.0 ms]
   [Clear CT: 0.1 ms]
   [Other: 1.5 ms]
      [Choose CSet: 0.0 ms]
      [Ref Proc: 1.3 ms]
      [Ref Enq: 0.0 ms]
      [Redirty Cards: 0.1 ms]
      [Humongous Register: 0.0 ms]
      [Humongous Reclaim: 0.0 ms]
      [Free CSet: 0.0 ms]
   [Eden: 10240.0K(10240.0K)->0.0B(26624.0K) Survivors: 2048.0K->2048.0K Heap: 168.9M(256.0M)->158.3M(256.0M)]
 [Times: user=0.02 sys=0.01, real=0.01 secs] 
2020-11-05T00:55:35.896-0800: 1695.603: [GC concurrent-root-region-scan-start]
2020-11-05T00:55:35.912-0800: 1695.618: [GC concurrent-root-region-scan-end, 0.0156595 secs]
2020-11-05T00:55:35.912-0800: 1695.618: [GC concurrent-mark-start]
2020-11-05T00:55:36.013-0800: 1695.720: [GC concurrent-mark-end, 0.1017820 secs]
2020-11-05T00:55:36.014-0800: 1695.720: [GC remark 2020-11-05T00:55:36.014-0800: 1695.721: [Finalize Marking, 0.0018571 secs] 2020-11-05T00:55:36.016-0800: 1695.723: [GC ref-proc, 0.0003661 secs] 2020-11-05T00:55:36.016-0800: 1695.723: [Unloading, 0.0104891 secs], 0.0153426 secs]
 [Times: user=0.02 sys=0.00, real=0.01 secs] 
2020-11-05T00:55:36.029-0800: 1695.736: [GC cleanup 158M->158M(256M), 0.0010958 secs]
 [Times: user=0.00 sys=0.00, real=0.00 secs] 
2020-11-05T00:56:16.686-0800: 1736.392: [GC pause (G1 Evacuation Pause) (young), 0.0298063 secs]
   [Parallel Time: 26.1 ms, GC Workers: 4]
      [GC Worker Start (ms): Min: 1736392.7, Avg: 1736394.0, Max: 1736397.0, Diff: 4.3]
      [Ext Root Scanning (ms): Min: 0.0, Avg: 0.5, Max: 1.1, Diff: 1.1, Sum: 2.1]
      [Update RS (ms): Min: 0.0, Avg: 5.3, Max: 13.9, Diff: 13.9, Sum: 21.2]
         [Processed Buffers: Min: 0, Avg: 10.2, Max: 32, Diff: 32, Sum: 41]
      [Scan RS (ms): Min: 0.0, Avg: 5.5, Max: 12.1, Diff: 12.1, Sum: 21.9]
      [Code Root Scanning (ms): Min: 0.0, Avg: 0.0, Max: 0.0, Diff: 0.0, Sum: 0.0]
      [Object Copy (ms): Min: 1.8, Avg: 10.2, Max: 21.6, Diff: 19.8, Sum: 40.6]
      [Termination (ms): Min: 0.0, Avg: 3.1, Max: 5.6, Diff: 5.6, Sum: 12.5]
         [Termination Attempts: Min: 1, Avg: 1.0, Max: 1, Diff: 0, Sum: 4]
      [GC Worker Other (ms): Min: 0.0, Avg: 0.1, Max: 0.3, Diff: 0.3, Sum: 0.3]
      [GC Worker Total (ms): Min: 21.6, Avg: 24.6, Max: 26.0, Diff: 4.5, Sum: 98.6]
      [GC Worker End (ms): Min: 1736418.6, Avg: 1736418.6, Max: 1736418.7, Diff: 0.1]
   [Code Root Fixup: 0.0 ms]
   [Code Root Purge: 0.0 ms]
   [Clear CT: 0.1 ms]
   [Other: 3.7 ms]
      [Choose CSet: 0.0 ms]
      [Ref Proc: 3.3 ms]
      [Ref Enq: 0.0 ms]
      [Redirty Cards: 0.0 ms]
      [Humongous Register: 0.0 ms]
      [Humongous Reclaim: 0.0 ms]
      [Free CSet: 0.0 ms]
   [Eden: 26624.0K(26624.0K)->0.0B(9216.0K) Survivors: 2048.0K->3072.0K Heap: 184.3M(256.0M)->159.8M(256.0M)]
 [Times: user=0.04 sys=0.00, real=0.03 secs] 
2020-11-05T00:56:30.916-0800: 1750.622: [GC pause (G1 Evacuation Pause) (mixed), 0.0220284 secs]
   [Parallel Time: 20.1 ms, GC Workers: 4]
      [GC Worker Start (ms): Min: 1750622.6, Avg: 1750623.7, Max: 1750624.9, Diff: 2.3]
      [Ext Root Scanning (ms): Min: 0.0, Avg: 0.4, Max: 0.8, Diff: 0.8, Sum: 1.5]
      [Update RS (ms): Min: 0.1, Avg: 2.5, Max: 8.1, Diff: 8.0, Sum: 9.8]
         [Processed Buffers: Min: 4, Avg: 8.2, Max: 19, Diff: 15, Sum: 33]
      [Scan RS (ms): Min: 0.0, Avg: 1.0, Max: 1.5, Diff: 1.5, Sum: 4.0]
      [Code Root Scanning (ms): Min: 0.0, Avg: 0.0, Max: 0.0, Diff: 0.0, Sum: 0.0]
      [Object Copy (ms): Min: 6.2, Avg: 10.1, Max: 12.3, Diff: 6.2, Sum: 40.4]
      [Termination (ms): Min: 0.0, Avg: 2.0, Max: 5.1, Diff: 5.1, Sum: 8.2]
         [Termination Attempts: Min: 1, Avg: 1.0, Max: 1, Diff: 0, Sum: 4]
      [GC Worker Other (ms): Min: 0.0, Avg: 0.0, Max: 0.0, Diff: 0.0, Sum: 0.1]
      [GC Worker Total (ms): Min: 13.8, Avg: 16.0, Max: 17.4, Diff: 3.6, Sum: 63.9]
      [GC Worker End (ms): Min: 1750638.7, Avg: 1750639.7, Max: 1750642.3, Diff: 3.6]
   [Code Root Fixup: 0.0 ms]
   [Code Root Purge: 0.0 ms]
   [Clear CT: 0.1 ms]
   [Other: 1.9 ms]
      [Choose CSet: 0.0 ms]
      [Ref Proc: 1.4 ms]
      [Ref Enq: 0.0 ms]
      [Redirty Cards: 0.1 ms]
      [Humongous Register: 0.0 ms]
      [Humongous Reclaim: 0.0 ms]
      [Free CSet: 0.1 ms]
   [Eden: 9216.0K(9216.0K)->0.0B(10240.0K) Survivors: 3072.0K->2048.0K Heap: 168.8M(256.0M)->157.5M(256.0M)]
 [Times: user=0.03 sys=0.01, real=0.02 secs] 
2020-11-05T00:56:39.953-0800: 1759.660: [GC pause (G1 Evacuation Pause) (mixed), 0.0241029 secs]
   [Parallel Time: 18.3 ms, GC Workers: 4]
      [GC Worker Start (ms): Min: 1759660.1, Avg: 1759661.1, Max: 1759662.5, Diff: 2.4]
      [Ext Root Scanning (ms): Min: 0.0, Avg: 0.6, Max: 1.4, Diff: 1.4, Sum: 2.3]
      [Update RS (ms): Min: 0.0, Avg: 1.8, Max: 5.4, Diff: 5.4, Sum: 7.4]
         [Processed Buffers: Min: 2, Avg: 6.5, Max: 12, Diff: 10, Sum: 26]
      [Scan RS (ms): Min: 0.0, Avg: 2.5, Max: 3.4, Diff: 3.4, Sum: 10.2]
      [Code Root Scanning (ms): Min: 0.0, Avg: 0.0, Max: 0.0, Diff: 0.0, Sum: 0.1]
      [Object Copy (ms): Min: 3.2, Avg: 5.4, Max: 9.4, Diff: 6.2, Sum: 21.7]
      [Termination (ms): Min: 0.0, Avg: 4.4, Max: 8.2, Diff: 8.2, Sum: 17.7]
         [Termination Attempts: Min: 1, Avg: 2.0, Max: 4, Diff: 3, Sum: 8]
      [GC Worker Other (ms): Min: 0.0, Avg: 0.0, Max: 0.0, Diff: 0.0, Sum: 0.1]
      [GC Worker Total (ms): Min: 12.7, Avg: 14.8, Max: 17.2, Diff: 4.5, Sum: 59.3]
      [GC Worker End (ms): Min: 1759675.2, Avg: 1759676.0, Max: 1759678.2, Diff: 3.0]
   [Code Root Fixup: 0.0 ms]
   [Code Root Purge: 0.0 ms]
   [Clear CT: 0.1 ms]
   [Other: 5.8 ms]
      [Choose CSet: 0.0 ms]
      [Ref Proc: 5.5 ms]
      [Ref Enq: 0.0 ms]
      [Redirty Cards: 0.1 ms]
      [Humongous Register: 0.0 ms]
      [Humongous Reclaim: 0.0 ms]
      [Free CSet: 0.0 ms]
   [Eden: 10240.0K(10240.0K)->0.0B(10240.0K) Survivors: 2048.0K->2048.0K Heap: 167.5M(256.0M)->155.3M(256.0M)]
 [Times: user=0.03 sys=0.00, real=0.02 secs] 
Heap
 garbage-first heap   total 262144K, used 166223K [0x00000000f0000000, 0x00000000f0100800, 0x0000000100000000)
  region size 1024K, 10 young (10240K), 2 survivors (2048K)
 Metaspace       used 30250K, capacity 30490K, committed 30976K, reserved 1075200K
  class space    used 4155K, capacity 4233K, committed 4352K, reserved 1048576K
